Archive member included to satisfy reference by file (symbol)

libFreeRTOS.a(queue.c.obj)    CMakeFiles/main.dir/main.c.obj (xQueueGenericCreate)
libFreeRTOS.a(tasks.c.obj)    CMakeFiles/main.dir/main.c.obj (xTaskCreate)
libFreeRTOS.a(timers.c.obj)   libFreeRTOS.a(tasks.c.obj) (xTimerCreateTimerTask)
libFreeRTOS.a(port.c.obj)     libFreeRTOS.a(tasks.c.obj) (pxPortInitialiseStack)
libFreeRTOS.a(heap_4.c.obj)   libFreeRTOS.a(queue.c.obj) (pvPortMalloc)
libFreeRTOS.a(list.c.obj)     libFreeRTOS.a(queue.c.obj) (vListInitialise)
c:/progra~2/gnuarm~1/102020~1/bin/../lib/gcc/arm-none-eabi/10.2.1/thumb/v6-m/nofp\libgcc.a(_dvmd_tls.o)
                              CMakeFiles/main.dir/C_/Users/JoseCarlos/Desktop/Sistema/pico-sdk/src/rp2_common/pico_divider/divider.S.obj (__aeabi_idiv0)
c:/progra~2/gnuarm~1/102020~1/bin/../lib/gcc/arm-none-eabi/10.2.1/../../../../arm-none-eabi/lib/thumb/v6-m/nofp\libg.a(lib_a-atoi.o)
                              CMakeFiles/main.dir/main.c.obj (atoi)
c:/progra~2/gnuarm~1/102020~1/bin/../lib/gcc/arm-none-eabi/10.2.1/../../../../arm-none-eabi/lib/thumb/v6-m/nofp\libg.a(lib_a-calloc.o)
                              CMakeFiles/main.dir/C_/Users/JoseCarlos/Desktop/Sistema/pico-sdk/src/rp2_common/pico_malloc/pico_malloc.c.obj (calloc)
c:/progra~2/gnuarm~1/102020~1/bin/../lib/gcc/arm-none-eabi/10.2.1/../../../../arm-none-eabi/lib/thumb/v6-m/nofp\libg.a(lib_a-callocr.o)
                              c:/progra~2/gnuarm~1/102020~1/bin/../lib/gcc/arm-none-eabi/10.2.1/../../../../arm-none-eabi/lib/thumb/v6-m/nofp\libg.a(lib_a-calloc.o) (_calloc_r)
c:/progra~2/gnuarm~1/102020~1/bin/../lib/gcc/arm-none-eabi/10.2.1/../../../../arm-none-eabi/lib/thumb/v6-m/nofp\libg.a(lib_a-impure.o)
                              c:/progra~2/gnuarm~1/102020~1/bin/../lib/gcc/arm-none-eabi/10.2.1/../../../../arm-none-eabi/lib/thumb/v6-m/nofp\libg.a(lib_a-calloc.o) (_impure_ptr)
c:/progra~2/gnuarm~1/102020~1/bin/../lib/gcc/arm-none-eabi/10.2.1/../../../../arm-none-eabi/lib/thumb/v6-m/nofp\libg.a(lib_a-init.o)
                              c:/progra~2/gnuarm~1/102020~1/bin/../lib/gcc/arm-none-eabi/10.2.1/../../../../arm-none-eabi/lib/thumb/v6-m/nofp/crt0.o (__libc_init_array)
c:/progra~2/gnuarm~1/102020~1/bin/../lib/gcc/arm-none-eabi/10.2.1/../../../../arm-none-eabi/lib/thumb/v6-m/nofp\libg.a(lib_a-malloc.o)
                              CMakeFiles/main.dir/C_/Users/JoseCarlos/Desktop/Sistema/pico-sdk/src/rp2_common/pico_malloc/pico_malloc.c.obj (malloc)
c:/progra~2/gnuarm~1/102020~1/bin/../lib/gcc/arm-none-eabi/10.2.1/../../../../arm-none-eabi/lib/thumb/v6-m/nofp\libg.a(lib_a-mallocr.o)
                              c:/progra~2/gnuarm~1/102020~1/bin/../lib/gcc/arm-none-eabi/10.2.1/../../../../arm-none-eabi/lib/thumb/v6-m/nofp\libg.a(lib_a-callocr.o) (_malloc_r)
c:/progra~2/gnuarm~1/102020~1/bin/../lib/gcc/arm-none-eabi/10.2.1/../../../../arm-none-eabi/lib/thumb/v6-m/nofp\libg.a(lib_a-mlock.o)
                              c:/progra~2/gnuarm~1/102020~1/bin/../lib/gcc/arm-none-eabi/10.2.1/../../../../arm-none-eabi/lib/thumb/v6-m/nofp\libg.a(lib_a-mallocr.o) (__malloc_lock)
c:/progra~2/gnuarm~1/102020~1/bin/../lib/gcc/arm-none-eabi/10.2.1/../../../../arm-none-eabi/lib/thumb/v6-m/nofp\libg.a(lib_a-sbrkr.o)
                              c:/progra~2/gnuarm~1/102020~1/bin/../lib/gcc/arm-none-eabi/10.2.1/../../../../arm-none-eabi/lib/thumb/v6-m/nofp\libg.a(lib_a-mallocr.o) (_sbrk_r)
c:/progra~2/gnuarm~1/102020~1/bin/../lib/gcc/arm-none-eabi/10.2.1/../../../../arm-none-eabi/lib/thumb/v6-m/nofp\libg.a(lib_a-strcpy.o)
                              CMakeFiles/main.dir/main.c.obj (strcpy)
c:/progra~2/gnuarm~1/102020~1/bin/../lib/gcc/arm-none-eabi/10.2.1/../../../../arm-none-eabi/lib/thumb/v6-m/nofp\libg.a(lib_a-strlen-stub.o)
                              CMakeFiles/main.dir/main.c.obj (strlen)
c:/progra~2/gnuarm~1/102020~1/bin/../lib/gcc/arm-none-eabi/10.2.1/../../../../arm-none-eabi/lib/thumb/v6-m/nofp\libg.a(lib_a-strtok.o)
                              CMakeFiles/main.dir/main.c.obj (strtok)
c:/progra~2/gnuarm~1/102020~1/bin/../lib/gcc/arm-none-eabi/10.2.1/../../../../arm-none-eabi/lib/thumb/v6-m/nofp\libg.a(lib_a-strtok_r.o)
                              c:/progra~2/gnuarm~1/102020~1/bin/../lib/gcc/arm-none-eabi/10.2.1/../../../../arm-none-eabi/lib/thumb/v6-m/nofp\libg.a(lib_a-strtok.o) (__strtok_r)
c:/progra~2/gnuarm~1/102020~1/bin/../lib/gcc/arm-none-eabi/10.2.1/../../../../arm-none-eabi/lib/thumb/v6-m/nofp\libg.a(lib_a-strtol.o)
                              c:/progra~2/gnuarm~1/102020~1/bin/../lib/gcc/arm-none-eabi/10.2.1/../../../../arm-none-eabi/lib/thumb/v6-m/nofp\libg.a(lib_a-atoi.o) (_strtol_r)
c:/progra~2/gnuarm~1/102020~1/bin/../lib/gcc/arm-none-eabi/10.2.1/../../../../arm-none-eabi/lib/thumb/v6-m/nofp\libg.a(lib_a-ctype_.o)
                              c:/progra~2/gnuarm~1/102020~1/bin/../lib/gcc/arm-none-eabi/10.2.1/../../../../arm-none-eabi/lib/thumb/v6-m/nofp\libg.a(lib_a-strtol.o) (_ctype_)
[...]
Memory Configuration

Name             Origin             Length             Attributes
FLASH            0x10000000         0x00200000         xr
RAM              0x20000000         0x00040000         xrw
SCRATCH_X        0x20040000         0x00001000         xrw
SCRATCH_Y        0x20041000         0x00001000         xrw
*default*        0x00000000         0xffffffff

Linker script and memory map

LOAD c:/progra~2/gnuarm~1/102020~1/bin/../lib/gcc/arm-none-eabi/10.2.1/thumb/v6-m/nofp/crti.o
LOAD c:/progra~2/gnuarm~1/102020~1/bin/../lib/gcc/arm-none-eabi/10.2.1/thumb/v6-m/nofp/crtbegin.o
LOAD c:/progra~2/gnuarm~1/102020~1/bin/../lib/gcc/arm-none-eabi/10.2.1/../../../../arm-none-eabi/lib/thumb/v6-m/nofp/crt0.o

.flash_begin    0x10000000        0x0
                0x10000000                __flash_binary_start = .

.boot2          0x10000000      0x100
                0x10000000                __boot2_start__ = .
 *(.boot2)
 .boot2         0x10000000      0x100 C:\Users\JOSECA~1\AppData\Local\Temp\ccabMWUe.o
                0x10000100                __boot2_end__ = .
                0x00000001                ASSERT (((__boot2_end__ - __boot2_start__) == 0x100), ERROR: Pico second stage bootloader must be 256 bytes in size)

.text           0x10000100     0x8918
                0x10000100                __logical_binary_start = .
 *(.vectors)
 .vectors       0x10000100       0xd4 CMakeFiles/main.dir/C_/Users/JoseCarlos/Desktop/Sistema/pico-sdk/src/rp2_common/pico_standard_link/crt0.S.obj
                0x10000100                __vectors
                0x100001c0                isr_invalid
                0x100001c2                isr_nmi
                0x100001c4                isr_hardfault
                0x100001cc                isr_irq5
                0x100001cc                isr_irq11
                0x100001cc                isr_irq31
                0x100001cc                isr_irq27
                0x100001cc                __unhandled_user_irq
                0x100001cc                isr_irq18
                0x100001cc                isr_irq13
                0x100001cc                isr_irq28
                0x100001cc                isr_irq19
                0x100001cc                isr_irq0
                0x100001cc                isr_irq6
                0x100001cc                isr_irq23
                0x100001cc                isr_irq12
                0x100001cc                isr_irq22
                0x100001cc                isr_irq30
                0x100001cc                isr_irq17
                0x100001cc                isr_irq14
                0x100001cc                isr_irq2
                0x100001cc                isr_irq10
                0x100001cc                isr_irq8
                0x100001cc                isr_irq24
                0x100001cc                isr_irq1
                0x100001cc                isr_irq7
                0x100001cc                isr_irq21
                0x100001cc                isr_irq20
                0x100001cc                isr_irq15
                0x100001cc                isr_irq25
                0x100001cc                isr_irq4
                0x100001cc                isr_irq16
                0x100001cc                isr_irq29
                0x100001cc                isr_irq26
                0x100001cc                isr_irq3
                0x100001cc                isr_irq9
                0x100001d2                unhandled_user_irq_num_in_r0
 *(.binary_info_header)
 .binary_info_header
                0x100001d4       0x14 CMakeFiles/main.dir/C_/Users/JoseCarlos/Desktop/Sistema/pico-sdk/src/rp2_common/pico_standard_link/crt0.S.obj
                0x100001e8                __binary_info_header_end = .
 *(.reset)
 .reset         0x100001e8       0xa8 CMakeFiles/main.dir/C_/Users/JoseCarlos/Desktop/Sistema/pico-sdk/src/rp2_common/pico_standard_link/crt0.S.obj
                0x100001e8                _entry_point
                0x10000266                __get_current_exception
 .reset         0x10000290       0x30 CMakeFiles/main.dir/C_/Users/JoseCarlos/Desktop/Sistema/pico-sdk/src/rp2_common/pico_standard_link/binary_info.c.obj
 *(.init)
 .init          0x100002c0        0x4 c:/progra~2/gnuarm~1/102020~1/bin/../lib/gcc/arm-none-eabi/10.2.1/thumb/v6-m/nofp/crti.o
                0x100002c0                _init
 *(EXCLUDE_FILE(*libm.a: *libc.a:*lib_a-mem*.o *libgcc.a:) .text*)
 .text          0x100002c4       0x48 c:/progra~2/gnuarm~1/102020~1/bin/../lib/gcc/arm-none-eabi/10.2.1/thumb/v6-m/nofp/crtbegin.o
 .text.set_opa  0x1000030c       0x1c CMakeFiles/main.dir/main.c.obj
                0x1000030c                set_opa
 .text.i2c_check_response
                0x10000328       0x7c CMakeFiles/main.dir/main.c.obj
                0x10000328                i2c_check_response
 .text.enable_opa
                0x100003a4       0x1c CMakeFiles/main.dir/main.c.obj
                0x100003a4                enable_opa
 .text.set_rele
                0x100003c0       0x36 CMakeFiles/main.dir/main.c.obj
                0x100003c0                set_rele
 .text.init_digital_outputs
                0x100003f6       0x38 CMakeFiles/main.dir/main.c.obj
                0x100003f6                init_digital_outputs
 *fill*         0x1000042e        0x2 
 .text.init_serial
                0x10000430       0x58 CMakeFiles/main.dir/main.c.obj
                0x10000430                init_serial
 .text.transmit_serial
                0x10000488       0xd4 CMakeFiles/main.dir/main.c.obj
                0x10000488                transmit_serial
 .text.comprobe_connection_task
                0x1000055c       0x48 CMakeFiles/main.dir/main.c.obj
                0x1000055c                comprobe_connection_task
 .text.read_instruct
                0x100005a4       0x9c CMakeFiles/main.dir/main.c.obj
                0x100005a4                read_instruct
 .text.serial_receive_task
                0x10000640       0xf0 CMakeFiles/main.dir/main.c.obj
                0x10000640                serial_receive_task
 .text.transmit_adc_values
                0x10000730      0x294 CMakeFiles/main.dir/main.c.obj
                0x10000730                transmit_adc_values
 .text.init_i2c_bus
                0x100009c4       0x24 CMakeFiles/main.dir/main.c.obj
                0x100009c4                init_i2c_bus
 .text.init_adc
                0x100009e8       0x80 CMakeFiles/main.dir/main.c.obj
                0x100009e8                init_adc
 .text.set_dac_value
                0x10000a68       0x24 CMakeFiles/main.dir/main.c.obj
                0x10000a68                set_dac_value
 .text.start_probe
                0x10000a8c       0xac CMakeFiles/main.dir/main.c.obj
                0x10000a8c                start_probe
 .text.init_dac
                0x10000b38       0x14 CMakeFiles/main.dir/main.c.obj
                0x10000b38                init_dac
 .text.timer2Callback
                0x10000b4c       0xec CMakeFiles/main.dir/main.c.obj
                0x10000b4c                timer2Callback
 .text.generate_ramp
                0x10000c38       0xa4 CMakeFiles/main.dir/main.c.obj
                0x10000c38                generate_ramp
 .text.set_dig_pot
                0x10000cdc       0x28 CMakeFiles/main.dir/main.c.obj
                0x10000cdc                set_dig_pot
 .text.init_dig_pot
                0x10000d04       0x60 CMakeFiles/main.dir/main.c.obj
                0x10000d04                init_dig_pot
 .text.timer1Callback
                0x10000d64       0xf8 CMakeFiles/main.dir/main.c.obj
                0x10000d64                timer1Callback
 .text.init_dma
                0x10000e5c       0x98 CMakeFiles/main.dir/main.c.obj
                0x10000e5c                init_dma
 .text.write_command_oled
                0x10000ef4       0x24 CMakeFiles/main.dir/main.c.obj
                0x10000ef4                write_command_oled
 .text.init_oled
                0x10000f18       0x70 CMakeFiles/main.dir/main.c.obj
                0x10000f18                init_oled
 .text.write_page_oled
                0x10000f88       0x5c CMakeFiles/main.dir/main.c.obj
                0x10000f88                write_page_oled
 .text.refresh_oled
                0x10000fe4       0x1e CMakeFiles/main.dir/main.c.obj
                0x10000fe4                refresh_oled
 *fill*         0x10001002        0x2 
 .text.draw_string_oled
                0x10001004       0xbc CMakeFiles/main.dir/main.c.obj
                0x10001004                draw_string_oled
 .text.draw_char_oled
                0x100010c0       0x98 CMakeFiles/main.dir/main.c.obj
                0x100010c0                draw_char_oled
 .text.debug    0x10001158      0x160 CMakeFiles/main.dir/main.c.obj
                0x10001158                debug
 .text.check_i2c_devices
                0x100012b8       0x38 CMakeFiles/main.dir/main.c.obj
                0x100012b8                check_i2c_devices
 .text.app_main_task
                0x100012f0      0x144 CMakeFiles/main.dir/main.c.obj
                0x100012f0                app_main_task
 .text.clear_oled
                0x10001434       0x34 CMakeFiles/main.dir/main.c.obj
                0x10001434                clear_oled
 .text.system_status_task
                0x10001468       0xc4 CMakeFiles/main.dir/main.c.obj
                0x10001468                system_status_task
 .text.reverse  0x1000152c       0x30 CMakeFiles/main.dir/main.c.obj
                0x1000152c                reverse
 .text.draw_bitmap_oled
                0x1000155c       0x6a CMakeFiles/main.dir/main.c.obj
                0x1000155c                draw_bitmap_oled
 *fill*         0x100015c6        0x2 
 .text.init_screen
                0x100015c8       0x7c CMakeFiles/main.dir/main.c.obj
                0x100015c8                init_screen
 .text.main     0x10001644      0x128 CMakeFiles/main.dir/main.c.obj
                0x10001644                main
 .text.set_sys_clock_pll
                0x1000176c       0x78 CMakeFiles/main.dir/C_/Users/JoseCarlos/Desktop/Sistema/pico-sdk/src/rp2_common/pico_stdlib/stdlib.c.obj
                0x1000176c                set_sys_clock_pll
 .text.check_sys_clock_khz
                0x100017e4       0xb0 CMakeFiles/main.dir/C_/Users/JoseCarlos/Desktop/Sistema/pico-sdk/src/rp2_common/pico_stdlib/stdlib.c.obj
                0x100017e4                check_sys_clock_khz
 .text.gpio_set_function
                0x10001894       0x30 CMakeFiles/main.dir/C_/Users/JoseCarlos/Desktop/Sistema/pico-sdk/src/rp2_common/hardware_gpio/gpio.c.obj
                0x10001894                gpio_set_function
 .text.gpio_set_pulls
                0x100018c4       0x34 CMakeFiles/main.dir/C_/Users/JoseCarlos/Desktop/Sistema/pico-sdk/src/rp2_common/hardware_gpio/gpio.c.obj
                0x100018c4                gpio_set_pulls
 .text.gpio_set_input_enabled
                0x100018f8       0x30 CMakeFiles/main.dir/C_/Users/JoseCarlos/Desktop/Sistema/pico-sdk/src/rp2_common/hardware_gpio/gpio.c.obj
                0x100018f8                gpio_set_input_enabled
 .text.gpio_init
                0x10001928       0x16 CMakeFiles/main.dir/C_/Users/JoseCarlos/Desktop/Sistema/pico-sdk/src/rp2_common/hardware_gpio/gpio.c.obj
                0x10001928                gpio_init
 *fill*         0x1000193e        0x2 
 .text.hw_claim_lock
                0x10001940       0x18 CMakeFiles/main.dir/C_/Users/JoseCarlos/Desktop/Sistema/pico-sdk/src/rp2_common/hardware_claim/claim.c.obj
                0x10001940                hw_claim_lock
 .text.hw_claim_unlock
                0x10001958       0x14 CMakeFiles/main.dir/C_/Users/JoseCarlos/Desktop/Sistema/pico-sdk/src/rp2_common/hardware_claim/claim.c.obj
                0x10001958                hw_claim_unlock
 .text.hw_claim_or_assert
                0x1000196c       0x36 CMakeFiles/main.dir/C_/Users/JoseCarlos/Desktop/Sistema/pico-sdk/src/rp2_common/hardware_claim/claim.c.obj
                0x1000196c                hw_claim_or_assert
 .text.hw_claim_unused_from_range
                0x100019a2       0x58 CMakeFiles/main.dir/C_/Users/JoseCarlos/Desktop/Sistema/pico-sdk/src/rp2_common/hardware_claim/claim.c.obj
                0x100019a2                hw_claim_unused_from_range
 *fill*         0x100019fa        0x2 
 .text.spin_locks_reset
                0x100019fc       0x20 CMakeFiles/main.dir/C_/Users/JoseCarlos/Desktop/Sistema/pico-sdk/src/rp2_common/hardware_sync/sync.c.obj
                0x100019fc                spin_locks_reset
 .text.next_striped_spin_lock_num
                0x10001a1c       0x1c CMakeFiles/main.dir/C_/Users/JoseCarlos/Desktop/Sistema/pico-sdk/src/rp2_common/hardware_sync/sync.c.obj
                0x10001a1c                next_striped_spin_lock_num
 .text.running_on_fpga
                0x10001a38       0x14 CMakeFiles/main.dir/C_/Users/JoseCarlos/Desktop/Sistema/pico-sdk/src/rp2_common/pico_platform/platform.c.obj
                0x10001a38                running_on_fpga
 .text.uart_set_baudrate
                0x10001a4c       0x64 CMakeFiles/main.dir/C_/Users/JoseCarlos/Desktop/Sistema/pico-sdk/src/rp2_common/hardware_uart/uart.c.obj
                0x10001a4c                uart_set_baudrate
 .text.uart_set_translate_crlf
                0x10001ab0       0x28 CMakeFiles/main.dir/C_/Users/JoseCarlos/Desktop/Sistema/pico-sdk/src/rp2_common/hardware_uart/uart.c.obj
                0x10001ab0                uart_set_translate_crlf
 .text.uart_init
                0x10001ad8       0x80 CMakeFiles/main.dir/C_/Users/JoseCarlos/Desktop/Sistema/pico-sdk/src/rp2_common/hardware_uart/uart.c.obj
                0x10001ad8                uart_init
 .text.sev_callback
                0x10001b58        0x8 CMakeFiles/main.dir/C_/Users/JoseCarlos/Desktop/Sistema/pico-sdk/src/common/pico_time/time.c.obj
 .text.repeating_timer_callback
                0x10001b60       0x40 CMakeFiles/main.dir/C_/Users/JoseCarlos/Desktop/Sistema/pico-sdk/src/common/pico_time/time.c.obj
 .text.alarm_pool_post_alloc_init
                0x10001ba0       0x40 CMakeFiles/main.dir/C_/Users/JoseCarlos/Desktop/Sistema/pico-sdk/src/common/pico_time/time.c.obj
 .text.timer_pool_entry_comparator
                0x10001be0       0x7c CMakeFiles/main.dir/C_/Users/JoseCarlos/Desktop/Sistema/pico-sdk/src/common/pico_time/time.c.obj
                0x10001be0                timer_pool_entry_comparator
 .text.ph_add_child_node
                0x10001c5c       0xa4 CMakeFiles/main.dir/C_/Users/JoseCarlos/Desktop/Sistema/pico-sdk/src/common/pico_time/time.c.obj
 .text.ph_merge_nodes
                0x10001d00       0x3e CMakeFiles/main.dir/C_/Users/JoseCarlos/Desktop/Sistema/pico-sdk/src/common/pico_time/time.c.obj
 *fill*         0x10001d3e        0x2 
 .text.add_alarm_under_lock
                0x10001d40      0x174 CMakeFiles/main.dir/C_/Users/JoseCarlos/Desktop/Sistema/pico-sdk/src/common/pico_time/time.c.obj
 .text.alarm_pool_alarm_callback
                0x10001eb4      0x328 CMakeFiles/main.dir/C_/Users/JoseCarlos/Desktop/Sistema/pico-sdk/src/common/pico_time/time.c.obj
 .text.alarm_pool_init_default
                0x100021dc       0x2c CMakeFiles/main.dir/C_/Users/JoseCarlos/Desktop/Sistema/pico-sdk/src/common/pico_time/time.c.obj
                0x100021dc                alarm_pool_init_default
 .text.alarm_pool_get_default
                0x10002208       0x2c CMakeFiles/main.dir/C_/Users/JoseCarlos/Desktop/Sistema/pico-sdk/src/common/pico_time/time.c.obj
                0x10002208                alarm_pool_get_default
 .text.alarm_pool_add_alarm_at
                0x10002234      0x170 CMakeFiles/main.dir/C_/Users/JoseCarlos/Desktop/Sistema/pico-sdk/src/common/pico_time/time.c.obj
                0x10002234                alarm_pool_add_alarm_at
 .text.alarm_pool_add_repeating_timer_us
                0x100023a4       0xa0 CMakeFiles/main.dir/C_/Users/JoseCarlos/Desktop/Sistema/pico-sdk/src/common/pico_time/time.c.obj
                0x100023a4                alarm_pool_add_repeating_timer_us
 .text.sleep_until
                0x10002444       0xd4 CMakeFiles/main.dir/C_/Users/JoseCarlos/Desktop/Sistema/pico-sdk/src/common/pico_time/time.c.obj
                0x10002444                sleep_until
 .text.sleep_us
                0x10002518       0x58 CMakeFiles/main.dir/C_/Users/JoseCarlos/Desktop/Sistema/pico-sdk/src/common/pico_time/time.c.obj
                0x10002518                sleep_us
 .text.sleep_ms
                0x10002570       0x14 CMakeFiles/main.dir/C_/Users/JoseCarlos/Desktop/Sistema/pico-sdk/src/common/pico_time/time.c.obj
                0x10002570                sleep_ms
 .text.check_single_timeout_us
                0x10002584       0x2c CMakeFiles/main.dir/C_/Users/JoseCarlos/Desktop/Sistema/pico-sdk/src/common/pico_time/timeout_helper.c.obj
 .text.init_single_timeout_until
                0x100025b0        0xc CMakeFiles/main.dir/C_/Users/JoseCarlos/Desktop/Sistema/pico-sdk/src/common/pico_time/timeout_helper.c.obj
                0x100025b0                init_single_timeout_until
 .text.hardware_alarm_irq_handler
                0x100025bc       0x8c CMakeFiles/main.dir/C_/Users/JoseCarlos/Desktop/Sistema/pico-sdk/src/rp2_common/hardware_timer/timer.c.obj
 .text.hardware_alarm_claim
                0x10002648       0x18 CMakeFiles/main.dir/C_/Users/JoseCarlos/Desktop/Sistema/pico-sdk/src/rp2_common/hardware_timer/timer.c.obj
                0x10002648                hardware_alarm_claim
 .text.time_us_64
                0x10002660       0x18 CMakeFiles/main.dir/C_/Users/JoseCarlos/Desktop/Sistema/pico-sdk/src/rp2_common/hardware_timer/timer.c.obj
                0x10002660                time_us_64
 .text.busy_wait_until
                0x10002678       0x28 CMakeFiles/main.dir/C_/Users/JoseCarlos/Desktop/Sistema/pico-sdk/src/rp2_common/hardware_timer/timer.c.obj
                0x10002678                busy_wait_until
 .text.hardware_alarm_set_callback
                0x100026a0       0x90 CMakeFiles/main.dir/C_/Users/JoseCarlos/Desktop/Sistema/pico-sdk/src/rp2_common/hardware_timer/timer.c.obj
                0x100026a0                hardware_alarm_set_callback
 .text.hardware_alarm_set_target
                0x10002730       0xe8 CMakeFiles/main.dir/C_/Users/JoseCarlos/Desktop/Sistema/pico-sdk/src/rp2_common/hardware_timer/timer.c.obj
                0x10002730                hardware_alarm_set_target
 .text.hardware_alarm_cancel
                0x10002818       0x40 CMakeFiles/main.dir/C_/Users/JoseCarlos/Desktop/Sistema/pico-sdk/src/rp2_common/hardware_timer/timer.c.obj
                0x10002818                hardware_alarm_cancel
 .text.lock_init
                0x10002858       0x10 CMakeFiles/main.dir/C_/Users/JoseCarlos/Desktop/Sistema/pico-sdk/src/common/pico_sync/lock_core.c.obj
                0x10002858                lock_init
 .text.mutex_init
                0x10002868       0x1a CMakeFiles/main.dir/C_/Users/JoseCarlos/Desktop/Sistema/pico-sdk/src/common/pico_sync/mutex.c.obj
                0x10002868                mutex_init
 *fill*         0x10002882        0x2 
 .text.ph_add_child_node
                0x10002884       0xa4 CMakeFiles/main.dir/C_/Users/JoseCarlos/Desktop/Sistema/pico-sdk/src/common/pico_util/pheap.c.obj
 .text.ph_merge_nodes
                0x10002928       0x3e CMakeFiles/main.dir/C_/Users/JoseCarlos/Desktop/Sistema/pico-sdk/src/common/pico_util/pheap.c.obj
 *fill*         0x10002966        0x2 
 .text.ph_clear
                0x10002968       0x70 CMakeFiles/main.dir/C_/Users/JoseCarlos/Desktop/Sistema/pico-sdk/src/common/pico_util/pheap.c.obj
                0x10002968                ph_clear
 .text.ph_post_alloc_init
                0x100029d8        0xe CMakeFiles/main.dir/C_/Users/JoseCarlos/Desktop/Sistema/pico-sdk/src/common/pico_util/pheap.c.obj
                0x100029d8                ph_post_alloc_init
 *fill*         0x100029e6        0x2 
 .text.ph_merge_two_pass
                0x100029e8       0xa8 CMakeFiles/main.dir/C_/Users/JoseCarlos/Desktop/Sistema/pico-sdk/src/common/pico_util/pheap.c.obj
                0x100029e8                ph_merge_two_pass
 .text.ph_remove_any_head
                0x10002a90      0x108 CMakeFiles/main.dir/C_/Users/JoseCarlos/Desktop/Sistema/pico-sdk/src/common/pico_util/pheap.c.obj
 .text.ph_remove_head
                0x10002b98       0x14 CMakeFiles/main.dir/C_/Users/JoseCarlos/Desktop/Sistema/pico-sdk/src/common/pico_util/pheap.c.obj
                0x10002b98                ph_remove_head
 .text.ph_remove_and_free_node
                0x10002bac       0xf8 CMakeFiles/main.dir/C_/Users/JoseCarlos/Desktop/Sistema/pico-sdk/src/common/pico_util/pheap.c.obj
                0x10002bac                ph_remove_and_free_node
 .text.runtime_init
                0x10002ca4       0xcc CMakeFiles/main.dir/C_/Users/JoseCarlos/Desktop/Sistema/pico-sdk/src/rp2_common/pico_runtime/runtime.c.obj
                0x10002ca4                runtime_init
 .text._exit    0x10002d70        0x4 CMakeFiles/main.dir/C_/Users/JoseCarlos/Desktop/Sistema/pico-sdk/src/rp2_common/pico_runtime/runtime.c.obj
                0x10002d70                _exit
 .text.exit     0x10002d74        0x6 CMakeFiles/main.dir/C_/Users/JoseCarlos/Desktop/Sistema/pico-sdk/src/rp2_common/pico_runtime/runtime.c.obj
                0x10002d74                exit
 *fill*         0x10002d7a        0x2 
 .text.__assert_func
                0x10002d7c       0x3c CMakeFiles/main.dir/C_/Users/JoseCarlos/Desktop/Sistema/pico-sdk/src/rp2_common/pico_runtime/runtime.c.obj
                0x10002d7c                __assert_func
 .text.panic    0x10002db8       0x30 CMakeFiles/main.dir/C_/Users/JoseCarlos/Desktop/Sistema/pico-sdk/src/rp2_common/pico_runtime/runtime.c.obj
                0x10002db8                panic
 .text.clock_configure
                0x10002de8       0xe8 CMakeFiles/main.dir/C_/Users/JoseCarlos/Desktop/Sistema/pico-sdk/src/rp2_common/hardware_clocks/clocks.c.obj
                0x10002de8                clock_configure
 .text.clocks_init
                0x10002ed0      0x124 CMakeFiles/main.dir/C_/Users/JoseCarlos/Desktop/Sistema/pico-sdk/src/rp2_common/hardware_clocks/clocks.c.obj
                0x10002ed0                clocks_init
 .text.clock_get_hz
                0x10002ff4        0xc CMakeFiles/main.dir/C_/Users/JoseCarlos/Desktop/Sistema/pico-sdk/src/rp2_common/hardware_clocks/clocks.c.obj
                0x10002ff4                clock_get_hz
 .text.watchdog_start_tick
                0x10003000       0x10 CMakeFiles/main.dir/C_/Users/JoseCarlos/Desktop/Sistema/pico-sdk/src/rp2_common/hardware_watchdog/watchdog.c.obj
                0x10003000                watchdog_start_tick
 .text.xosc_init
                0x10003010       0x28 CMakeFiles/main.dir/C_/Users/JoseCarlos/Desktop/Sistema/pico-sdk/src/rp2_common/hardware_xosc/xosc.c.obj
                0x10003010                xosc_init
 .text.pll_init
                0x10003038       0xd0 CMakeFiles/main.dir/C_/Users/JoseCarlos/Desktop/Sistema/pico-sdk/src/rp2_common/hardware_pll/pll.c.obj
                0x10003038                pll_init
 .text.set_raw_irq_handler_and_unlock
                0x10003108       0x28 CMakeFiles/main.dir/C_/Users/JoseCarlos/Desktop/Sistema/pico-sdk/src/rp2_common/hardware_irq/irq.c.obj
 .text.make_branch
                0x10003130       0x34 CMakeFiles/main.dir/C_/Users/JoseCarlos/Desktop/Sistema/pico-sdk/src/rp2_common/hardware_irq/irq.c.obj
 .text.insert_branch_and_link
                0x10003164       0x40 CMakeFiles/main.dir/C_/Users/JoseCarlos/Desktop/Sistema/pico-sdk/src/rp2_common/hardware_irq/irq.c.obj
 .text.irq_is_enabled
                0x100031a4       0x18 CMakeFiles/main.dir/C_/Users/JoseCarlos/Desktop/Sistema/pico-sdk/src/rp2_common/hardware_irq/irq.c.obj
                0x100031a4                irq_is_enabled
 .text.irq_set_mask_enabled
                0x100031bc       0x20 CMakeFiles/main.dir/C_/Users/JoseCarlos/Desktop/Sistema/pico-sdk/src/rp2_common/hardware_irq/irq.c.obj
                0x100031bc                irq_set_mask_enabled
 .text.irq_set_enabled
                0x100031dc        0xe CMakeFiles/main.dir/C_/Users/JoseCarlos/Desktop/Sistema/pico-sdk/src/rp2_common/hardware_irq/irq.c.obj
                0x100031dc                irq_set_enabled
 *fill*         0x100031ea        0x2 
 .text.irq_get_vtable_handler
                0x100031ec       0x10 CMakeFiles/main.dir/C_/Users/JoseCarlos/Desktop/Sistema/pico-sdk/src/rp2_common/hardware_irq/irq.c.obj
                0x100031ec                irq_get_vtable_handler
 .text.irq_set_exclusive_handler
                0x100031fc       0x54 CMakeFiles/main.dir/C_/Users/JoseCarlos/Desktop/Sistema/pico-sdk/src/rp2_common/hardware_irq/irq.c.obj
                0x100031fc                irq_set_exclusive_handler
 .text.irq_remove_handler
                0x10003250      0x1ac CMakeFiles/main.dir/C_/Users/JoseCarlos/Desktop/Sistema/pico-sdk/src/rp2_common/hardware_irq/irq.c.obj
                0x10003250                irq_remove_handler
 .text.irq_set_priority
                0x100033fc       0x28 CMakeFiles/main.dir/C_/Users/JoseCarlos/Desktop/Sistema/pico-sdk/src/rp2_common/hardware_irq/irq.c.obj
                0x100033fc                irq_set_priority
 .text.irq_add_tail_to_free_list
                0x10003424       0xf0 CMakeFiles/main.dir/C_/Users/JoseCarlos/Desktop/Sistema/pico-sdk/src/rp2_common/hardware_irq/irq.c.obj
                0x10003424                irq_add_tail_to_free_list
 .text.irq_init_priorities
                0x10003514       0x16 CMakeFiles/main.dir/C_/Users/JoseCarlos/Desktop/Sistema/pico-sdk/src/rp2_common/hardware_irq/irq.c.obj
                0x10003514                irq_init_priorities
 .text._out_buffer
                0x1000352a        0x8 CMakeFiles/main.dir/C_/Users/JoseCarlos/Desktop/Sistema/pico-sdk/src/rp2_common/pico_printf/printf.c.obj
 .text._out_null
                0x10003532        0x2 CMakeFiles/main.dir/C_/Users/JoseCarlos/Desktop/Sistema/pico-sdk/src/rp2_common/pico_printf/printf.c.obj
 .text._out_fct
                0x10003534        0xe CMakeFiles/main.dir/C_/Users/JoseCarlos/Desktop/Sistema/pico-sdk/src/rp2_common/pico_printf/printf.c.obj
 .text._atoi    0x10003542       0x24 CMakeFiles/main.dir/C_/Users/JoseCarlos/Desktop/Sistema/pico-sdk/src/rp2_common/pico_printf/printf.c.obj
 .text._out_rev
                0x10003566       0xae CMakeFiles/main.dir/C_/Users/JoseCarlos/Desktop/Sistema/pico-sdk/src/rp2_common/pico_printf/printf.c.obj
 .text._ntoa_format
                0x10003614      0x112 CMakeFiles/main.dir/C_/Users/JoseCarlos/Desktop/Sistema/pico-sdk/src/rp2_common/pico_printf/printf.c.obj
 .text._ntoa_long
                0x10003726       0xbc CMakeFiles/main.dir/C_/Users/JoseCarlos/Desktop/Sistema/pico-sdk/src/rp2_common/pico_printf/printf.c.obj
 .text._ntoa_long_long
                0x100037e2       0xe2 CMakeFiles/main.dir/C_/Users/JoseCarlos/Desktop/Sistema/pico-sdk/src/rp2_common/pico_printf/printf.c.obj
 .text._etoa    0x100038c4      0x414 CMakeFiles/main.dir/C_/Users/JoseCarlos/Desktop/Sistema/pico-sdk/src/rp2_common/pico_printf/printf.c.obj
 .text._ftoa    0x10003cd8      0x354 CMakeFiles/main.dir/C_/Users/JoseCarlos/Desktop/Sistema/pico-sdk/src/rp2_common/pico_printf/printf.c.obj
 .text._vsnprintf
                0x1000402c      0x624 CMakeFiles/main.dir/C_/Users/JoseCarlos/Desktop/Sistema/pico-sdk/src/rp2_common/pico_printf/printf.c.obj
 .text.__wrap_sprintf
                0x10004650       0x28 CMakeFiles/main.dir/C_/Users/JoseCarlos/Desktop/Sistema/pico-sdk/src/rp2_common/pico_printf/printf.c.obj
                0x10004650                __wrap_sprintf
 .text.vfctprintf
                0x10004678       0x20 CMakeFiles/main.dir/C_/Users/JoseCarlos/Desktop/Sistema/pico-sdk/src/rp2_common/pico_printf/printf.c.obj
                0x10004678                vfctprintf
 .text          0x10004698       0x10 CMakeFiles/main.dir/C_/Users/JoseCarlos/Desktop/Sistema/pico-sdk/src/rp2_common/pico_bit_ops/bit_ops_aeabi.S.obj
 .text.rom_func_lookup
                0x100046a8       0x10 CMakeFiles/main.dir/C_/Users/JoseCarlos/Desktop/Sistema/pico-sdk/src/rp2_common/pico_bootrom/bootrom.c.obj
                0x100046a8                rom_func_lookup
 .text.rom_data_lookup
                0x100046b8       0x10 CMakeFiles/main.dir/C_/Users/JoseCarlos/Desktop/Sistema/pico-sdk/src/rp2_common/pico_bootrom/bootrom.c.obj
                0x100046b8                rom_data_lookup
 .text.rom_funcs_lookup
                0x100046c8       0x36 CMakeFiles/main.dir/C_/Users/JoseCarlos/Desktop/Sistema/pico-sdk/src/rp2_common/pico_bootrom/bootrom.c.obj
                0x100046c8                rom_funcs_lookup
 *fill*         0x100046fe        0x2 
 .text.__wrap___aeabi_idiv
                0x10004700       0x58 CMakeFiles/main.dir/C_/Users/JoseCarlos/Desktop/Sistema/pico-sdk/src/rp2_common/pico_divider/divider.S.obj
                0x10004700                __wrap___aeabi_idivmod
                0x10004700                divmod_s32s32
                0x10004700                div_s32s32
                0x10004700                __wrap___aeabi_idiv
                0x10004708                divmod_s32s32_unsafe
                0x10004734                divmod_s32s32_savestate
 .text.__wrap___aeabi_uidiv
                0x10004758       0x54 CMakeFiles/main.dir/C_/Users/JoseCarlos/Desktop/Sistema/pico-sdk/src/rp2_common/pico_divider/divider.S.obj
                0x10004758                __wrap___aeabi_uidiv
                0x10004758                __wrap___aeabi_uidivmod
                0x10004758                div_u32u32
                0x10004758                divmod_u32u32
                0x10004760                divmod_u32u32_unsafe
                0x10004788                divmod_u32u32_savestate
 .text.__wrap___aeabi_ldiv
                0x100047ac      0x430 CMakeFiles/main.dir/C_/Users/JoseCarlos/Desktop/Sistema/pico-sdk/src/rp2_common/pico_divider/divider.S.obj
                0x100047ac                div_s64s64
                0x100047ac                divmod_s64s64
                0x100047ac                __wrap___aeabi_ldivmod
                0x100047e4                divmod_u64u64
                0x100047e4                div_u64u64
                0x100047e4                __wrap___aeabi_uldivmod
                0x100047f4                divmod_u64u64_savestate
                0x1000481c                divmod_s64s64_unsafe
                0x100048a4                divmod_u64u64_unsafe
 .text.__wrap___aeabi_darithmetic
                0x10004bdc       0x54 CMakeFiles/main.dir/C_/Users/JoseCarlos/Desktop/Sistema/pico-sdk/src/rp2_common/pico_double/double_aeabi.S.obj
                0x10004bdc                __wrap___aeabi_drsub
                0x10004be2                __wrap___aeabi_dsub
                0x10004bf4                __wrap___aeabi_dadd
                0x10004c06                __wrap___aeabi_ddiv
                0x10004c18                __wrap___aeabi_dmul
 .text.__wrap___aeabi_cdcmple
                0x10004c30       0x6c CMakeFiles/main.dir/C_/Users/JoseCarlos/Desktop/Sistema/pico-sdk/src/rp2_common/pico_double/double_aeabi.S.obj
                0x10004c30                __wrap___aeabi_cdrcmple
                0x10004c40                __wrap___aeabi_cdcmpeq
                0x10004c40                __wrap___aeabi_cdcmple
 .text.__wrap___aeabi_dcmplt
                0x10004c9c        0xc CMakeFiles/main.dir/C_/Users/JoseCarlos/Desktop/Sistema/pico-sdk/src/rp2_common/pico_double/double_aeabi.S.obj
                0x10004c9c                __wrap___aeabi_dcmplt
 .text.__wrap___aeabi_dcmple
                0x10004ca8       0x10 CMakeFiles/main.dir/C_/Users/JoseCarlos/Desktop/Sistema/pico-sdk/src/rp2_common/pico_double/double_aeabi.S.obj
                0x10004ca8                __wrap___aeabi_dcmple
 .text.__wrap___aeabi_dcmpge
                0x10004cb8       0x10 CMakeFiles/main.dir/C_/Users/JoseCarlos/Desktop/Sistema/pico-sdk/src/rp2_common/pico_double/double_aeabi.S.obj
                0x10004cb8                __wrap___aeabi_dcmpge
 .text.__wrap___aeabi_dcmpgt
                0x10004cc8        0xa CMakeFiles/main.dir/C_/Users/JoseCarlos/Desktop/Sistema/pico-sdk/src/rp2_common/pico_double/double_aeabi.S.obj
                0x10004cc8                __wrap___aeabi_dcmpgt
 .text.__wrap___aeabi_dcmpun
                0x10004cd2       0x1c CMakeFiles/main.dir/C_/Users/JoseCarlos/Desktop/Sistema/pico-sdk/src/rp2_common/pico_double/double_aeabi.S.obj
                0x10004cd2                __wrap___aeabi_dcmpun
 *fill*         0x10004cee        0x2 
 .text.__wrap___aeabi_i2d
                0x10004cf0       0x38 CMakeFiles/main.dir/C_/Users/JoseCarlos/Desktop/Sistema/pico-sdk/src/rp2_common/pico_double/double_aeabi.S.obj
                0x10004cf0                __wrap___aeabi_ui2d
                0x10004cf8                __wrap___aeabi_i2d
 .text.__wrap___aeabi_d2iz
                0x10004d28       0x48 CMakeFiles/main.dir/C_/Users/JoseCarlos/Desktop/Sistema/pico-sdk/src/rp2_common/pico_double/double_aeabi.S.obj
                0x10004d28                double2int_z
                0x10004d28                __wrap___aeabi_d2iz
 .text.__wrap___aeabi_d2uiz
                0x10004d70       0x18 CMakeFiles/main.dir/C_/Users/JoseCarlos/Desktop/Sistema/pico-sdk/src/rp2_common/pico_double/double_aeabi.S.obj
                0x10004d70                __wrap___aeabi_d2uiz
                0x10004d70                double2uint
 .text.__aeabi_double_init
                0x10004d88       0xb8 CMakeFiles/main.dir/C_/Users/JoseCarlos/Desktop/Sistema/pico-sdk/src/rp2_common/pico_double/double_init_rom.c.obj
                0x10004d88                __aeabi_double_init
 .text.double_table_shim_on_use_helper
                0x10004e40       0x34 CMakeFiles/main.dir/C_/Users/JoseCarlos/Desktop/Sistema/pico-sdk/src/rp2_common/pico_double/double_v1_rom_shim.S.obj
                0x10004e40                double_table_shim_on_use_helper
 .text.__wrap___aeabi_dsub
                0x10004e74       0x10 CMakeFiles/main.dir/C_/Users/JoseCarlos/Desktop/Sistema/pico-sdk/src/rp2_common/pico_double/double_v1_rom_shim.S.obj
                0x10004e74                drsub_shim
                0x10004e7a                dsub_shim
 .text.dadd_shim
                0x10004e84      0x15c CMakeFiles/main.dir/C_/Users/JoseCarlos/Desktop/Sistema/pico-sdk/src/rp2_common/pico_double/double_v1_rom_shim.S.obj
                0x10004e84                dadd_shim
 .text.dmul_shim
                0x10004fe0      0x15c CMakeFiles/main.dir/C_/Users/JoseCarlos/Desktop/Sistema/pico-sdk/src/rp2_common/pico_double/double_v1_rom_shim.S.obj
                0x10004fe0                dmul_shim
 .text.ddiv_shim
                0x1000513c      0x1b0 CMakeFiles/main.dir/C_/Users/JoseCarlos/Desktop/Sistema/pico-sdk/src/rp2_common/pico_double/double_v1_rom_shim.S.obj
                0x1000513c                ddiv_shim
 .text.dcordic_rot_step
                0x100052ec       0x7c CMakeFiles/main.dir/C_/Users/JoseCarlos/Desktop/Sistema/pico-sdk/src/rp2_common/pico_double/double_v1_rom_shim.S.obj
                0x100052ec                dcordic_rot_step
 .text.double2uint_shim
                0x10005368        0xe CMakeFiles/main.dir/C_/Users/JoseCarlos/Desktop/Sistema/pico-sdk/src/rp2_common/pico_double/double_v1_rom_shim.S.obj
                0x10005368                double2uint_shim
                0x1000536a                double2ufix_shim
 *fill*         0x10005376        0x2 
 .text.double2uint64_shim
                0x10005378       0x6c CMakeFiles/main.dir/C_/Users/JoseCarlos/Desktop/Sistema/pico-sdk/src/rp2_common/pico_double/double_v1_rom_shim.S.obj
                0x10005378                double2uint64_shim
                0x1000537a                double2ufix64_shim
                0x10005394                d2fix_a
 .text.dunpacks
                0x100053e4       0x3c CMakeFiles/main.dir/C_/Users/JoseCarlos/Desktop/Sistema/pico-sdk/src/rp2_common/pico_double/double_v1_rom_shim.S.obj
                0x100053e4                dunpacks
 .text.__aeabi_lmul
                0x10005420       0x32 CMakeFiles/main.dir/C_/Users/JoseCarlos/Desktop/Sistema/pico-sdk/src/rp2_common/pico_int64_ops/pico_int64_ops_aeabi.S.obj
                0x10005420                __wrap___aeabi_lmul
 *fill*         0x10005452        0x2 
 .text.__wrap___aeabi_farithmetic
                0x10005454       0x34 CMakeFiles/main.dir/C_/Users/JoseCarlos/Desktop/Sistema/pico-sdk/src/rp2_common/pico_float/float_aeabi.S.obj
                0x10005454                __wrap___aeabi_frsub
                0x1000545a                __wrap___aeabi_fsub
                0x10005464                __wrap___aeabi_fadd
                0x1000546e                __wrap___aeabi_fdiv
                0x10005478                __wrap___aeabi_fmul
 .text.__wrap___aeabi_i2f
                0x10005488       0x44 CMakeFiles/main.dir/C_/Users/JoseCarlos/Desktop/Sistema/pico-sdk/src/rp2_common/pico_float/float_aeabi.S.obj
                0x10005488                __wrap___aeabi_i2f
 .text.__wrap___aeabi_f2uiz
                0x100054cc       0x10 CMakeFiles/main.dir/C_/Users/JoseCarlos/Desktop/Sistema/pico-sdk/src/rp2_common/pico_float/float_aeabi.S.obj
                0x100054cc                __wrap___aeabi_f2uiz
 .text.__wrap___aeabi_f2d
                0x100054dc       0x14 CMakeFiles/main.dir/C_/Users/JoseCarlos/Desktop/Sistema/pico-sdk/src/rp2_common/pico_float/float_aeabi.S.obj
                0x100054dc                __wrap___aeabi_f2d
 .text.__aeabi_float_init
                0x100054f0       0xfc CMakeFiles/main.dir/C_/Users/JoseCarlos/Desktop/Sistema/pico-sdk/src/rp2_common/pico_float/float_init_rom.c.obj
                0x100054f0                __aeabi_float_init
 .text.float_table_shim_on_use_helper
                0x100055ec       0x34 CMakeFiles/main.dir/C_/Users/JoseCarlos/Desktop/Sistema/pico-sdk/src/rp2_common/pico_float/float_v1_rom_shim.S.obj
                0x100055ec                float_table_shim_on_use_helper
 .text.float2double_shim
                0x10005620       0x30 CMakeFiles/main.dir/C_/Users/JoseCarlos/Desktop/Sistema/pico-sdk/src/rp2_common/pico_float/float_v1_rom_shim.S.obj
                0x10005620                float2double_shim
 .text          0x10005650       0x10 CMakeFiles/main.dir/C_/Users/JoseCarlos/Desktop/Sistema/pico-sdk/src/rp2_common/pico_mem_ops/mem_ops_aeabi.S.obj
                0x10005650                __aeabi_mem_init
 .text.memset   0x10005660        0xc CMakeFiles/main.dir/C_/Users/JoseCarlos/Desktop/Sistema/pico-sdk/src/rp2_common/pico_mem_ops/mem_ops_aeabi.S.obj
                0x10005660                __wrap_memset
 .text.memcpy   0x1000566c        0xc CMakeFiles/main.dir/C_/Users/JoseCarlos/Desktop/Sistema/pico-sdk/src/rp2_common/pico_mem_ops/mem_ops_aeabi.S.obj
                0x1000566c                __wrap_memcpy
                0x1000566c                __wrap___aeabi_memcpy
 .text.stdio_out_chars_crlf
                0x10005678       0x80 CMakeFiles/main.dir/C_/Users/JoseCarlos/Desktop/Sistema/pico-sdk/src/rp2_common/pico_stdio/stdio.c.obj
 .text.stdio_stack_buffer_flush
                0x100056f8       0x44 CMakeFiles/main.dir/C_/Users/JoseCarlos/Desktop/Sistema/pico-sdk/src/rp2_common/pico_stdio/stdio.c.obj
 .text.stdio_buffered_printer
                0x1000573c       0x20 CMakeFiles/main.dir/C_/Users/JoseCarlos/Desktop/Sistema/pico-sdk/src/rp2_common/pico_stdio/stdio.c.obj
 .text.stdout_serialize_begin
                0x1000575c       0x2c CMakeFiles/main.dir/C_/Users/JoseCarlos/Desktop/Sistema/pico-sdk/src/rp2_common/pico_stdio/stdio.c.obj
                0x1000575c                stdout_serialize_begin
 .text.stdout_serialize_end
                0x10005788       0x10 CMakeFiles/main.dir/C_/Users/JoseCarlos/Desktop/Sistema/pico-sdk/src/rp2_common/pico_stdio/stdio.c.obj
                0x10005788                stdout_serialize_end
 .text.stdio_put_string
                0x10005798       0x84 CMakeFiles/main.dir/C_/Users/JoseCarlos/Desktop/Sistema/pico-sdk/src/rp2_common/pico_stdio/stdio.c.obj
 .text.stdio_set_driver_enabled
                0x1000581c       0x38 CMakeFiles/main.dir/C_/Users/JoseCarlos/Desktop/Sistema/pico-sdk/src/rp2_common/pico_stdio/stdio.c.obj
                0x1000581c                stdio_set_driver_enabled
 .text.stdio_flush
                0x10005854       0x20 CMakeFiles/main.dir/C_/Users/JoseCarlos/Desktop/Sistema/pico-sdk/src/rp2_common/pico_stdio/stdio.c.obj
                0x10005854                stdio_flush
 .text.__wrap_puts
                0x10005874       0x1c CMakeFiles/main.dir/C_/Users/JoseCarlos/Desktop/Sistema/pico-sdk/src/rp2_common/pico_stdio/stdio.c.obj
                0x10005874                __wrap_puts
 .text.__wrap_vprintf
                0x10005890       0x44 CMakeFiles/main.dir/C_/Users/JoseCarlos/Desktop/Sistema/pico-sdk/src/rp2_common/pico_stdio/stdio.c.obj
                0x10005890                __wrap_vprintf
 .text.__wrap_printf
                0x100058d4       0x18 CMakeFiles/main.dir/C_/Users/JoseCarlos/Desktop/Sistema/pico-sdk/src/rp2_common/pico_stdio/stdio.c.obj
                0x100058d4                __wrap_printf
 .text.stdio_init_all
                0x100058ec        0x8 CMakeFiles/main.dir/C_/Users/JoseCarlos/Desktop/Sistema/pico-sdk/src/rp2_common/pico_stdio/stdio.c.obj
                0x100058ec                stdio_init_all
 .text.stdio_uart_out_chars
                0x100058f4       0x74 CMakeFiles/main.dir/C_/Users/JoseCarlos/Desktop/Sistema/pico-sdk/src/rp2_common/pico_stdio_uart/stdio_uart.c.obj
 .text.stdio_uart_in_chars
                0x10005968       0x58 CMakeFiles/main.dir/C_/Users/JoseCarlos/Desktop/Sistema/pico-sdk/src/rp2_common/pico_stdio_uart/stdio_uart.c.obj
                0x10005968                stdio_uart_in_chars
 .text.stdio_uart_init_full
                0x100059c0       0x3c CMakeFiles/main.dir/C_/Users/JoseCarlos/Desktop/Sistema/pico-sdk/src/rp2_common/pico_stdio_uart/stdio_uart.c.obj
                0x100059c0                stdio_uart_init_full
 .text.stdio_uart_init
                0x100059fc       0x28 CMakeFiles/main.dir/C_/Users/JoseCarlos/Desktop/Sistema/pico-sdk/src/rp2_common/pico_stdio_uart/stdio_uart.c.obj
                0x100059fc                stdio_uart_init
 .text.i2c_write_blocking_internal
                0x10005a24       0xfa CMakeFiles/main.dir/C_/Users/JoseCarlos/Desktop/Sistema/pico-sdk/src/rp2_common/hardware_i2c/i2c.c.obj
 .text.i2c_read_blocking_internal
                0x10005b1e       0xe6 CMakeFiles/main.dir/C_/Users/JoseCarlos/Desktop/Sistema/pico-sdk/src/rp2_common/hardware_i2c/i2c.c.obj
 .text.i2c_set_baudrate
                0x10005c04       0x68 CMakeFiles/main.dir/C_/Users/JoseCarlos/Desktop/Sistema/pico-sdk/src/rp2_common/hardware_i2c/i2c.c.obj
                0x10005c04                i2c_set_baudrate
 .text.i2c_init
                0x10005c6c       0x54 CMakeFiles/main.dir/C_/Users/JoseCarlos/Desktop/Sistema/pico-sdk/src/rp2_common/hardware_i2c/i2c.c.obj
                0x10005c6c                i2c_init
 .text.i2c_write_blocking
                0x10005cc0       0x18 CMakeFiles/main.dir/C_/Users/JoseCarlos/Desktop/Sistema/pico-sdk/src/rp2_common/hardware_i2c/i2c.c.obj
                0x10005cc0                i2c_write_blocking
 .text.i2c_read_blocking_until
                0x10005cd8       0x3e CMakeFiles/main.dir/C_/Users/JoseCarlos/Desktop/Sistema/pico-sdk/src/rp2_common/hardware_i2c/i2c.c.obj
                0x10005cd8                i2c_read_blocking_until
 *fill*         0x10005d16        0x2 
 .text.dma_claim_unused_channel
                0x10005d18       0x20 CMakeFiles/main.dir/C_/Users/JoseCarlos/Desktop/Sistema/pico-sdk/src/rp2_common/hardware_dma/dma.c.obj
                0x10005d18                dma_claim_unused_channel
 .text.adc_init
                0x10005d38       0x34 CMakeFiles/main.dir/C_/Users/JoseCarlos/Desktop/Sistema/pico-sdk/src/rp2_common/hardware_adc/adc.c.obj
                0x10005d38                adc_init
 .text.spi_set_baudrate
                0x10005d6c       0x92 CMakeFiles/main.dir/C_/Users/JoseCarlos/Desktop/Sistema/pico-sdk/src/rp2_common/hardware_spi/spi.c.obj
                0x10005d6c                spi_set_baudrate
 *fill*         0x10005dfe        0x2 
 .text.spi_init
                0x10005e00       0x6c CMakeFiles/main.dir/C_/Users/JoseCarlos/Desktop/Sistema/pico-sdk/src/rp2_common/hardware_spi/spi.c.obj
                0x10005e00                spi_init
 .text          0x10005e6c      0xb88 libFreeRTOS.a(queue.c.obj)
                0x10006034                xQueueGenericReset
                0x1000610c                xQueueGenericCreate
                0x1000618a                xQueueCreateCountingSemaphore
                0x100061ae                xQueueGenericSend
                0x100062d8                xQueueCreateMutex
                0x100062ee                xQueueGiveMutexRecursive
                0x1000631c                xQueueGenericSendFromISR
                0x100063d4                xQueueGiveFromISR
                0x1000645c                xQueueReceive
                0x1000654a                xQueueSemaphoreTake
                0x10006672                xQueueTakeMutexRecursive
                0x100066a0                xQueuePeek
                0x1000678e                xQueueReceiveFromISR
                0x10006800                xQueuePeekFromISR
                0x1000682e                uxQueueMessagesWaiting
                0x10006840                uxQueueSpacesAvailable
                0x10006856                uxQueueMessagesWaitingFromISR
                0x1000685a                xQueueIsQueueEmptyFromISR
                0x10006868                xQueueIsQueueFullFromISR
                0x10006878                vQueueAddToRegistry
                0x100068bc                pcQueueGetName
                0x100068e0                vQueueUnregisterQueue
                0x10006908                vQueueDelete
                0x10006918                vQueueWaitForMessageRestricted
                0x10006968                xQueueCreateSet
                0x10006974                xQueueAddToSet
                0x1000699e                xQueueRemoveFromSet
                0x100069c6                xQueueSelectFromSet
                0x100069dc                xQueueSelectFromSetFromISR
 .text          0x100069f4     0x1484 libFreeRTOS.a(tasks.c.obj)
                0x10006cb4                xTaskCreate
                0x10006d1c                vTaskDelete
                0x10006da0                uxTaskPriorityGet
                0x10006dc0                uxTaskPriorityGetFromISR
                0x10006de0                vTaskPrioritySet
                0x10006ebc                vTaskResume
                0x10006f40                xTaskResumeFromISR
                0x10006fdc                vTaskStartScheduler
                0x1000703c                vTaskEndScheduler
                0x10007050                vTaskSuspendAll
                0x10007060                xTaskGetTickCount
                0x1000706c                xTaskGetTickCountFromISR
                0x10007078                uxTaskGetNumberOfTasks
                0x10007084                pcTaskGetName
                0x10007098                xTaskIncrementTick
                0x100071c0                xTaskResumeAll
                0x100072dc                xTaskDelayUntil
                0x1000733c                vTaskDelay
                0x1000735c                xTaskCatchUpTicks
                0x10007378                vTaskSwitchContext
                0x100073f0                vTaskSuspend
                0x10007494                vTaskPlaceOnEventList
                0x100074b0                vTaskPlaceOnUnorderedEventList
                0x100074f0                vTaskPlaceOnEventListRestricted
                0x10007530                xTaskRemoveFromEventList
                0x10007604                vTaskRemoveFromUnorderedEventList
                0x100076b4                vTaskSetTimeOutState
                0x100076d0                vTaskInternalSetTimeOutState
                0x100076e0                xTaskCheckForTimeOut
                0x10007738                vTaskMissedYield
                0x10007744                vTaskSetThreadLocalStoragePointer
                0x10007760                pvTaskGetThreadLocalStoragePointer
                0x10007780                xTaskGetCurrentTaskHandle
                0x1000778c                xTaskGetSchedulerState
                0x100077ac                xTaskPriorityInherit
                0x10007860                xTaskPriorityDisinherit
                0x100078e0                vTaskPriorityDisinheritAfterTimeout
                0x1000796c                uxTaskResetEventItemValue
                0x10007984                pvTaskIncrementMutexHeldCount
                0x100079a0                ulTaskGenericNotifyTake
                0x10007a34                xTaskGenericNotifyWait
                0x10007adc                xTaskGenericNotify
                0x10007bec                xTaskGenericNotifyFromISR
                0x10007d34                vTaskGenericNotifyGiveFromISR
                0x10007e10                xTaskGenericNotifyStateClear
                0x10007e48                ulTaskGenericNotifyValueClear
 .text          0x10007e78      0x478 libFreeRTOS.a(timers.c.obj)
                0x10008182                xTimerCreateTimerTask
                0x100081c0                xTimerCreate
                0x100081f4                xTimerGenericCommand
                0x1000824c                xTimerGetTimerDaemonTaskHandle
                0x10008258                xTimerGetPeriod
                0x1000825c                vTimerSetReloadMode
                0x10008286                uxTimerGetReloadMode
                0x100082a4                xTimerGetExpiryTime
                0x100082a8                pcTimerGetName
                0x100082ac                xTimerIsTimerActive
                0x100082ca                pvTimerGetTimerID
                0x100082dc                vTimerSetTimerID
 .text          0x100082f0      0x18c libFreeRTOS.a(port.c.obj)
                0x10008334                pxPortInitialiseStack
                0x10008354                isr_svcall
                0x10008356                vPortEndScheduler
                0x10008358                vPortYield
                0x10008370                vPortEnterCritical
                0x10008388                vPortExitCritical
                0x1000839c                ulSetInterruptMaskFromISR
                0x100083a4                vClearInterruptMaskFromISR
                0x100083aa                isr_pendsv
                0x100083f4                isr_systick
                0x10008418                vPortSetupTimerInterrupt
                0x10008440                xPortStartScheduler
 .text          0x1000847c      0x238 libFreeRTOS.a(heap_4.c.obj)
                0x1000851c                pvPortMalloc
                0x100085e8                vPortFree
                0x10008630                xPortGetFreeHeapSize
                0x1000863c                xPortGetMinimumEverFreeHeapSize
                0x10008648                vPortInitialiseBlocks
                0x1000864a                vPortGetHeapStats
 .text          0x100086b4       0x86 libFreeRTOS.a(list.c.obj)
                0x100086b4                vListInitialise
                0x100086ca                vListInitialiseItem
                0x100086d0                vListInsertEnd
                0x100086e6                vListInsert
                0x10008714                uxListRemove
 *fill*         0x1000873a        0x2 
 .text.atoi     0x1000873c        0xc c:/progra~2/gnuarm~1/102020~1/bin/../lib/gcc/arm-none-eabi/10.2.1/../../../../arm-none-eabi/lib/thumb/v6-m/nofp\libg.a(lib_a-atoi.o)
                0x1000873c                atoi
 .text.strcpy   0x10008748       0x10 c:/progra~2/gnuarm~1/102020~1/bin/../lib/gcc/arm-none-eabi/10.2.1/../../../../arm-none-eabi/lib/thumb/v6-m/nofp\libg.a(lib_a-strcpy.o)
                0x10008748                strcpy
 .text.strlen   0x10008758       0x5c c:/progra~2/gnuarm~1/102020~1/bin/../lib/gcc/arm-none-eabi/10.2.1/../../../../arm-none-eabi/lib/thumb/v6-m/nofp\libg.a(lib_a-strlen-stub.o)
                0x10008758                strlen
 .text.strtok   0x100087b4       0x14 c:/progra~2/gnuarm~1/102020~1/bin/../lib/gcc/arm-none-eabi/10.2.1/../../../../arm-none-eabi/lib/thumb/v6-m/nofp\libg.a(lib_a-strtok.o)
                0x100087b4                strtok
 .text.__strtok_r
                0x100087c8       0x6c c:/progra~2/gnuarm~1/102020~1/bin/../lib/gcc/arm-none-eabi/10.2.1/../../../../arm-none-eabi/lib/thumb/v6-m/nofp\libg.a(lib_a-strtok_r.o)
                0x100087c8                __strtok_r
 .text._strtol_l.part.0
                0x10008834      0x144 c:/progra~2/gnuarm~1/102020~1/bin/../lib/gcc/arm-none-eabi/10.2.1/../../../../arm-none-eabi/lib/thumb/v6-m/nofp\libg.a(lib_a-strtol.o)
 .text.strtol   0x10008978       0x2c c:/progra~2/gnuarm~1/102020~1/bin/../lib/gcc/arm-none-eabi/10.2.1/../../../../arm-none-eabi/lib/thumb/v6-m/nofp\libg.a(lib_a-strtol.o)
                0x10008978                strtol
 .text.__errno  0x100089a4        0xc c:/progra~2/gnuarm~1/102020~1/bin/../lib/gcc/arm-none-eabi/10.2.1/../../../../arm-none-eabi/lib/thumb/v6-m/nofp\libg.a(lib_a-errno.o)
                0x100089a4                __errno
 *(.fini)
 .fini          0x100089b0        0x4 c:/progra~2/gnuarm~1/102020~1/bin/../lib/gcc/arm-none-eabi/10.2.1/thumb/v6-m/nofp/crti.o
                0x100089b0                _fini
 *fill*         0x100089b4        0x4 
 .fini.__stub   0x100089b8       0x60 linker stubs
 *crtbegin.o(.ctors)
 *crtbegin?.o(.ctors)
 *(EXCLUDE_FILE(*crtend.o *crtend?.o) .ctors)
 *(SORT_BY_NAME(.ctors.*))
 *(.ctors)
 *crtbegin.o(.dtors)
 *crtbegin?.o(.dtors)
 *(EXCLUDE_FILE(*crtend.o *crtend?.o) .dtors)
 *(SORT_BY_NAME(.dtors.*))
 *(.dtors)
 *(.eh_frame*)
 .eh_frame      0x10008a18        0x0 c:/progra~2/gnuarm~1/102020~1/bin/../lib/gcc/arm-none-eabi/10.2.1/thumb/v6-m/nofp/crtbegin.o
                0x10008a18                . = ALIGN (0x4)

.glue_7         0x10008a18        0x0
 .glue_7        0x10008a18        0x0 linker stubs

.glue_7t        0x10008a18        0x0
 .glue_7t       0x10008a18        0x0 linker stubs

.vfp11_veneer   0x10008a18        0x0
 .vfp11_veneer  0x10008a18        0x0 linker stubs

.v4_bx          0x10008a18        0x0
 .v4_bx         0x10008a18        0x0 linker stubs

.iplt           0x10008a18        0x0
 .iplt          0x10008a18        0x0 c:/progra~2/gnuarm~1/102020~1/bin/../lib/gcc/arm-none-eabi/10.2.1/thumb/v6-m/nofp/crtbegin.o

.rodata         0x10008a18     0x1a98
 *(EXCLUDE_FILE(*libm.a: *libc.a:*lib_a-mem*.o *libgcc.a:) .rodata*)
 .rodata.i2c_check_response.str1.4
                0x10008a18       0x73 CMakeFiles/main.dir/main.c.obj
 *fill*         0x10008a8b        0x1 
 .rodata.transmit_serial.str1.4
                0x10008a8c        0xc CMakeFiles/main.dir/main.c.obj
 .rodata.comprobe_connection_task.str1.4
                0x10008a98        0x4 CMakeFiles/main.dir/main.c.obj
 .rodata.read_instruct.str1.4
                0x10008a9c        0xa CMakeFiles/main.dir/main.c.obj
 *fill*         0x10008aa6        0x2 
 .rodata.transmit_adc_values.str1.4
                0x10008aa8        0xa CMakeFiles/main.dir/main.c.obj
                                  0xe (size before relaxing)
 *fill*         0x10008ab2        0x2 
 .rodata.init_dma.str1.4
                0x10008ab4       0x80 CMakeFiles/main.dir/main.c.obj
 .rodata.debug.str1.4
                0x10008b34        0x9 CMakeFiles/main.dir/main.c.obj
 *fill*         0x10008b3d        0x3 
 .rodata.check_i2c_devices.str1.4
                0x10008b40       0x27 CMakeFiles/main.dir/main.c.obj
 *fill*         0x10008b67        0x1 
 .rodata.app_main_task.str1.4
                0x10008b68       0x43 CMakeFiles/main.dir/main.c.obj
 *fill*         0x10008bab        0x1 
 .rodata.system_status_task.str1.4
                0x10008bac       0x75 CMakeFiles/main.dir/main.c.obj
 *fill*         0x10008c21        0x3 
 .rodata.system_status_task
                0x10008c24       0x20 CMakeFiles/main.dir/main.c.obj
 .rodata.init_screen.str1.4
                0x10008c44        0xd CMakeFiles/main.dir/main.c.obj
 *fill*         0x10008c51        0x3 
 .rodata.main.str1.4
                0x10008c54       0x6a CMakeFiles/main.dir/main.c.obj
 *fill*         0x10008cbe        0x2 
 .rodata.IB_MEASSURE_VALUES
                0x10008cc0      0x400 CMakeFiles/main.dir/main.c.obj
 .rodata.__func__.3
                0x100090c0       0x1c CMakeFiles/main.dir/main.c.obj
 .rodata.__func__.6
                0x100090dc       0x15 CMakeFiles/main.dir/main.c.obj
 *fill*         0x100090f1        0x3 
 .rodata.esimeico
                0x100090f4      0x206 CMakeFiles/main.dir/main.c.obj
 *fill*         0x100092fa        0x2 
 .rodata.table_code
                0x100092fc      0x240 CMakeFiles/main.dir/main.c.obj
 .rodata.repeating_timer_callback.str1.4
                0x1000953c       0x5d CMakeFiles/main.dir/C_/Users/JoseCarlos/Desktop/Sistema/pico-sdk/src/common/pico_time/time.c.obj
 *fill*         0x10009599        0x3 
 .rodata.alarm_pool_dump_key.str1.4
                0x1000959c       0x33 CMakeFiles/main.dir/C_/Users/JoseCarlos/Desktop/Sistema/pico-sdk/src/common/pico_time/time.c.obj
 *fill*         0x100095cf        0x1 
 .rodata.ph_add_child_node.str1.4
                0x100095d0       0xa6 CMakeFiles/main.dir/C_/Users/JoseCarlos/Desktop/Sistema/pico-sdk/src/common/pico_time/time.c.obj
 *fill*         0x10009676        0x2 
 .rodata.add_alarm_under_lock.str1.4
                0x10009678       0x28 CMakeFiles/main.dir/C_/Users/JoseCarlos/Desktop/Sistema/pico-sdk/src/common/pico_time/time.c.obj
                                 0x2b (size before relaxing)
 .rodata.alarm_pool_alarm_callback.str1.4
                0x100096a0       0x82 CMakeFiles/main.dir/C_/Users/JoseCarlos/Desktop/Sistema/pico-sdk/src/common/pico_time/time.c.obj
                                 0xf6 (size before relaxing)
 *fill*         0x10009722        0x2 
 .rodata.alarm_pool_get_default.str1.4
                0x10009724       0x21 CMakeFiles/main.dir/C_/Users/JoseCarlos/Desktop/Sistema/pico-sdk/src/common/pico_time/time.c.obj
 *fill*         0x10009745        0x3 
 .rodata.sleep_until.str1.4
                0x10009748       0x4d CMakeFiles/main.dir/C_/Users/JoseCarlos/Desktop/Sistema/pico-sdk/src/common/pico_time/time.c.obj
 *fill*         0x10009795        0x3 
 .rodata.__func__.0
                0x10009798       0x19 CMakeFiles/main.dir/C_/Users/JoseCarlos/Desktop/Sistema/pico-sdk/src/common/pico_time/time.c.obj
 *fill*         0x100097b1        0x3 
 .rodata.__func__.10
                0x100097b4       0x15 CMakeFiles/main.dir/C_/Users/JoseCarlos/Desktop/Sistema/pico-sdk/src/common/pico_time/time.c.obj
 *fill*         0x100097c9        0x3 
 .rodata.__func__.11
                0x100097cc       0x1a CMakeFiles/main.dir/C_/Users/JoseCarlos/Desktop/Sistema/pico-sdk/src/common/pico_time/time.c.obj
 *fill*         0x100097e6        0x2 
 .rodata.__func__.12
                0x100097e8        0xa CMakeFiles/main.dir/C_/Users/JoseCarlos/Desktop/Sistema/pico-sdk/src/common/pico_time/time.c.obj
 *fill*         0x100097f2        0x2 
 .rodata.__func__.3
                0x100097f4       0x17 CMakeFiles/main.dir/C_/Users/JoseCarlos/Desktop/Sistema/pico-sdk/src/common/pico_time/time.c.obj
 *fill*         0x1000980b        0x1 
 .rodata.__func__.4
                0x1000980c       0x12 CMakeFiles/main.dir/C_/Users/JoseCarlos/Desktop/Sistema/pico-sdk/src/common/pico_time/time.c.obj
 *fill*         0x1000981e        0x2 
 .rodata.__func__.5
                0x10009820        0xd CMakeFiles/main.dir/C_/Users/JoseCarlos/Desktop/Sistema/pico-sdk/src/common/pico_time/time.c.obj
 *fill*         0x1000982d        0x3 
 .rodata.__func__.6
                0x10009830       0x12 CMakeFiles/main.dir/C_/Users/JoseCarlos/Desktop/Sistema/pico-sdk/src/common/pico_time/time.c.obj
 *fill*         0x10009842        0x2 
 .rodata.__func__.7
                0x10009844        0xf CMakeFiles/main.dir/C_/Users/JoseCarlos/Desktop/Sistema/pico-sdk/src/common/pico_time/time.c.obj
 *fill*         0x10009853        0x1 
 .rodata.__func__.8
                0x10009854        0xc CMakeFiles/main.dir/C_/Users/JoseCarlos/Desktop/Sistema/pico-sdk/src/common/pico_time/time.c.obj
 .rodata.__func__.9
                0x10009860       0x15 CMakeFiles/main.dir/C_/Users/JoseCarlos/Desktop/Sistema/pico-sdk/src/common/pico_time/time.c.obj
 *fill*         0x10009875        0x3 
 .rodata.hardware_alarm_claim.str1.4
                0x10009878       0x22 CMakeFiles/main.dir/C_/Users/JoseCarlos/Desktop/Sistema/pico-sdk/src/rp2_common/hardware_timer/timer.c.obj
 *fill*         0x1000989a        0x2 
 .rodata.hardware_alarm_set_target.str1.4
                0x1000989c       0x77 CMakeFiles/main.dir/C_/Users/JoseCarlos/Desktop/Sistema/pico-sdk/src/rp2_common/hardware_timer/timer.c.obj
 *fill*         0x10009913        0x1 
 .rodata.__func__.0
                0x10009914       0x1a CMakeFiles/main.dir/C_/Users/JoseCarlos/Desktop/Sistema/pico-sdk/src/rp2_common/hardware_timer/timer.c.obj
 *fill*         0x1000992e        0x2 
 .rodata.str1.4
                0x10009930       0x70 CMakeFiles/main.dir/C_/Users/JoseCarlos/Desktop/Sistema/pico-sdk/src/common/pico_sync/mutex.c.obj
                                 0xe4 (size before relaxing)
 .rodata.__func__.0
                0x100099a0        0xb CMakeFiles/main.dir/C_/Users/JoseCarlos/Desktop/Sistema/pico-sdk/src/common/pico_sync/mutex.c.obj
 *fill*         0x100099ab        0x1 
 .rodata.__func__.3
                0x100099ac       0x15 CMakeFiles/main.dir/C_/Users/JoseCarlos/Desktop/Sistema/pico-sdk/src/common/pico_sync/mutex.c.obj
 .rodata.ph_add_child_node.str1.4
                0x100099c1       0xa6 CMakeFiles/main.dir/C_/Users/JoseCarlos/Desktop/Sistema/pico-sdk/src/common/pico_util/pheap.c.obj
 *fill*         0x100099c1        0x3 
 .rodata.ph_remove_any_head.str1.4
                0x100099c4       0xa0 CMakeFiles/main.dir/C_/Users/JoseCarlos/Desktop/Sistema/pico-sdk/src/common/pico_util/pheap.c.obj
 .rodata.ph_remove_and_free_node.str1.4
                0x10009a64       0x26 CMakeFiles/main.dir/C_/Users/JoseCarlos/Desktop/Sistema/pico-sdk/src/common/pico_util/pheap.c.obj
 *fill*         0x10009a8a        0x2 
 .rodata.__func__.0
                0x10009a8c       0x18 CMakeFiles/main.dir/C_/Users/JoseCarlos/Desktop/Sistema/pico-sdk/src/common/pico_util/pheap.c.obj
 .rodata.__func__.1
                0x10009aa4       0x13 CMakeFiles/main.dir/C_/Users/JoseCarlos/Desktop/Sistema/pico-sdk/src/common/pico_util/pheap.c.obj
 *fill*         0x10009ab7        0x1 
 .rodata.__func__.2
                0x10009ab8       0x12 CMakeFiles/main.dir/C_/Users/JoseCarlos/Desktop/Sistema/pico-sdk/src/common/pico_util/pheap.c.obj
 *fill*         0x10009aca        0x2 
 .rodata.__func__.3
                0x10009acc        0xc CMakeFiles/main.dir/C_/Users/JoseCarlos/Desktop/Sistema/pico-sdk/src/common/pico_util/pheap.c.obj
 .rodata.__assert_func.str1.4
                0x10009ad8       0x3f CMakeFiles/main.dir/C_/Users/JoseCarlos/Desktop/Sistema/pico-sdk/src/rp2_common/pico_runtime/runtime.c.obj
                                 0x43 (size before relaxing)
 *fill*         0x10009b17        0x1 
 .rodata.panic.str1.4
                0x10009b18       0x10 CMakeFiles/main.dir/C_/Users/JoseCarlos/Desktop/Sistema/pico-sdk/src/rp2_common/pico_runtime/runtime.c.obj
                                 0x12 (size before relaxing)
 .rodata.clock_configure.str1.4
                0x10009b28       0x69 CMakeFiles/main.dir/C_/Users/JoseCarlos/Desktop/Sistema/pico-sdk/src/rp2_common/hardware_clocks/clocks.c.obj
 *fill*         0x10009b91        0x3 
 .rodata.__func__.1
                0x10009b94       0x10 CMakeFiles/main.dir/C_/Users/JoseCarlos/Desktop/Sistema/pico-sdk/src/rp2_common/hardware_clocks/clocks.c.obj
 .rodata.pll_init.str1.4
                0x10009ba4       0xeb CMakeFiles/main.dir/C_/Users/JoseCarlos/Desktop/Sistema/pico-sdk/src/rp2_common/hardware_pll/pll.c.obj
 *fill*         0x10009c8f        0x1 
 .rodata.__func__.0
                0x10009c90        0x9 CMakeFiles/main.dir/C_/Users/JoseCarlos/Desktop/Sistema/pico-sdk/src/rp2_common/hardware_pll/pll.c.obj
 *fill*         0x10009c99        0x3 
 .rodata.make_branch.str1.4
                0x10009c9c       0x5f CMakeFiles/main.dir/C_/Users/JoseCarlos/Desktop/Sistema/pico-sdk/src/rp2_common/hardware_irq/irq.c.obj
 *fill*         0x10009cfb        0x1 
 .rodata.irq_set_exclusive_handler.str1.4
                0x10009cfc       0x36 CMakeFiles/main.dir/C_/Users/JoseCarlos/Desktop/Sistema/pico-sdk/src/rp2_common/hardware_irq/irq.c.obj
 *fill*         0x10009d32        0x2 
 .rodata.irq_add_shared_handler.str1.4
                0x10009d34       0xd9 CMakeFiles/main.dir/C_/Users/JoseCarlos/Desktop/Sistema/pico-sdk/src/rp2_common/hardware_irq/irq.c.obj
 *fill*         0x10009e0d        0x3 
 .rodata.irq_remove_handler.str1.4
                0x10009e10       0x2a CMakeFiles/main.dir/C_/Users/JoseCarlos/Desktop/Sistema/pico-sdk/src/rp2_common/hardware_irq/irq.c.obj
 *fill*         0x10009e3a        0x2 
 .rodata.irq_add_tail_to_free_list.str1.4
                0x10009e3c       0x32 CMakeFiles/main.dir/C_/Users/JoseCarlos/Desktop/Sistema/pico-sdk/src/rp2_common/hardware_irq/irq.c.obj
                                 0x3a (size before relaxing)
 *fill*         0x10009e6e        0x2 
 .rodata.__func__.0
                0x10009e70       0x1a CMakeFiles/main.dir/C_/Users/JoseCarlos/Desktop/Sistema/pico-sdk/src/rp2_common/hardware_irq/irq.c.obj
 *fill*         0x10009e8a        0x2 
 .rodata.__func__.1
                0x10009e8c       0x17 CMakeFiles/main.dir/C_/Users/JoseCarlos/Desktop/Sistema/pico-sdk/src/rp2_common/hardware_irq/irq.c.obj
 *fill*         0x10009ea3        0x1 
 .rodata.__func__.2
                0x10009ea4       0x13 CMakeFiles/main.dir/C_/Users/JoseCarlos/Desktop/Sistema/pico-sdk/src/rp2_common/hardware_irq/irq.c.obj
 *fill*         0x10009eb7        0x1 
 .rodata.__func__.3
                0x10009eb8        0xc CMakeFiles/main.dir/C_/Users/JoseCarlos/Desktop/Sistema/pico-sdk/src/rp2_common/hardware_irq/irq.c.obj
 .rodata.__func__.4
                0x10009ec4        0xf CMakeFiles/main.dir/C_/Users/JoseCarlos/Desktop/Sistema/pico-sdk/src/rp2_common/hardware_irq/irq.c.obj
 *fill*         0x10009ed3        0x1 
 .rodata.__func__.6
                0x10009ed4       0x1a CMakeFiles/main.dir/C_/Users/JoseCarlos/Desktop/Sistema/pico-sdk/src/rp2_common/hardware_irq/irq.c.obj
 *fill*         0x10009eee        0x2 
 .rodata._ftoa.str1.4
                0x10009ef0       0x15 CMakeFiles/main.dir/C_/Users/JoseCarlos/Desktop/Sistema/pico-sdk/src/rp2_common/pico_printf/printf.c.obj
 *fill*         0x10009f05        0x3 
 .rodata._vsnprintf
                0x10009f08      0x1e0 CMakeFiles/main.dir/C_/Users/JoseCarlos/Desktop/Sistema/pico-sdk/src/rp2_common/pico_printf/printf.c.obj
 .rodata.pow10.0
                0x1000a0e8       0x50 CMakeFiles/main.dir/C_/Users/JoseCarlos/Desktop/Sistema/pico-sdk/src/rp2_common/pico_printf/printf.c.obj
 .rodata.__aeabi_double_init.str1.4
                0x1000a138       0xba CMakeFiles/main.dir/C_/Users/JoseCarlos/Desktop/Sistema/pico-sdk/src/rp2_common/pico_double/double_init_rom.c.obj
 *fill*         0x1000a1f2        0x2 
 .rodata.__func__.0
                0x1000a1f4       0x14 CMakeFiles/main.dir/C_/Users/JoseCarlos/Desktop/Sistema/pico-sdk/src/rp2_common/pico_double/double_init_rom.c.obj
 .rodata.__aeabi_float_init.str1.4
                0x1000a208       0x8c CMakeFiles/main.dir/C_/Users/JoseCarlos/Desktop/Sistema/pico-sdk/src/rp2_common/pico_float/float_init_rom.c.obj
                                 0x90 (size before relaxing)
 .rodata.__func__.0
                0x1000a294       0x13 CMakeFiles/main.dir/C_/Users/JoseCarlos/Desktop/Sistema/pico-sdk/src/rp2_common/pico_float/float_init_rom.c.obj
 *fill*         0x1000a2a7        0x1 
 .rodata.str1.4
                0x1000a2a8       0x3c CMakeFiles/main.dir/C_/Users/JoseCarlos/Desktop/Sistema/pico-sdk/src/rp2_common/pico_standard_link/binary_info.c.obj
 .rodata.__bi_44
                0x1000a2e4        0xc CMakeFiles/main.dir/C_/Users/JoseCarlos/Desktop/Sistema/pico-sdk/src/rp2_common/pico_standard_link/binary_info.c.obj
 .rodata.__bi_75
                0x1000a2f0        0xc CMakeFiles/main.dir/C_/Users/JoseCarlos/Desktop/Sistema/pico-sdk/src/rp2_common/pico_standard_link/binary_info.c.obj
 .rodata.__bi_81
                0x1000a2fc        0xc CMakeFiles/main.dir/C_/Users/JoseCarlos/Desktop/Sistema/pico-sdk/src/rp2_common/pico_standard_link/binary_info.c.obj
 .rodata.crlf_str.2
                0x1000a308        0x2 CMakeFiles/main.dir/C_/Users/JoseCarlos/Desktop/Sistema/pico-sdk/src/rp2_common/pico_stdio/stdio.c.obj
 *fill*         0x1000a30a        0x2 
 .rodata.str1.4
                0x1000a30c       0x2c CMakeFiles/main.dir/C_/Users/JoseCarlos/Desktop/Sistema/pico-sdk/src/rp2_common/pico_stdio_uart/stdio_uart.c.obj
 .rodata.__bi_28.4
                0x1000a338        0xc CMakeFiles/main.dir/C_/Users/JoseCarlos/Desktop/Sistema/pico-sdk/src/rp2_common/pico_stdio_uart/stdio_uart.c.obj
 .rodata.__bi_29.5
                0x1000a344        0x8 CMakeFiles/main.dir/C_/Users/JoseCarlos/Desktop/Sistema/pico-sdk/src/rp2_common/pico_stdio_uart/stdio_uart.c.obj
 .rodata.dma_claim_unused_channel.str1.4
                0x1000a34c       0x1e CMakeFiles/main.dir/C_/Users/JoseCarlos/Desktop/Sistema/pico-sdk/src/rp2_common/hardware_dma/dma.c.obj
 *fill*         0x1000a36a        0x2 
 .rodata.str1.4
                0x1000a36c        0x5 libFreeRTOS.a(tasks.c.obj)
 *fill*         0x1000a371        0x3 
 .rodata        0x1000a374       0x28 libFreeRTOS.a(timers.c.obj)
 .rodata.str1.4
                0x1000a39c       0x10 libFreeRTOS.a(timers.c.obj)
 .rodata._ctype_
                0x1000a3ac      0x101 c:/progra~2/gnuarm~1/102020~1/bin/../lib/gcc/arm-none-eabi/10.2.1/../../../../arm-none-eabi/lib/thumb/v6-m/nofp\libg.a(lib_a-ctype_.o)
                0x1000a3ac                _ctype_
                0x1000a4b0                . = ALIGN (0x4)
 *fill*         0x1000a4ad        0x3 
 *(SORT_BY_ALIGNMENT(SORT_BY_NAME(.flashdata*)))
                0x1000a4b0                . = ALIGN (0x4)

.rel.dyn        0x1000a4b0        0x0
 .rel.iplt      0x1000a4b0        0x0 c:/progra~2/gnuarm~1/102020~1/bin/../lib/gcc/arm-none-eabi/10.2.1/thumb/v6-m/nofp/crtbegin.o

.ARM.extab
 *(.ARM.extab* .gnu.linkonce.armextab.*)
                0x1000a4b0                __exidx_start = .

.ARM.exidx
 *(.ARM.exidx* .gnu.linkonce.armexidx.*)
                0x1000a4b0                __exidx_end = .
                0x1000a4b0                . = ALIGN (0x4)
                0x1000a4b0                __binary_info_start = .

.binary_info    0x1000a4b0       0x24
 *(.binary_info.keep.*)
 .binary_info.keep.__bi_ptr22
                0x1000a4b0        0x4 CMakeFiles/main.dir/C_/Users/JoseCarlos/Desktop/Sistema/pico-sdk/src/rp2_common/pico_standard_link/binary_info.c.obj
 .binary_info.keep.__bi_ptr30
                0x1000a4b4        0x4 CMakeFiles/main.dir/C_/Users/JoseCarlos/Desktop/Sistema/pico-sdk/src/rp2_common/pico_standard_link/binary_info.c.obj
 .binary_info.keep.__bi_ptr38
                0x1000a4b8        0x4 CMakeFiles/main.dir/C_/Users/JoseCarlos/Desktop/Sistema/pico-sdk/src/rp2_common/pico_standard_link/binary_info.c.obj
 .binary_info.keep.__bi_ptr44
                0x1000a4bc        0x4 CMakeFiles/main.dir/C_/Users/JoseCarlos/Desktop/Sistema/pico-sdk/src/rp2_common/pico_standard_link/binary_info.c.obj
 .binary_info.keep.__bi_ptr50
                0x1000a4c0        0x4 CMakeFiles/main.dir/C_/Users/JoseCarlos/Desktop/Sistema/pico-sdk/src/rp2_common/pico_standard_link/binary_info.c.obj
 .binary_info.keep.__bi_ptr75
                0x1000a4c4        0x4 CMakeFiles/main.dir/C_/Users/JoseCarlos/Desktop/Sistema/pico-sdk/src/rp2_common/pico_standard_link/binary_info.c.obj
 .binary_info.keep.__bi_ptr81
                0x1000a4c8        0x4 CMakeFiles/main.dir/C_/Users/JoseCarlos/Desktop/Sistema/pico-sdk/src/rp2_common/pico_standard_link/binary_info.c.obj
 *(.binary_info.*)
 .binary_info.__bi_ptr28
                0x1000a4cc        0x4 CMakeFiles/main.dir/C_/Users/JoseCarlos/Desktop/Sistema/pico-sdk/src/rp2_common/pico_stdio_uart/stdio_uart.c.obj
 .binary_info.__bi_ptr29
                0x1000a4d0        0x4 CMakeFiles/main.dir/C_/Users/JoseCarlos/Desktop/Sistema/pico-sdk/src/rp2_common/pico_stdio_uart/stdio_uart.c.obj
                0x1000a4d4                __binary_info_end = .
                0x1000a4d4                . = ALIGN (0x4)
                0x1000a4d4                __etext = .

.ram_vector_table
                0x20000000       0xc0
 *(.ram_vector_table)
 .ram_vector_table
                0x20000000       0xc0 CMakeFiles/main.dir/C_/Users/JoseCarlos/Desktop/Sistema/pico-sdk/src/rp2_common/pico_runtime/runtime.c.obj
                0x20000000                ram_vector_table

.data           0x200000c0      0x64c load address 0x1000a4d4
                0x200000c0                __data_start__ = .
 *(vtable)
 *(.time_critical*)
 .time_critical.mutex_enter_blocking
                0x200000c0       0x64 CMakeFiles/main.dir/C_/Users/JoseCarlos/Desktop/Sistema/pico-sdk/src/common/pico_sync/mutex.c.obj
                0x200000c0                mutex_enter_blocking
 .time_critical.mutex_try_enter
                0x20000124       0x46 CMakeFiles/main.dir/C_/Users/JoseCarlos/Desktop/Sistema/pico-sdk/src/common/pico_sync/mutex.c.obj
                0x20000124                mutex_try_enter
 *fill*         0x2000016a        0x2 
 .time_critical.mutex_exit
                0x2000016c       0x4c CMakeFiles/main.dir/C_/Users/JoseCarlos/Desktop/Sistema/pico-sdk/src/common/pico_sync/mutex.c.obj
                0x2000016c                mutex_exit
 .time_critical.spi_write_blocking
                0x200001b8       0x3a CMakeFiles/main.dir/C_/Users/JoseCarlos/Desktop/Sistema/pico-sdk/src/rp2_common/hardware_spi/spi.c.obj
                0x200001b8                spi_write_blocking
 *(.text*)
 *fill*         0x200001f2        0x2 
 .text          0x200001f4        0x4 c:/progra~2/gnuarm~1/102020~1/bin/../lib/gcc/arm-none-eabi/10.2.1/thumb/v6-m/nofp\libgcc.a(_dvmd_tls.o)
                0x200001f4                __aeabi_idiv0
                0x200001f4                __aeabi_ldiv0
 .text.__stub   0x200001f8       0x10 linker stubs
                0x20000208                . = ALIGN (0x4)
 *(.rodata*)
                0x20000208                . = ALIGN (0x4)
 *(.data*)
 .data.striped_spin_lock_num
                0x20000208        0x1 CMakeFiles/main.dir/C_/Users/JoseCarlos/Desktop/Sistema/pico-sdk/src/rp2_common/hardware_sync/sync.c.obj
 *fill*         0x20000209        0x3 
 .data.default_alarm_pool
                0x2000020c       0x18 CMakeFiles/main.dir/C_/Users/JoseCarlos/Desktop/Sistema/pico-sdk/src/common/pico_time/time.c.obj
 .data.default_alarm_pool_heap
                0x20000224       0x10 CMakeFiles/main.dir/C_/Users/JoseCarlos/Desktop/Sistema/pico-sdk/src/common/pico_time/time.c.obj
 .data          0x20000234       0x48 CMakeFiles/main.dir/C_/Users/JoseCarlos/Desktop/Sistema/pico-sdk/src/rp2_common/hardware_irq/irq_handler_chain.S.obj
                0x20000234                irq_handler_chain_slots
                0x20000264                irq_handler_chain_first_slot
                0x2000026e                irq_handler_chain_remove_tail
 *fill*         0x2000027c        0x4 
 .data.aeabi_bits_funcs
                0x20000280       0x10 CMakeFiles/main.dir/C_/Users/JoseCarlos/Desktop/Sistema/pico-sdk/src/rp2_common/pico_bit_ops/bit_ops_aeabi.S.obj
                0x20000280                aeabi_bits_funcs
                0x20000290                aeabi_bits_funcs_end
 .data.aeabi_mem_funcs
                0x20000290       0x10 CMakeFiles/main.dir/C_/Users/JoseCarlos/Desktop/Sistema/pico-sdk/src/rp2_common/pico_mem_ops/mem_ops_aeabi.S.obj
                0x20000290                aeabi_mem_funcs
                0x200002a0                aeabi_mem_funcs_end
 .data.stdio_uart
                0x200002a0       0x14 CMakeFiles/main.dir/C_/Users/JoseCarlos/Desktop/Sistema/pico-sdk/src/rp2_common/pico_stdio_uart/stdio_uart.c.obj
                0x200002a0                stdio_uart
 .data.i2c0_inst
                0x200002b4        0x8 CMakeFiles/main.dir/C_/Users/JoseCarlos/Desktop/Sistema/pico-sdk/src/rp2_common/hardware_i2c/i2c.c.obj
                0x200002b4                i2c0_inst
 .data          0x200002bc        0x4 libFreeRTOS.a(tasks.c.obj)
                0x200002bc                uxTopUsedPriority
 .data          0x200002c0        0x4 libFreeRTOS.a(port.c.obj)
 .data._impure_ptr
                0x200002c4        0x4 c:/progra~2/gnuarm~1/102020~1/bin/../lib/gcc/arm-none-eabi/10.2.1/../../../../arm-none-eabi/lib/thumb/v6-m/nofp\libg.a(lib_a-impure.o)
                0x200002c4                _impure_ptr
 .data.impure_data
                0x200002c8      0x428 c:/progra~2/gnuarm~1/102020~1/bin/../lib/gcc/arm-none-eabi/10.2.1/../../../../arm-none-eabi/lib/thumb/v6-m/nofp\libg.a(lib_a-impure.o)
                0x200006f0                . = ALIGN (0x4)
 *(.after_data.*)
                0x200006f0                . = ALIGN (0x4)
                0x200006f0                PROVIDE (__mutex_array_start = .)
 *(SORT_BY_NAME(.mutex_array.*))
 *(.mutex_array)
 .mutex_array   0x200006f0        0x8 CMakeFiles/main.dir/C_/Users/JoseCarlos/Desktop/Sistema/pico-sdk/src/rp2_common/pico_stdio/stdio.c.obj
                0x200006f8                PROVIDE (__mutex_array_end = .)
                0x200006f8                . = ALIGN (0x4)
                0x200006f8                PROVIDE (__preinit_array_start = .)
 *(SORT_BY_NAME(.preinit_array.*))
 .preinit_array.00001
                0x200006f8        0x4 CMakeFiles/main.dir/C_/Users/JoseCarlos/Desktop/Sistema/pico-sdk/src/rp2_common/pico_mem_ops/mem_ops_aeabi.S.obj
 .preinit_array.00010
                0x200006fc        0x4 CMakeFiles/main.dir/C_/Users/JoseCarlos/Desktop/Sistema/pico-sdk/src/rp2_common/pico_bit_ops/bit_ops_aeabi.S.obj
 .preinit_array.00020
                0x20000700        0x4 CMakeFiles/main.dir/C_/Users/JoseCarlos/Desktop/Sistema/pico-sdk/src/rp2_common/pico_double/double_aeabi.S.obj
 .preinit_array.00020
                0x20000704        0x4 CMakeFiles/main.dir/C_/Users/JoseCarlos/Desktop/Sistema/pico-sdk/src/rp2_common/pico_float/float_aeabi.S.obj
 *(.preinit_array)
                0x20000708                PROVIDE (__preinit_array_end = .)
                0x20000708                . = ALIGN (0x4)
                0x20000708                PROVIDE (__init_array_start = .)
 *(SORT_BY_NAME(.init_array.*))
 *(.init_array)
 .init_array    0x20000708        0x4 c:/progra~2/gnuarm~1/102020~1/bin/../lib/gcc/arm-none-eabi/10.2.1/thumb/v6-m/nofp/crtbegin.o
                0x2000070c                PROVIDE (__init_array_end = .)
                0x2000070c                . = ALIGN (0x4)
                [!provide]                PROVIDE (__fini_array_start = .)
 *(SORT_BY_NAME(.fini_array.*))
 *(.fini_array)
                [!provide]                PROVIDE (__fini_array_end = .)
 *(.jcr)
                0x2000070c                . = ALIGN (0x4)
                0x2000070c                __data_end__ = .

.igot.plt       0x2000070c        0x0 load address 0x1000ab20
 .igot.plt      0x2000070c        0x0 c:/progra~2/gnuarm~1/102020~1/bin/../lib/gcc/arm-none-eabi/10.2.1/thumb/v6-m/nofp/crtbegin.o

.uninitialized_data
                0x2000070c        0x0 load address 0x1000ab20
                0x2000070c                . = ALIGN (0x4)
 *(.uninitialized_data*)

.scratch_x      0x20040000        0x0 load address 0x1000ab20
                0x20040000                __scratch_x_start__ = .
 *(.scratch_x.*)
                0x20040000                . = ALIGN (0x4)
                0x20040000                __scratch_x_end__ = .
                0x1000ab20                __scratch_x_source__ = LOADADDR (.scratch_x)

.scratch_y      0x20041000        0x0 load address 0x1000ab20
                0x20041000                __scratch_y_start__ = .
 *(.scratch_y.*)
                0x20041000                . = ALIGN (0x4)
                0x20041000                __scratch_y_end__ = .
                0x1000ab20                __scratch_y_source__ = LOADADDR (.scratch_y)

.bss            0x20000710    0x22264
                0x20000710                . = ALIGN (0x4)
                0x20000710                __bss_start__ = .
 *(SORT_BY_ALIGNMENT(SORT_BY_NAME(.bss*)))
 .bss.default_alarm_pool_entries
                0x20000710      0x100 CMakeFiles/main.dir/C_/Users/JoseCarlos/Desktop/Sistema/pico-sdk/src/common/pico_time/time.c.obj
 .bss.timer     0x20000810       0x18 CMakeFiles/main.dir/main.c.obj
                0x20000810                timer
 .bss           0x20000828       0x1c c:/progra~2/gnuarm~1/102020~1/bin/../lib/gcc/arm-none-eabi/10.2.1/thumb/v6-m/nofp/crtbegin.o
 .bss           0x20000844       0x50 libFreeRTOS.a(queue.c.obj)
                0x20000844                xQueueRegistry
 .bss           0x20000894       0xf0 libFreeRTOS.a(tasks.c.obj)
                0x20000958                pxCurrentTCB
 .bss           0x20000984       0x3c libFreeRTOS.a(timers.c.obj)
 .bss           0x200009c0    0x186c0 libFreeRTOS.a(heap_4.c.obj)
 .bss.adc       0x20019080     0x9088 CMakeFiles/main.dir/main.c.obj
                0x20019080                adc
 .bss.alarm_callbacks
                0x20022108       0x10 CMakeFiles/main.dir/C_/Users/JoseCarlos/Desktop/Sistema/pico-sdk/src/rp2_common/hardware_timer/timer.c.obj
 .bss.amp_ch1   0x20022118        0x4 CMakeFiles/main.dir/main.c.obj
                0x20022118                amp_ch1
 .bss.app_instruction_queue
                0x2002211c        0x4 CMakeFiles/main.dir/main.c.obj
                0x2002211c                app_instruction_queue
 .bss.configured_freq
                0x20022120       0x28 CMakeFiles/main.dir/C_/Users/JoseCarlos/Desktop/Sistema/pico-sdk/src/rp2_common/hardware_clocks/clocks.c.obj
 .bss.dac_values
                0x20022148      0x192 CMakeFiles/main.dir/main.c.obj
                0x20022148                dac_values
 *fill*         0x200222da        0x2 
 .bss.default_alarm_pool_entry_ids_high
                0x200222dc       0x10 CMakeFiles/main.dir/C_/Users/JoseCarlos/Desktop/Sistema/pico-sdk/src/common/pico_time/time.c.obj
 .bss.default_alarm_pool_heap_nodes
                0x200222ec       0x30 CMakeFiles/main.dir/C_/Users/JoseCarlos/Desktop/Sistema/pico-sdk/src/common/pico_time/time.c.obj
 .bss.dma_ch    0x2002231c        0x4 CMakeFiles/main.dir/main.c.obj
                0x2002231c                dma_ch
 .bss.dma_config
                0x20022320        0x4 CMakeFiles/main.dir/main.c.obj
                0x20022320                dma_config
 .bss.drivers   0x20022324        0x4 CMakeFiles/main.dir/C_/Users/JoseCarlos/Desktop/Sistema/pico-sdk/src/rp2_common/pico_stdio/stdio.c.obj
 .bss.end_probe_semphr
                0x20022328        0x4 CMakeFiles/main.dir/main.c.obj
                0x20022328                end_probe_semphr
 .bss.filter    0x2002232c        0x4 CMakeFiles/main.dir/C_/Users/JoseCarlos/Desktop/Sistema/pico-sdk/src/rp2_common/pico_stdio/stdio.c.obj
 .bss.pools     0x20022330       0x10 CMakeFiles/main.dir/C_/Users/JoseCarlos/Desktop/Sistema/pico-sdk/src/common/pico_time/time.c.obj
 .bss.qt_comprobe_con
                0x20022340        0x4 CMakeFiles/main.dir/main.c.obj
                0x20022340                qt_comprobe_con
 .bss.screen    0x20022344      0x400 CMakeFiles/main.dir/main.c.obj
                0x20022344                screen
 .bss.sd_table  0x20022744      0x100 CMakeFiles/main.dir/C_/Users/JoseCarlos/Desktop/Sistema/pico-sdk/src/rp2_common/pico_double/double_init_rom.c.obj
                0x20022744                sd_table
 .bss.serial_mutex
                0x20022844        0x4 CMakeFiles/main.dir/main.c.obj
                0x20022844                serial_mutex
 .bss.sf_clz_func
                0x20022848        0x4 CMakeFiles/main.dir/C_/Users/JoseCarlos/Desktop/Sistema/pico-sdk/src/rp2_common/pico_float/float_init_rom.c.obj
                0x20022848                sf_clz_func
 .bss.sf_table  0x2002284c      0x100 CMakeFiles/main.dir/C_/Users/JoseCarlos/Desktop/Sistema/pico-sdk/src/rp2_common/pico_float/float_init_rom.c.obj
                0x2002284c                sf_table
 .bss.status_queue
                0x2002294c        0x4 CMakeFiles/main.dir/main.c.obj
                0x2002294c                status_queue
 .bss.target_hi
                0x20022950       0x10 CMakeFiles/main.dir/C_/Users/JoseCarlos/Desktop/Sistema/pico-sdk/src/rp2_common/hardware_timer/timer.c.obj
 .bss.uart_char_to_line_feed
                0x20022960        0x4 CMakeFiles/main.dir/C_/Users/JoseCarlos/Desktop/Sistema/pico-sdk/src/rp2_common/hardware_uart/uart.c.obj
                0x20022960                uart_char_to_line_feed
 .bss.uart_instance
                0x20022964        0x4 CMakeFiles/main.dir/C_/Users/JoseCarlos/Desktop/Sistema/pico-sdk/src/rp2_common/pico_stdio_uart/stdio_uart.c.obj
 .bss._claimed  0x20022968        0x2 CMakeFiles/main.dir/C_/Users/JoseCarlos/Desktop/Sistema/pico-sdk/src/rp2_common/hardware_dma/dma.c.obj
 .bss.index_dac
                0x2002296a        0x2 CMakeFiles/main.dir/main.c.obj
                0x2002296a                index_dac
 .bss.claimed   0x2002296c        0x1 CMakeFiles/main.dir/C_/Users/JoseCarlos/Desktop/Sistema/pico-sdk/src/rp2_common/hardware_timer/timer.c.obj
 .bss.irq_hander_chain_free_slot_head
                0x2002296d        0x1 CMakeFiles/main.dir/C_/Users/JoseCarlos/Desktop/Sistema/pico-sdk/src/rp2_common/hardware_irq/irq.c.obj
 .bss.n_samples
                0x2002296e        0x1 CMakeFiles/main.dir/main.c.obj
                0x2002296e                n_samples
 .bss.resistor_value
                0x2002296f        0x1 CMakeFiles/main.dir/main.c.obj
                0x2002296f                resistor_value
 .bss.timer_callbacks_pending
                0x20022970        0x1 CMakeFiles/main.dir/C_/Users/JoseCarlos/Desktop/Sistema/pico-sdk/src/rp2_common/hardware_timer/timer.c.obj
 .bss.type      0x20022971        0x1 CMakeFiles/main.dir/main.c.obj
                0x20022971                type
 .bss.x.5       0x20022972        0x1 CMakeFiles/main.dir/main.c.obj
 .bss.y.4       0x20022973        0x1 CMakeFiles/main.dir/main.c.obj
 *(COMMON)
                0x20022974                . = ALIGN (0x4)
                0x20022974                __bss_end__ = .

.heap           0x20022974      0x800
                0x20022974                __end__ = .
                0x20022974                end = __end__
 *(.heap*)
 .heap          0x20022974      0x800 CMakeFiles/main.dir/C_/Users/JoseCarlos/Desktop/Sistema/pico-sdk/src/rp2_common/pico_standard_link/crt0.S.obj
                0x20023174                __HeapLimit = .

.stack1_dummy   0x20040000        0x0
 *(.stack1*)

.stack_dummy    0x20041000      0x800
 *(.stack*)
 .stack         0x20041000      0x800 CMakeFiles/main.dir/C_/Users/JoseCarlos/Desktop/Sistema/pico-sdk/src/rp2_common/pico_standard_link/crt0.S.obj

.flash_end      0x1000ab20        0x0
                0x1000ab20                __flash_binary_end = .
                0x20040000                __StackLimit = (ORIGIN (RAM) + LENGTH (RAM))
                0x20041000                __StackOneTop = (ORIGIN (SCRATCH_X) + LENGTH (SCRATCH_X))
                0x20042000                __StackTop = (ORIGIN (SCRATCH_Y) + LENGTH (SCRATCH_Y))
                0x20041000                __StackOneBottom = (__StackOneTop - SIZEOF (.stack1_dummy))
                0x20041800                __StackBottom = (__StackTop - SIZEOF (.stack_dummy))
                0x20042000                PROVIDE (__stack = __StackTop)
                0x00000001                ASSERT ((__StackLimit >= __HeapLimit), region RAM overflowed)
                0x00000001                ASSERT (((__binary_info_header_end - __logical_binary_start) <= 0x100), Binary info must be in first 256 bytes of the binary)
LOAD CMakeFiles/main.dir/main.c.obj
LOAD CMakeFiles/main.dir/C_/Users/JoseCarlos/Desktop/Sistema/pico-sdk/src/rp2_common/pico_stdlib/stdlib.c.obj
LOAD CMakeFiles/main.dir/C_/Users/JoseCarlos/Desktop/Sistema/pico-sdk/src/rp2_common/hardware_gpio/gpio.c.obj
LOAD CMakeFiles/main.dir/C_/Users/JoseCarlos/Desktop/Sistema/pico-sdk/src/rp2_common/hardware_claim/claim.c.obj
LOAD CMakeFiles/main.dir/C_/Users/JoseCarlos/Desktop/Sistema/pico-sdk/src/rp2_common/hardware_sync/sync.c.obj
LOAD CMakeFiles/main.dir/C_/Users/JoseCarlos/Desktop/Sistema/pico-sdk/src/rp2_common/pico_platform/platform.c.obj
LOAD CMakeFiles/main.dir/C_/Users/JoseCarlos/Desktop/Sistema/pico-sdk/src/rp2_common/hardware_uart/uart.c.obj
LOAD CMakeFiles/main.dir/C_/Users/JoseCarlos/Desktop/Sistema/pico-sdk/src/rp2_common/hardware_divider/divider.S.obj
LOAD CMakeFiles/main.dir/C_/Users/JoseCarlos/Desktop/Sistema/pico-sdk/src/common/pico_time/time.c.obj
LOAD CMakeFiles/main.dir/C_/Users/JoseCarlos/Desktop/Sistema/pico-sdk/src/common/pico_time/timeout_helper.c.obj
LOAD CMakeFiles/main.dir/C_/Users/JoseCarlos/Desktop/Sistema/pico-sdk/src/rp2_common/hardware_timer/timer.c.obj
LOAD CMakeFiles/main.dir/C_/Users/JoseCarlos/Desktop/Sistema/pico-sdk/src/common/pico_sync/sem.c.obj
LOAD CMakeFiles/main.dir/C_/Users/JoseCarlos/Desktop/Sistema/pico-sdk/src/common/pico_sync/lock_core.c.obj
LOAD CMakeFiles/main.dir/C_/Users/JoseCarlos/Desktop/Sistema/pico-sdk/src/common/pico_sync/mutex.c.obj
LOAD CMakeFiles/main.dir/C_/Users/JoseCarlos/Desktop/Sistema/pico-sdk/src/common/pico_sync/critical_section.c.obj
LOAD CMakeFiles/main.dir/C_/Users/JoseCarlos/Desktop/Sistema/pico-sdk/src/common/pico_util/datetime.c.obj
LOAD CMakeFiles/main.dir/C_/Users/JoseCarlos/Desktop/Sistema/pico-sdk/src/common/pico_util/pheap.c.obj
LOAD CMakeFiles/main.dir/C_/Users/JoseCarlos/Desktop/Sistema/pico-sdk/src/common/pico_util/queue.c.obj
LOAD CMakeFiles/main.dir/C_/Users/JoseCarlos/Desktop/Sistema/pico-sdk/src/rp2_common/pico_runtime/runtime.c.obj
LOAD CMakeFiles/main.dir/C_/Users/JoseCarlos/Desktop/Sistema/pico-sdk/src/rp2_common/hardware_clocks/clocks.c.obj
LOAD CMakeFiles/main.dir/C_/Users/JoseCarlos/Desktop/Sistema/pico-sdk/src/rp2_common/hardware_watchdog/watchdog.c.obj
LOAD CMakeFiles/main.dir/C_/Users/JoseCarlos/Desktop/Sistema/pico-sdk/src/rp2_common/hardware_xosc/xosc.c.obj
LOAD CMakeFiles/main.dir/C_/Users/JoseCarlos/Desktop/Sistema/pico-sdk/src/rp2_common/hardware_pll/pll.c.obj
LOAD CMakeFiles/main.dir/C_/Users/JoseCarlos/Desktop/Sistema/pico-sdk/src/rp2_common/hardware_vreg/vreg.c.obj
LOAD CMakeFiles/main.dir/C_/Users/JoseCarlos/Desktop/Sistema/pico-sdk/src/rp2_common/hardware_irq/irq.c.obj
LOAD CMakeFiles/main.dir/C_/Users/JoseCarlos/Desktop/Sistema/pico-sdk/src/rp2_common/hardware_irq/irq_handler_chain.S.obj
LOAD CMakeFiles/main.dir/C_/Users/JoseCarlos/Desktop/Sistema/pico-sdk/src/rp2_common/pico_printf/printf.c.obj
LOAD CMakeFiles/main.dir/C_/Users/JoseCarlos/Desktop/Sistema/pico-sdk/src/rp2_common/pico_bit_ops/bit_ops_aeabi.S.obj
LOAD CMakeFiles/main.dir/C_/Users/JoseCarlos/Desktop/Sistema/pico-sdk/src/rp2_common/pico_bootrom/bootrom.c.obj
LOAD CMakeFiles/main.dir/C_/Users/JoseCarlos/Desktop/Sistema/pico-sdk/src/rp2_common/pico_divider/divider.S.obj
LOAD CMakeFiles/main.dir/C_/Users/JoseCarlos/Desktop/Sistema/pico-sdk/src/rp2_common/pico_double/double_aeabi.S.obj
LOAD CMakeFiles/main.dir/C_/Users/JoseCarlos/Desktop/Sistema/pico-sdk/src/rp2_common/pico_double/double_init_rom.c.obj
LOAD CMakeFiles/main.dir/C_/Users/JoseCarlos/Desktop/Sistema/pico-sdk/src/rp2_common/pico_double/double_math.c.obj
LOAD CMakeFiles/main.dir/C_/Users/JoseCarlos/Desktop/Sistema/pico-sdk/src/rp2_common/pico_double/double_v1_rom_shim.S.obj
LOAD CMakeFiles/main.dir/C_/Users/JoseCarlos/Desktop/Sistema/pico-sdk/src/rp2_common/pico_int64_ops/pico_int64_ops_aeabi.S.obj
LOAD CMakeFiles/main.dir/C_/Users/JoseCarlos/Desktop/Sistema/pico-sdk/src/rp2_common/pico_float/float_aeabi.S.obj
LOAD CMakeFiles/main.dir/C_/Users/JoseCarlos/Desktop/Sistema/pico-sdk/src/rp2_common/pico_float/float_init_rom.c.obj
LOAD CMakeFiles/main.dir/C_/Users/JoseCarlos/Desktop/Sistema/pico-sdk/src/rp2_common/pico_float/float_math.c.obj
LOAD CMakeFiles/main.dir/C_/Users/JoseCarlos/Desktop/Sistema/pico-sdk/src/rp2_common/pico_float/float_v1_rom_shim.S.obj
LOAD CMakeFiles/main.dir/C_/Users/JoseCarlos/Desktop/Sistema/pico-sdk/src/rp2_common/pico_malloc/pico_malloc.c.obj
LOAD CMakeFiles/main.dir/C_/Users/JoseCarlos/Desktop/Sistema/pico-sdk/src/rp2_common/pico_mem_ops/mem_ops_aeabi.S.obj
LOAD CMakeFiles/main.dir/C_/Users/JoseCarlos/Desktop/Sistema/pico-sdk/src/rp2_common/pico_standard_link/crt0.S.obj
LOAD CMakeFiles/main.dir/C_/Users/JoseCarlos/Desktop/Sistema/pico-sdk/src/rp2_common/pico_standard_link/new_delete.cpp.obj
LOAD CMakeFiles/main.dir/C_/Users/JoseCarlos/Desktop/Sistema/pico-sdk/src/rp2_common/pico_standard_link/binary_info.c.obj
LOAD CMakeFiles/main.dir/C_/Users/JoseCarlos/Desktop/Sistema/pico-sdk/src/rp2_common/pico_stdio/stdio.c.obj
LOAD CMakeFiles/main.dir/C_/Users/JoseCarlos/Desktop/Sistema/pico-sdk/src/rp2_common/pico_stdio_uart/stdio_uart.c.obj
LOAD CMakeFiles/main.dir/C_/Users/JoseCarlos/Desktop/Sistema/pico-sdk/src/rp2_common/hardware_i2c/i2c.c.obj
LOAD CMakeFiles/main.dir/C_/Users/JoseCarlos/Desktop/Sistema/pico-sdk/src/rp2_common/hardware_dma/dma.c.obj
LOAD CMakeFiles/main.dir/C_/Users/JoseCarlos/Desktop/Sistema/pico-sdk/src/rp2_common/hardware_adc/adc.c.obj
LOAD CMakeFiles/main.dir/C_/Users/JoseCarlos/Desktop/Sistema/pico-sdk/src/rp2_common/hardware_spi/spi.c.obj
LOAD libFreeRTOS.a
LOAD C:\Users\JOSECA~1\AppData\Local\Temp\ccabMWUe.o
LOAD c:/progra~2/gnuarm~1/102020~1/bin/../lib/gcc/arm-none-eabi/10.2.1/../../../../arm-none-eabi/lib/thumb/v6-m/nofp\libstdc++.a
LOAD c:/progra~2/gnuarm~1/102020~1/bin/../lib/gcc/arm-none-eabi/10.2.1/../../../../arm-none-eabi/lib/thumb/v6-m/nofp\libm.a
START GROUP
LOAD c:/progra~2/gnuarm~1/102020~1/bin/../lib/gcc/arm-none-eabi/10.2.1/thumb/v6-m/nofp\libgcc.a