Archive member included to satisfy reference by file (symbol)

libFreeRTOS.a(queue.c.obj)    CMakeFiles/main.dir/main.c.obj (xQueueGenericCreate)
libFreeRTOS.a(tasks.c.obj)    CMakeFiles/main.dir/main.c.obj (xTaskCreate)
libFreeRTOS.a(timers.c.obj)   libFreeRTOS.a(tasks.c.obj) (xTimerCreateTimerTask)
libFreeRTOS.a(port.c.obj)     libFreeRTOS.a(tasks.c.obj) (pxPortInitialiseStack)
libFreeRTOS.a(heap_4.c.obj)   libFreeRTOS.a(queue.c.obj) (pvPortMalloc)
libFreeRTOS.a(list.c.obj)     libFreeRTOS.a(queue.c.obj) (vListInitialise)
c:/progra~2/gnuarm~1/102020~1/bin/../lib/gcc/arm-none-eabi/10.2.1/thumb/v6-m/nofp\libgcc.a(_dvmd_tls.o)
                              CMakeFiles/main.dir/C_/Users/JoseCarlos/Desktop/Sistema/pico-sdk/src/rp2_common/pico_divider/divider.S.obj (__aeabi_idiv0)
c:/progra~2/gnuarm~1/102020~1/bin/../lib/gcc/arm-none-eabi/10.2.1/../../../../arm-none-eabi/lib/thumb/v6-m/nofp\libg.a(lib_a-atoi.o)
                              CMakeFiles/main.dir/main.c.obj (atoi)
c:/progra~2/gnuarm~1/102020~1/bin/../lib/gcc/arm-none-eabi/10.2.1/../../../../arm-none-eabi/lib/thumb/v6-m/nofp\libg.a(lib_a-calloc.o)
                              CMakeFiles/main.dir/C_/Users/JoseCarlos/Desktop/Sistema/pico-sdk/src/rp2_common/pico_malloc/pico_malloc.c.obj (calloc)
c:/progra~2/gnuarm~1/102020~1/bin/../lib/gcc/arm-none-eabi/10.2.1/../../../../arm-none-eabi/lib/thumb/v6-m/nofp\libg.a(lib_a-callocr.o)
                              c:/progra~2/gnuarm~1/102020~1/bin/../lib/gcc/arm-none-eabi/10.2.1/../../../../arm-none-eabi/lib/thumb/v6-m/nofp\libg.a(lib_a-calloc.o) (_calloc_r)
c:/progra~2/gnuarm~1/102020~1/bin/../lib/gcc/arm-none-eabi/10.2.1/../../../../arm-none-eabi/lib/thumb/v6-m/nofp\libg.a(lib_a-impure.o)
                              c:/progra~2/gnuarm~1/102020~1/bin/../lib/gcc/arm-none-eabi/10.2.1/../../../../arm-none-eabi/lib/thumb/v6-m/nofp\libg.a(lib_a-calloc.o) (_impure_ptr)
c:/progra~2/gnuarm~1/102020~1/bin/../lib/gcc/arm-none-eabi/10.2.1/../../../../arm-none-eabi/lib/thumb/v6-m/nofp\libg.a(lib_a-init.o)
                              c:/progra~2/gnuarm~1/102020~1/bin/../lib/gcc/arm-none-eabi/10.2.1/../../../../arm-none-eabi/lib/thumb/v6-m/nofp/crt0.o (__libc_init_array)
c:/progra~2/gnuarm~1/102020~1/bin/../lib/gcc/arm-none-eabi/10.2.1/../../../../arm-none-eabi/lib/thumb/v6-m/nofp\libg.a(lib_a-malloc.o)
                              CMakeFiles/main.dir/C_/Users/JoseCarlos/Desktop/Sistema/pico-sdk/src/rp2_common/pico_malloc/pico_malloc.c.obj (malloc)
c:/progra~2/gnuarm~1/102020~1/bin/../lib/gcc/arm-none-eabi/10.2.1/../../../../arm-none-eabi/lib/thumb/v6-m/nofp\libg.a(lib_a-mallocr.o)
                              c:/progra~2/gnuarm~1/102020~1/bin/../lib/gcc/arm-none-eabi/10.2.1/../../../../arm-none-eabi/lib/thumb/v6-m/nofp\libg.a(lib_a-callocr.o) (_malloc_r)
c:/progra~2/gnuarm~1/102020~1/bin/../lib/gcc/arm-none-eabi/10.2.1/../../../../arm-none-eabi/lib/thumb/v6-m/nofp\libg.a(lib_a-mlock.o)
                              c:/progra~2/gnuarm~1/102020~1/bin/../lib/gcc/arm-none-eabi/10.2.1/../../../../arm-none-eabi/lib/thumb/v6-m/nofp\libg.a(lib_a-mallocr.o) (__malloc_lock)
c:/progra~2/gnuarm~1/102020~1/bin/../lib/gcc/arm-none-eabi/10.2.1/../../../../arm-none-eabi/lib/thumb/v6-m/nofp\libg.a(lib_a-sbrkr.o)
                              c:/progra~2/gnuarm~1/102020~1/bin/../lib/gcc/arm-none-eabi/10.2.1/../../../../arm-none-eabi/lib/thumb/v6-m/nofp\libg.a(lib_a-mallocr.o) (_sbrk_r)
c:/progra~2/gnuarm~1/102020~1/bin/../lib/gcc/arm-none-eabi/10.2.1/../../../../arm-none-eabi/lib/thumb/v6-m/nofp\libg.a(lib_a-strcpy.o)
                              CMakeFiles/main.dir/main.c.obj (strcpy)
c:/progra~2/gnuarm~1/102020~1/bin/../lib/gcc/arm-none-eabi/10.2.1/../../../../arm-none-eabi/lib/thumb/v6-m/nofp\libg.a(lib_a-strlen-stub.o)
                              CMakeFiles/main.dir/main.c.obj (strlen)
c:/progra~2/gnuarm~1/102020~1/bin/../lib/gcc/arm-none-eabi/10.2.1/../../../../arm-none-eabi/lib/thumb/v6-m/nofp\libg.a(lib_a-strtok.o)
                              CMakeFiles/main.dir/main.c.obj (strtok)
c:/progra~2/gnuarm~1/102020~1/bin/../lib/gcc/arm-none-eabi/10.2.1/../../../../arm-none-eabi/lib/thumb/v6-m/nofp\libg.a(lib_a-strtok_r.o)
                              c:/progra~2/gnuarm~1/102020~1/bin/../lib/gcc/arm-none-eabi/10.2.1/../../../../arm-none-eabi/lib/thumb/v6-m/nofp\libg.a(lib_a-strtok.o) (__strtok_r)
c:/progra~2/gnuarm~1/102020~1/bin/../lib/gcc/arm-none-eabi/10.2.1/../../../../arm-none-eabi/lib/thumb/v6-m/nofp\libg.a(lib_a-strtol.o)
                              c:/progra~2/gnuarm~1/102020~1/bin/../lib/gcc/arm-none-eabi/10.2.1/../../../../arm-none-eabi/lib/thumb/v6-m/nofp\libg.a(lib_a-atoi.o) (_strtol_r)
c:/progra~2/gnuarm~1/102020~1/bin/../lib/gcc/arm-none-eabi/10.2.1/../../../../arm-none-eabi/lib/thumb/v6-m/nofp\libg.a(lib_a-ctype_.o)
                              c:/progra~2/gnuarm~1/102020~1/bin/../lib/gcc/arm-none-eabi/10.2.1/../../../../arm-none-eabi/lib/thumb/v6-m/nofp\libg.a(lib_a-strtol.o) (_ctype_)
[...]
Memory Configuration

Name             Origin             Length             Attributes
FLASH            0x10000000         0x00200000         xr
RAM              0x20000000         0x00040000         xrw
SCRATCH_X        0x20040000         0x00001000         xrw
SCRATCH_Y        0x20041000         0x00001000         xrw
*default*        0x00000000         0xffffffff

Linker script and memory map

LOAD c:/progra~2/gnuarm~1/102020~1/bin/../lib/gcc/arm-none-eabi/10.2.1/thumb/v6-m/nofp/crti.o
LOAD c:/progra~2/gnuarm~1/102020~1/bin/../lib/gcc/arm-none-eabi/10.2.1/thumb/v6-m/nofp/crtbegin.o
LOAD c:/progra~2/gnuarm~1/102020~1/bin/../lib/gcc/arm-none-eabi/10.2.1/../../../../arm-none-eabi/lib/thumb/v6-m/nofp/crt0.o

.flash_begin    0x10000000        0x0
                0x10000000                __flash_binary_start = .

.boot2          0x10000000      0x100
                0x10000000                __boot2_start__ = .
 *(.boot2)
 .boot2         0x10000000      0x100 C:\Users\JOSECA~1\AppData\Local\Temp\ccDoNcbk.o
                0x10000100                __boot2_end__ = .
                0x00000001                ASSERT (((__boot2_end__ - __boot2_start__) == 0x100), ERROR: Pico second stage bootloader must be 256 bytes in size)

.text           0x10000100     0x8108
                0x10000100                __logical_binary_start = .
 *(.vectors)
 .vectors       0x10000100       0xd4 CMakeFiles/main.dir/C_/Users/JoseCarlos/Desktop/Sistema/pico-sdk/src/rp2_common/pico_standard_link/crt0.S.obj
                0x10000100                __vectors
                0x100001c0                isr_invalid
                0x100001c2                isr_nmi
                0x100001c4                isr_hardfault
                0x100001cc                isr_irq5
                0x100001cc                isr_irq11
                0x100001cc                isr_irq31
                0x100001cc                isr_irq27
                0x100001cc                __unhandled_user_irq
                0x100001cc                isr_irq18
                0x100001cc                isr_irq13
                0x100001cc                isr_irq28
                0x100001cc                isr_irq19
                0x100001cc                isr_irq0
                0x100001cc                isr_irq6
                0x100001cc                isr_irq23
                0x100001cc                isr_irq12
                0x100001cc                isr_irq22
                0x100001cc                isr_irq30
                0x100001cc                isr_irq17
                0x100001cc                isr_irq14
                0x100001cc                isr_irq2
                0x100001cc                isr_irq10
                0x100001cc                isr_irq8
                0x100001cc                isr_irq24
                0x100001cc                isr_irq1
                0x100001cc                isr_irq7
                0x100001cc                isr_irq21
                0x100001cc                isr_irq20
                0x100001cc                isr_irq15
                0x100001cc                isr_irq25
                0x100001cc                isr_irq4
                0x100001cc                isr_irq16
                0x100001cc                isr_irq29
                0x100001cc                isr_irq26
                0x100001cc                isr_irq3
                0x100001cc                isr_irq9
                0x100001d2                unhandled_user_irq_num_in_r0
 *(.binary_info_header)
 .binary_info_header
                0x100001d4       0x14 CMakeFiles/main.dir/C_/Users/JoseCarlos/Desktop/Sistema/pico-sdk/src/rp2_common/pico_standard_link/crt0.S.obj
                0x100001e8                __binary_info_header_end = .
 *(.reset)
 .reset         0x100001e8       0xa8 CMakeFiles/main.dir/C_/Users/JoseCarlos/Desktop/Sistema/pico-sdk/src/rp2_common/pico_standard_link/crt0.S.obj
                0x100001e8                _entry_point
                0x10000266                __get_current_exception
 .reset         0x10000290       0x30 CMakeFiles/main.dir/C_/Users/JoseCarlos/Desktop/Sistema/pico-sdk/src/rp2_common/pico_standard_link/binary_info.c.obj
 *(.init)
 .init          0x100002c0        0x4 c:/progra~2/gnuarm~1/102020~1/bin/../lib/gcc/arm-none-eabi/10.2.1/thumb/v6-m/nofp/crti.o
                0x100002c0                _init
 *(EXCLUDE_FILE(*libm.a: *libc.a:*lib_a-mem*.o *libgcc.a:) .text*)
 .text          0x100002c4       0x48 c:/progra~2/gnuarm~1/102020~1/bin/../lib/gcc/arm-none-eabi/10.2.1/thumb/v6-m/nofp/crtbegin.o
 .text.set_opa  0x1000030c       0x1c CMakeFiles/main.dir/main.c.obj
                0x1000030c                set_opa
 .text.i2c_check_response
                0x10000328       0x7c CMakeFiles/main.dir/main.c.obj
                0x10000328                i2c_check_response
 .text.enable_opa
                0x100003a4       0x1c CMakeFiles/main.dir/main.c.obj
                0x100003a4                enable_opa
 .text.set_rele
                0x100003c0       0x36 CMakeFiles/main.dir/main.c.obj
                0x100003c0                set_rele
 .text.init_digital_outputs
                0x100003f6       0x38 CMakeFiles/main.dir/main.c.obj
                0x100003f6                init_digital_outputs
 *fill*         0x1000042e        0x2 
 .text.init_serial
                0x10000430       0x58 CMakeFiles/main.dir/main.c.obj
                0x10000430                init_serial
 .text.transmit_serial
                0x10000488       0xd4 CMakeFiles/main.dir/main.c.obj
                0x10000488                transmit_serial
 .text.comprobe_connection_task
                0x1000055c       0x48 CMakeFiles/main.dir/main.c.obj
                0x1000055c                comprobe_connection_task
 .text.read_instruct
                0x100005a4       0x9c CMakeFiles/main.dir/main.c.obj
                0x100005a4                read_instruct
 .text.serial_receive_task
                0x10000640       0xf0 CMakeFiles/main.dir/main.c.obj
                0x10000640                serial_receive_task
 .text.transmit_adc_values
                0x10000730      0x294 CMakeFiles/main.dir/main.c.obj
                0x10000730                transmit_adc_values
 .text.init_i2c_bus
                0x100009c4       0x24 CMakeFiles/main.dir/main.c.obj
                0x100009c4                init_i2c_bus
 .text.check_i2c_devices
                0x100009e8       0x24 CMakeFiles/main.dir/main.c.obj
                0x100009e8                check_i2c_devices
 .text.init_adc
                0x10000a0c       0x80 CMakeFiles/main.dir/main.c.obj
                0x10000a0c                init_adc
 .text.set_dac_value
                0x10000a8c       0x24 CMakeFiles/main.dir/main.c.obj
                0x10000a8c                set_dac_value
 .text.start_probe
                0x10000ab0       0xac CMakeFiles/main.dir/main.c.obj
                0x10000ab0                start_probe
 .text.init_dac
                0x10000b5c       0x14 CMakeFiles/main.dir/main.c.obj
                0x10000b5c                init_dac
 .text.timer2Callback
                0x10000b70       0xec CMakeFiles/main.dir/main.c.obj
                0x10000b70                timer2Callback
 .text.generate_ramp
                0x10000c5c       0xa4 CMakeFiles/main.dir/main.c.obj
                0x10000c5c                generate_ramp
 .text.app_main_task
                0x10000d00       0xe8 CMakeFiles/main.dir/main.c.obj
                0x10000d00                app_main_task
 .text.set_dig_pot
                0x10000de8       0x28 CMakeFiles/main.dir/main.c.obj
                0x10000de8                set_dig_pot
 .text.init_dig_pot
                0x10000e10       0x60 CMakeFiles/main.dir/main.c.obj
                0x10000e10                init_dig_pot
 .text.timer1Callback
                0x10000e70       0xf8 CMakeFiles/main.dir/main.c.obj
                0x10000e70                timer1Callback
 .text.init_dma
                0x10000f68       0x98 CMakeFiles/main.dir/main.c.obj
                0x10000f68                init_dma
 .text.main     0x10001000      0x108 CMakeFiles/main.dir/main.c.obj
                0x10001000                main
 .text.set_sys_clock_pll
                0x10001108       0x78 CMakeFiles/main.dir/C_/Users/JoseCarlos/Desktop/Sistema/pico-sdk/src/rp2_common/pico_stdlib/stdlib.c.obj
                0x10001108                set_sys_clock_pll
 .text.check_sys_clock_khz
                0x10001180       0xb0 CMakeFiles/main.dir/C_/Users/JoseCarlos/Desktop/Sistema/pico-sdk/src/rp2_common/pico_stdlib/stdlib.c.obj
                0x10001180                check_sys_clock_khz
 .text.gpio_set_function
                0x10001230       0x30 CMakeFiles/main.dir/C_/Users/JoseCarlos/Desktop/Sistema/pico-sdk/src/rp2_common/hardware_gpio/gpio.c.obj
                0x10001230                gpio_set_function
 .text.gpio_set_pulls
                0x10001260       0x34 CMakeFiles/main.dir/C_/Users/JoseCarlos/Desktop/Sistema/pico-sdk/src/rp2_common/hardware_gpio/gpio.c.obj
                0x10001260                gpio_set_pulls
 .text.gpio_set_input_enabled
                0x10001294       0x30 CMakeFiles/main.dir/C_/Users/JoseCarlos/Desktop/Sistema/pico-sdk/src/rp2_common/hardware_gpio/gpio.c.obj
                0x10001294                gpio_set_input_enabled
 .text.gpio_init
                0x100012c4       0x16 CMakeFiles/main.dir/C_/Users/JoseCarlos/Desktop/Sistema/pico-sdk/src/rp2_common/hardware_gpio/gpio.c.obj
                0x100012c4                gpio_init
 *fill*         0x100012da        0x2 
 .text.hw_claim_lock
                0x100012dc       0x18 CMakeFiles/main.dir/C_/Users/JoseCarlos/Desktop/Sistema/pico-sdk/src/rp2_common/hardware_claim/claim.c.obj
                0x100012dc                hw_claim_lock
 .text.hw_claim_unlock
                0x100012f4       0x14 CMakeFiles/main.dir/C_/Users/JoseCarlos/Desktop/Sistema/pico-sdk/src/rp2_common/hardware_claim/claim.c.obj
                0x100012f4                hw_claim_unlock
 .text.hw_claim_or_assert
                0x10001308       0x36 CMakeFiles/main.dir/C_/Users/JoseCarlos/Desktop/Sistema/pico-sdk/src/rp2_common/hardware_claim/claim.c.obj
                0x10001308                hw_claim_or_assert
 .text.hw_claim_unused_from_range
                0x1000133e       0x58 CMakeFiles/main.dir/C_/Users/JoseCarlos/Desktop/Sistema/pico-sdk/src/rp2_common/hardware_claim/claim.c.obj
                0x1000133e                hw_claim_unused_from_range
 *fill*         0x10001396        0x2 
 .text.spin_locks_reset
                0x10001398       0x20 CMakeFiles/main.dir/C_/Users/JoseCarlos/Desktop/Sistema/pico-sdk/src/rp2_common/hardware_sync/sync.c.obj
                0x10001398                spin_locks_reset
 .text.next_striped_spin_lock_num
                0x100013b8       0x1c CMakeFiles/main.dir/C_/Users/JoseCarlos/Desktop/Sistema/pico-sdk/src/rp2_common/hardware_sync/sync.c.obj
                0x100013b8                next_striped_spin_lock_num
 .text.running_on_fpga
                0x100013d4       0x14 CMakeFiles/main.dir/C_/Users/JoseCarlos/Desktop/Sistema/pico-sdk/src/rp2_common/pico_platform/platform.c.obj
                0x100013d4                running_on_fpga
 .text.uart_set_baudrate
                0x100013e8       0x64 CMakeFiles/main.dir/C_/Users/JoseCarlos/Desktop/Sistema/pico-sdk/src/rp2_common/hardware_uart/uart.c.obj
                0x100013e8                uart_set_baudrate
 .text.uart_set_translate_crlf
                0x1000144c       0x28 CMakeFiles/main.dir/C_/Users/JoseCarlos/Desktop/Sistema/pico-sdk/src/rp2_common/hardware_uart/uart.c.obj
                0x1000144c                uart_set_translate_crlf
 .text.uart_init
                0x10001474       0x80 CMakeFiles/main.dir/C_/Users/JoseCarlos/Desktop/Sistema/pico-sdk/src/rp2_common/hardware_uart/uart.c.obj
                0x10001474                uart_init
 .text.repeating_timer_callback
                0x100014f4       0x40 CMakeFiles/main.dir/C_/Users/JoseCarlos/Desktop/Sistema/pico-sdk/src/common/pico_time/time.c.obj
 .text.alarm_pool_post_alloc_init
                0x10001534       0x40 CMakeFiles/main.dir/C_/Users/JoseCarlos/Desktop/Sistema/pico-sdk/src/common/pico_time/time.c.obj
 .text.timer_pool_entry_comparator
                0x10001574       0x7c CMakeFiles/main.dir/C_/Users/JoseCarlos/Desktop/Sistema/pico-sdk/src/common/pico_time/time.c.obj
                0x10001574                timer_pool_entry_comparator
 .text.ph_add_child_node
                0x100015f0       0xa4 CMakeFiles/main.dir/C_/Users/JoseCarlos/Desktop/Sistema/pico-sdk/src/common/pico_time/time.c.obj
 .text.ph_merge_nodes
                0x10001694       0x3e CMakeFiles/main.dir/C_/Users/JoseCarlos/Desktop/Sistema/pico-sdk/src/common/pico_time/time.c.obj
 *fill*         0x100016d2        0x2 
 .text.add_alarm_under_lock
                0x100016d4      0x174 CMakeFiles/main.dir/C_/Users/JoseCarlos/Desktop/Sistema/pico-sdk/src/common/pico_time/time.c.obj
 .text.alarm_pool_alarm_callback
                0x10001848      0x328 CMakeFiles/main.dir/C_/Users/JoseCarlos/Desktop/Sistema/pico-sdk/src/common/pico_time/time.c.obj
 .text.alarm_pool_init_default
                0x10001b70       0x2c CMakeFiles/main.dir/C_/Users/JoseCarlos/Desktop/Sistema/pico-sdk/src/common/pico_time/time.c.obj
                0x10001b70                alarm_pool_init_default
 .text.alarm_pool_get_default
                0x10001b9c       0x2c CMakeFiles/main.dir/C_/Users/JoseCarlos/Desktop/Sistema/pico-sdk/src/common/pico_time/time.c.obj
                0x10001b9c                alarm_pool_get_default
 .text.alarm_pool_add_alarm_at
                0x10001bc8      0x170 CMakeFiles/main.dir/C_/Users/JoseCarlos/Desktop/Sistema/pico-sdk/src/common/pico_time/time.c.obj
                0x10001bc8                alarm_pool_add_alarm_at
 .text.alarm_pool_add_repeating_timer_us
                0x10001d38       0xa0 CMakeFiles/main.dir/C_/Users/JoseCarlos/Desktop/Sistema/pico-sdk/src/common/pico_time/time.c.obj
                0x10001d38                alarm_pool_add_repeating_timer_us
 .text.check_single_timeout_us
                0x10001dd8       0x2c CMakeFiles/main.dir/C_/Users/JoseCarlos/Desktop/Sistema/pico-sdk/src/common/pico_time/timeout_helper.c.obj
 .text.init_single_timeout_until
                0x10001e04        0xc CMakeFiles/main.dir/C_/Users/JoseCarlos/Desktop/Sistema/pico-sdk/src/common/pico_time/timeout_helper.c.obj
                0x10001e04                init_single_timeout_until
 .text.hardware_alarm_irq_handler
                0x10001e10       0x8c CMakeFiles/main.dir/C_/Users/JoseCarlos/Desktop/Sistema/pico-sdk/src/rp2_common/hardware_timer/timer.c.obj
 .text.hardware_alarm_claim
                0x10001e9c       0x18 CMakeFiles/main.dir/C_/Users/JoseCarlos/Desktop/Sistema/pico-sdk/src/rp2_common/hardware_timer/timer.c.obj
                0x10001e9c                hardware_alarm_claim
 .text.time_us_64
                0x10001eb4       0x18 CMakeFiles/main.dir/C_/Users/JoseCarlos/Desktop/Sistema/pico-sdk/src/rp2_common/hardware_timer/timer.c.obj
                0x10001eb4                time_us_64
 .text.hardware_alarm_set_callback
                0x10001ecc       0x90 CMakeFiles/main.dir/C_/Users/JoseCarlos/Desktop/Sistema/pico-sdk/src/rp2_common/hardware_timer/timer.c.obj
                0x10001ecc                hardware_alarm_set_callback
 .text.hardware_alarm_set_target
                0x10001f5c       0xe8 CMakeFiles/main.dir/C_/Users/JoseCarlos/Desktop/Sistema/pico-sdk/src/rp2_common/hardware_timer/timer.c.obj
                0x10001f5c                hardware_alarm_set_target
 .text.hardware_alarm_cancel
                0x10002044       0x40 CMakeFiles/main.dir/C_/Users/JoseCarlos/Desktop/Sistema/pico-sdk/src/rp2_common/hardware_timer/timer.c.obj
                0x10002044                hardware_alarm_cancel
 .text.lock_init
                0x10002084       0x10 CMakeFiles/main.dir/C_/Users/JoseCarlos/Desktop/Sistema/pico-sdk/src/common/pico_sync/lock_core.c.obj
                0x10002084                lock_init
 .text.mutex_init
                0x10002094       0x1a CMakeFiles/main.dir/C_/Users/JoseCarlos/Desktop/Sistema/pico-sdk/src/common/pico_sync/mutex.c.obj
                0x10002094                mutex_init
 *fill*         0x100020ae        0x2 
 .text.ph_add_child_node
                0x100020b0       0xa4 CMakeFiles/main.dir/C_/Users/JoseCarlos/Desktop/Sistema/pico-sdk/src/common/pico_util/pheap.c.obj
 .text.ph_merge_nodes
                0x10002154       0x3e CMakeFiles/main.dir/C_/Users/JoseCarlos/Desktop/Sistema/pico-sdk/src/common/pico_util/pheap.c.obj
 *fill*         0x10002192        0x2 
 .text.ph_clear
                0x10002194       0x70 CMakeFiles/main.dir/C_/Users/JoseCarlos/Desktop/Sistema/pico-sdk/src/common/pico_util/pheap.c.obj
                0x10002194                ph_clear
 .text.ph_post_alloc_init
                0x10002204        0xe CMakeFiles/main.dir/C_/Users/JoseCarlos/Desktop/Sistema/pico-sdk/src/common/pico_util/pheap.c.obj
                0x10002204                ph_post_alloc_init
 *fill*         0x10002212        0x2 
 .text.ph_merge_two_pass
                0x10002214       0xa8 CMakeFiles/main.dir/C_/Users/JoseCarlos/Desktop/Sistema/pico-sdk/src/common/pico_util/pheap.c.obj
                0x10002214                ph_merge_two_pass
 .text.ph_remove_any_head
                0x100022bc      0x108 CMakeFiles/main.dir/C_/Users/JoseCarlos/Desktop/Sistema/pico-sdk/src/common/pico_util/pheap.c.obj
 .text.ph_remove_head
                0x100023c4       0x14 CMakeFiles/main.dir/C_/Users/JoseCarlos/Desktop/Sistema/pico-sdk/src/common/pico_util/pheap.c.obj
                0x100023c4                ph_remove_head
 .text.ph_remove_and_free_node
                0x100023d8       0xf8 CMakeFiles/main.dir/C_/Users/JoseCarlos/Desktop/Sistema/pico-sdk/src/common/pico_util/pheap.c.obj
                0x100023d8                ph_remove_and_free_node
 .text.runtime_init
                0x100024d0       0xcc CMakeFiles/main.dir/C_/Users/JoseCarlos/Desktop/Sistema/pico-sdk/src/rp2_common/pico_runtime/runtime.c.obj
                0x100024d0                runtime_init
 .text._exit    0x1000259c        0x4 CMakeFiles/main.dir/C_/Users/JoseCarlos/Desktop/Sistema/pico-sdk/src/rp2_common/pico_runtime/runtime.c.obj
                0x1000259c                _exit
 .text.exit     0x100025a0        0x6 CMakeFiles/main.dir/C_/Users/JoseCarlos/Desktop/Sistema/pico-sdk/src/rp2_common/pico_runtime/runtime.c.obj
                0x100025a0                exit
 *fill*         0x100025a6        0x2 
 .text.__assert_func
                0x100025a8       0x3c CMakeFiles/main.dir/C_/Users/JoseCarlos/Desktop/Sistema/pico-sdk/src/rp2_common/pico_runtime/runtime.c.obj
                0x100025a8                __assert_func
 .text.panic    0x100025e4       0x30 CMakeFiles/main.dir/C_/Users/JoseCarlos/Desktop/Sistema/pico-sdk/src/rp2_common/pico_runtime/runtime.c.obj
                0x100025e4                panic
 .text.clock_configure
                0x10002614       0xe8 CMakeFiles/main.dir/C_/Users/JoseCarlos/Desktop/Sistema/pico-sdk/src/rp2_common/hardware_clocks/clocks.c.obj
                0x10002614                clock_configure
 .text.clocks_init
                0x100026fc      0x124 CMakeFiles/main.dir/C_/Users/JoseCarlos/Desktop/Sistema/pico-sdk/src/rp2_common/hardware_clocks/clocks.c.obj
                0x100026fc                clocks_init
 .text.clock_get_hz
                0x10002820        0xc CMakeFiles/main.dir/C_/Users/JoseCarlos/Desktop/Sistema/pico-sdk/src/rp2_common/hardware_clocks/clocks.c.obj
                0x10002820                clock_get_hz
 .text.watchdog_start_tick
                0x1000282c       0x10 CMakeFiles/main.dir/C_/Users/JoseCarlos/Desktop/Sistema/pico-sdk/src/rp2_common/hardware_watchdog/watchdog.c.obj
                0x1000282c                watchdog_start_tick
 .text.xosc_init
                0x1000283c       0x28 CMakeFiles/main.dir/C_/Users/JoseCarlos/Desktop/Sistema/pico-sdk/src/rp2_common/hardware_xosc/xosc.c.obj
                0x1000283c                xosc_init
 .text.pll_init
                0x10002864       0xd0 CMakeFiles/main.dir/C_/Users/JoseCarlos/Desktop/Sistema/pico-sdk/src/rp2_common/hardware_pll/pll.c.obj
                0x10002864                pll_init
 .text.set_raw_irq_handler_and_unlock
                0x10002934       0x28 CMakeFiles/main.dir/C_/Users/JoseCarlos/Desktop/Sistema/pico-sdk/src/rp2_common/hardware_irq/irq.c.obj
 .text.make_branch
                0x1000295c       0x34 CMakeFiles/main.dir/C_/Users/JoseCarlos/Desktop/Sistema/pico-sdk/src/rp2_common/hardware_irq/irq.c.obj
 .text.insert_branch_and_link
                0x10002990       0x40 CMakeFiles/main.dir/C_/Users/JoseCarlos/Desktop/Sistema/pico-sdk/src/rp2_common/hardware_irq/irq.c.obj
 .text.irq_is_enabled
                0x100029d0       0x18 CMakeFiles/main.dir/C_/Users/JoseCarlos/Desktop/Sistema/pico-sdk/src/rp2_common/hardware_irq/irq.c.obj
                0x100029d0                irq_is_enabled
 .text.irq_set_mask_enabled
                0x100029e8       0x20 CMakeFiles/main.dir/C_/Users/JoseCarlos/Desktop/Sistema/pico-sdk/src/rp2_common/hardware_irq/irq.c.obj
                0x100029e8                irq_set_mask_enabled
 .text.irq_set_enabled
                0x10002a08        0xe CMakeFiles/main.dir/C_/Users/JoseCarlos/Desktop/Sistema/pico-sdk/src/rp2_common/hardware_irq/irq.c.obj
                0x10002a08                irq_set_enabled
 *fill*         0x10002a16        0x2 
 .text.irq_get_vtable_handler
                0x10002a18       0x10 CMakeFiles/main.dir/C_/Users/JoseCarlos/Desktop/Sistema/pico-sdk/src/rp2_common/hardware_irq/irq.c.obj
                0x10002a18                irq_get_vtable_handler
 .text.irq_set_exclusive_handler
                0x10002a28       0x54 CMakeFiles/main.dir/C_/Users/JoseCarlos/Desktop/Sistema/pico-sdk/src/rp2_common/hardware_irq/irq.c.obj
                0x10002a28                irq_set_exclusive_handler
 .text.irq_remove_handler
                0x10002a7c      0x1ac CMakeFiles/main.dir/C_/Users/JoseCarlos/Desktop/Sistema/pico-sdk/src/rp2_common/hardware_irq/irq.c.obj
                0x10002a7c                irq_remove_handler
 .text.irq_set_priority
                0x10002c28       0x28 CMakeFiles/main.dir/C_/Users/JoseCarlos/Desktop/Sistema/pico-sdk/src/rp2_common/hardware_irq/irq.c.obj
                0x10002c28                irq_set_priority
 .text.irq_add_tail_to_free_list
                0x10002c50       0xf0 CMakeFiles/main.dir/C_/Users/JoseCarlos/Desktop/Sistema/pico-sdk/src/rp2_common/hardware_irq/irq.c.obj
                0x10002c50                irq_add_tail_to_free_list
 .text.irq_init_priorities
                0x10002d40       0x16 CMakeFiles/main.dir/C_/Users/JoseCarlos/Desktop/Sistema/pico-sdk/src/rp2_common/hardware_irq/irq.c.obj
                0x10002d40                irq_init_priorities
 .text._out_buffer
                0x10002d56        0x8 CMakeFiles/main.dir/C_/Users/JoseCarlos/Desktop/Sistema/pico-sdk/src/rp2_common/pico_printf/printf.c.obj
 .text._out_null
                0x10002d5e        0x2 CMakeFiles/main.dir/C_/Users/JoseCarlos/Desktop/Sistema/pico-sdk/src/rp2_common/pico_printf/printf.c.obj
 .text._out_fct
                0x10002d60        0xe CMakeFiles/main.dir/C_/Users/JoseCarlos/Desktop/Sistema/pico-sdk/src/rp2_common/pico_printf/printf.c.obj
 .text._atoi    0x10002d6e       0x24 CMakeFiles/main.dir/C_/Users/JoseCarlos/Desktop/Sistema/pico-sdk/src/rp2_common/pico_printf/printf.c.obj
 .text._out_rev
                0x10002d92       0xae CMakeFiles/main.dir/C_/Users/JoseCarlos/Desktop/Sistema/pico-sdk/src/rp2_common/pico_printf/printf.c.obj
 .text._ntoa_format
                0x10002e40      0x112 CMakeFiles/main.dir/C_/Users/JoseCarlos/Desktop/Sistema/pico-sdk/src/rp2_common/pico_printf/printf.c.obj
 .text._ntoa_long
                0x10002f52       0xbc CMakeFiles/main.dir/C_/Users/JoseCarlos/Desktop/Sistema/pico-sdk/src/rp2_common/pico_printf/printf.c.obj
 .text._ntoa_long_long
                0x1000300e       0xe2 CMakeFiles/main.dir/C_/Users/JoseCarlos/Desktop/Sistema/pico-sdk/src/rp2_common/pico_printf/printf.c.obj
 .text._etoa    0x100030f0      0x414 CMakeFiles/main.dir/C_/Users/JoseCarlos/Desktop/Sistema/pico-sdk/src/rp2_common/pico_printf/printf.c.obj
 .text._ftoa    0x10003504      0x354 CMakeFiles/main.dir/C_/Users/JoseCarlos/Desktop/Sistema/pico-sdk/src/rp2_common/pico_printf/printf.c.obj
 .text._vsnprintf
                0x10003858      0x624 CMakeFiles/main.dir/C_/Users/JoseCarlos/Desktop/Sistema/pico-sdk/src/rp2_common/pico_printf/printf.c.obj
 .text.__wrap_sprintf
                0x10003e7c       0x28 CMakeFiles/main.dir/C_/Users/JoseCarlos/Desktop/Sistema/pico-sdk/src/rp2_common/pico_printf/printf.c.obj
                0x10003e7c                __wrap_sprintf
 .text.vfctprintf
                0x10003ea4       0x20 CMakeFiles/main.dir/C_/Users/JoseCarlos/Desktop/Sistema/pico-sdk/src/rp2_common/pico_printf/printf.c.obj
                0x10003ea4                vfctprintf
 .text          0x10003ec4       0x10 CMakeFiles/main.dir/C_/Users/JoseCarlos/Desktop/Sistema/pico-sdk/src/rp2_common/pico_bit_ops/bit_ops_aeabi.S.obj
 .text.rom_func_lookup
                0x10003ed4       0x10 CMakeFiles/main.dir/C_/Users/JoseCarlos/Desktop/Sistema/pico-sdk/src/rp2_common/pico_bootrom/bootrom.c.obj
                0x10003ed4                rom_func_lookup
 .text.rom_data_lookup
                0x10003ee4       0x10 CMakeFiles/main.dir/C_/Users/JoseCarlos/Desktop/Sistema/pico-sdk/src/rp2_common/pico_bootrom/bootrom.c.obj
                0x10003ee4                rom_data_lookup
 .text.rom_funcs_lookup
                0x10003ef4       0x36 CMakeFiles/main.dir/C_/Users/JoseCarlos/Desktop/Sistema/pico-sdk/src/rp2_common/pico_bootrom/bootrom.c.obj
                0x10003ef4                rom_funcs_lookup
 *fill*         0x10003f2a        0x2 
 .text.__wrap___aeabi_idiv
                0x10003f2c       0x58 CMakeFiles/main.dir/C_/Users/JoseCarlos/Desktop/Sistema/pico-sdk/src/rp2_common/pico_divider/divider.S.obj
                0x10003f2c                __wrap___aeabi_idivmod
                0x10003f2c                divmod_s32s32
                0x10003f2c                div_s32s32
                0x10003f2c                __wrap___aeabi_idiv
                0x10003f34                divmod_s32s32_unsafe
                0x10003f60                divmod_s32s32_savestate
 .text.__wrap___aeabi_uidiv
                0x10003f84       0x54 CMakeFiles/main.dir/C_/Users/JoseCarlos/Desktop/Sistema/pico-sdk/src/rp2_common/pico_divider/divider.S.obj
                0x10003f84                __wrap___aeabi_uidiv
                0x10003f84                __wrap___aeabi_uidivmod
                0x10003f84                div_u32u32
                0x10003f84                divmod_u32u32
                0x10003f8c                divmod_u32u32_unsafe
                0x10003fb4                divmod_u32u32_savestate
 .text.__wrap___aeabi_ldiv
                0x10003fd8      0x430 CMakeFiles/main.dir/C_/Users/JoseCarlos/Desktop/Sistema/pico-sdk/src/rp2_common/pico_divider/divider.S.obj
                0x10003fd8                div_s64s64
                0x10003fd8                divmod_s64s64
                0x10003fd8                __wrap___aeabi_ldivmod
                0x10004010                divmod_u64u64
                0x10004010                div_u64u64
                0x10004010                __wrap___aeabi_uldivmod
                0x10004020                divmod_u64u64_savestate
                0x10004048                divmod_s64s64_unsafe
                0x100040d0                divmod_u64u64_unsafe
 .text.__wrap___aeabi_darithmetic
                0x10004408       0x54 CMakeFiles/main.dir/C_/Users/JoseCarlos/Desktop/Sistema/pico-sdk/src/rp2_common/pico_double/double_aeabi.S.obj
                0x10004408                __wrap___aeabi_drsub
                0x1000440e                __wrap___aeabi_dsub
                0x10004420                __wrap___aeabi_dadd
                0x10004432                __wrap___aeabi_ddiv
                0x10004444                __wrap___aeabi_dmul
 .text.__wrap___aeabi_cdcmple
                0x1000445c       0x6c CMakeFiles/main.dir/C_/Users/JoseCarlos/Desktop/Sistema/pico-sdk/src/rp2_common/pico_double/double_aeabi.S.obj
                0x1000445c                __wrap___aeabi_cdrcmple
                0x1000446c                __wrap___aeabi_cdcmpeq
                0x1000446c                __wrap___aeabi_cdcmple
 .text.__wrap___aeabi_dcmplt
                0x100044c8        0xc CMakeFiles/main.dir/C_/Users/JoseCarlos/Desktop/Sistema/pico-sdk/src/rp2_common/pico_double/double_aeabi.S.obj
                0x100044c8                __wrap___aeabi_dcmplt
 .text.__wrap___aeabi_dcmple
                0x100044d4       0x10 CMakeFiles/main.dir/C_/Users/JoseCarlos/Desktop/Sistema/pico-sdk/src/rp2_common/pico_double/double_aeabi.S.obj
                0x100044d4                __wrap___aeabi_dcmple
 .text.__wrap___aeabi_dcmpge
                0x100044e4       0x10 CMakeFiles/main.dir/C_/Users/JoseCarlos/Desktop/Sistema/pico-sdk/src/rp2_common/pico_double/double_aeabi.S.obj
                0x100044e4                __wrap___aeabi_dcmpge
 .text.__wrap___aeabi_dcmpgt
                0x100044f4        0xa CMakeFiles/main.dir/C_/Users/JoseCarlos/Desktop/Sistema/pico-sdk/src/rp2_common/pico_double/double_aeabi.S.obj
                0x100044f4                __wrap___aeabi_dcmpgt
 .text.__wrap___aeabi_dcmpun
                0x100044fe       0x1c CMakeFiles/main.dir/C_/Users/JoseCarlos/Desktop/Sistema/pico-sdk/src/rp2_common/pico_double/double_aeabi.S.obj
                0x100044fe                __wrap___aeabi_dcmpun
 *fill*         0x1000451a        0x2 
 .text.__wrap___aeabi_i2d
                0x1000451c       0x38 CMakeFiles/main.dir/C_/Users/JoseCarlos/Desktop/Sistema/pico-sdk/src/rp2_common/pico_double/double_aeabi.S.obj
                0x1000451c                __wrap___aeabi_ui2d
                0x10004524                __wrap___aeabi_i2d
 .text.__wrap___aeabi_d2iz
                0x10004554       0x48 CMakeFiles/main.dir/C_/Users/JoseCarlos/Desktop/Sistema/pico-sdk/src/rp2_common/pico_double/double_aeabi.S.obj
                0x10004554                double2int_z
                0x10004554                __wrap___aeabi_d2iz
 .text.__wrap___aeabi_d2uiz
                0x1000459c       0x18 CMakeFiles/main.dir/C_/Users/JoseCarlos/Desktop/Sistema/pico-sdk/src/rp2_common/pico_double/double_aeabi.S.obj
                0x1000459c                __wrap___aeabi_d2uiz
                0x1000459c                double2uint
 .text.__aeabi_double_init
                0x100045b4       0xb8 CMakeFiles/main.dir/C_/Users/JoseCarlos/Desktop/Sistema/pico-sdk/src/rp2_common/pico_double/double_init_rom.c.obj
                0x100045b4                __aeabi_double_init
 .text.double_table_shim_on_use_helper
                0x1000466c       0x34 CMakeFiles/main.dir/C_/Users/JoseCarlos/Desktop/Sistema/pico-sdk/src/rp2_common/pico_double/double_v1_rom_shim.S.obj
                0x1000466c                double_table_shim_on_use_helper
 .text.__wrap___aeabi_dsub
                0x100046a0       0x10 CMakeFiles/main.dir/C_/Users/JoseCarlos/Desktop/Sistema/pico-sdk/src/rp2_common/pico_double/double_v1_rom_shim.S.obj
                0x100046a0                drsub_shim
                0x100046a6                dsub_shim
 .text.dadd_shim
                0x100046b0      0x15c CMakeFiles/main.dir/C_/Users/JoseCarlos/Desktop/Sistema/pico-sdk/src/rp2_common/pico_double/double_v1_rom_shim.S.obj
                0x100046b0                dadd_shim
 .text.dmul_shim
                0x1000480c      0x15c CMakeFiles/main.dir/C_/Users/JoseCarlos/Desktop/Sistema/pico-sdk/src/rp2_common/pico_double/double_v1_rom_shim.S.obj
                0x1000480c                dmul_shim
 .text.ddiv_shim
                0x10004968      0x1b0 CMakeFiles/main.dir/C_/Users/JoseCarlos/Desktop/Sistema/pico-sdk/src/rp2_common/pico_double/double_v1_rom_shim.S.obj
                0x10004968                ddiv_shim
 .text.dcordic_rot_step
                0x10004b18       0x7c CMakeFiles/main.dir/C_/Users/JoseCarlos/Desktop/Sistema/pico-sdk/src/rp2_common/pico_double/double_v1_rom_shim.S.obj
                0x10004b18                dcordic_rot_step
 .text.double2uint_shim
                0x10004b94        0xe CMakeFiles/main.dir/C_/Users/JoseCarlos/Desktop/Sistema/pico-sdk/src/rp2_common/pico_double/double_v1_rom_shim.S.obj
                0x10004b94                double2uint_shim
                0x10004b96                double2ufix_shim
 *fill*         0x10004ba2        0x2 
 .text.double2uint64_shim
                0x10004ba4       0x6c CMakeFiles/main.dir/C_/Users/JoseCarlos/Desktop/Sistema/pico-sdk/src/rp2_common/pico_double/double_v1_rom_shim.S.obj
                0x10004ba4                double2uint64_shim
                0x10004ba6                double2ufix64_shim
                0x10004bc0                d2fix_a
 .text.dunpacks
                0x10004c10       0x3c CMakeFiles/main.dir/C_/Users/JoseCarlos/Desktop/Sistema/pico-sdk/src/rp2_common/pico_double/double_v1_rom_shim.S.obj
                0x10004c10                dunpacks
 .text.__aeabi_lmul
                0x10004c4c       0x32 CMakeFiles/main.dir/C_/Users/JoseCarlos/Desktop/Sistema/pico-sdk/src/rp2_common/pico_int64_ops/pico_int64_ops_aeabi.S.obj
                0x10004c4c                __wrap___aeabi_lmul
 *fill*         0x10004c7e        0x2 
 .text.__wrap___aeabi_farithmetic
                0x10004c80       0x34 CMakeFiles/main.dir/C_/Users/JoseCarlos/Desktop/Sistema/pico-sdk/src/rp2_common/pico_float/float_aeabi.S.obj
                0x10004c80                __wrap___aeabi_frsub
                0x10004c86                __wrap___aeabi_fsub
                0x10004c90                __wrap___aeabi_fadd
                0x10004c9a                __wrap___aeabi_fdiv
                0x10004ca4                __wrap___aeabi_fmul
 .text.__wrap___aeabi_i2f
                0x10004cb4       0x44 CMakeFiles/main.dir/C_/Users/JoseCarlos/Desktop/Sistema/pico-sdk/src/rp2_common/pico_float/float_aeabi.S.obj
                0x10004cb4                __wrap___aeabi_i2f
 .text.__wrap___aeabi_f2uiz
                0x10004cf8       0x10 CMakeFiles/main.dir/C_/Users/JoseCarlos/Desktop/Sistema/pico-sdk/src/rp2_common/pico_float/float_aeabi.S.obj
                0x10004cf8                __wrap___aeabi_f2uiz
 .text.__aeabi_float_init
                0x10004d08       0xfc CMakeFiles/main.dir/C_/Users/JoseCarlos/Desktop/Sistema/pico-sdk/src/rp2_common/pico_float/float_init_rom.c.obj
                0x10004d08                __aeabi_float_init
 .text.float_table_shim_on_use_helper
                0x10004e04       0x34 CMakeFiles/main.dir/C_/Users/JoseCarlos/Desktop/Sistema/pico-sdk/src/rp2_common/pico_float/float_v1_rom_shim.S.obj
                0x10004e04                float_table_shim_on_use_helper
 .text          0x10004e38       0x10 CMakeFiles/main.dir/C_/Users/JoseCarlos/Desktop/Sistema/pico-sdk/src/rp2_common/pico_mem_ops/mem_ops_aeabi.S.obj
                0x10004e38                __aeabi_mem_init
 .text.memset   0x10004e48        0xc CMakeFiles/main.dir/C_/Users/JoseCarlos/Desktop/Sistema/pico-sdk/src/rp2_common/pico_mem_ops/mem_ops_aeabi.S.obj
                0x10004e48                __wrap_memset
 .text.memcpy   0x10004e54        0xc CMakeFiles/main.dir/C_/Users/JoseCarlos/Desktop/Sistema/pico-sdk/src/rp2_common/pico_mem_ops/mem_ops_aeabi.S.obj
                0x10004e54                __wrap_memcpy
                0x10004e54                __wrap___aeabi_memcpy
 .text.stdio_out_chars_crlf
                0x10004e60       0x80 CMakeFiles/main.dir/C_/Users/JoseCarlos/Desktop/Sistema/pico-sdk/src/rp2_common/pico_stdio/stdio.c.obj
 .text.stdio_stack_buffer_flush
                0x10004ee0       0x44 CMakeFiles/main.dir/C_/Users/JoseCarlos/Desktop/Sistema/pico-sdk/src/rp2_common/pico_stdio/stdio.c.obj
 .text.stdio_buffered_printer
                0x10004f24       0x20 CMakeFiles/main.dir/C_/Users/JoseCarlos/Desktop/Sistema/pico-sdk/src/rp2_common/pico_stdio/stdio.c.obj
 .text.stdout_serialize_begin
                0x10004f44       0x2c CMakeFiles/main.dir/C_/Users/JoseCarlos/Desktop/Sistema/pico-sdk/src/rp2_common/pico_stdio/stdio.c.obj
                0x10004f44                stdout_serialize_begin
 .text.stdout_serialize_end
                0x10004f70       0x10 CMakeFiles/main.dir/C_/Users/JoseCarlos/Desktop/Sistema/pico-sdk/src/rp2_common/pico_stdio/stdio.c.obj
                0x10004f70                stdout_serialize_end
 .text.stdio_put_string
                0x10004f80       0x84 CMakeFiles/main.dir/C_/Users/JoseCarlos/Desktop/Sistema/pico-sdk/src/rp2_common/pico_stdio/stdio.c.obj
 .text.stdio_set_driver_enabled
                0x10005004       0x38 CMakeFiles/main.dir/C_/Users/JoseCarlos/Desktop/Sistema/pico-sdk/src/rp2_common/pico_stdio/stdio.c.obj
                0x10005004                stdio_set_driver_enabled
 .text.stdio_flush
                0x1000503c       0x20 CMakeFiles/main.dir/C_/Users/JoseCarlos/Desktop/Sistema/pico-sdk/src/rp2_common/pico_stdio/stdio.c.obj
                0x1000503c                stdio_flush
 .text.__wrap_puts
                0x1000505c       0x1c CMakeFiles/main.dir/C_/Users/JoseCarlos/Desktop/Sistema/pico-sdk/src/rp2_common/pico_stdio/stdio.c.obj
                0x1000505c                __wrap_puts
 .text.__wrap_vprintf
                0x10005078       0x44 CMakeFiles/main.dir/C_/Users/JoseCarlos/Desktop/Sistema/pico-sdk/src/rp2_common/pico_stdio/stdio.c.obj
                0x10005078                __wrap_vprintf
 .text.__wrap_printf
                0x100050bc       0x18 CMakeFiles/main.dir/C_/Users/JoseCarlos/Desktop/Sistema/pico-sdk/src/rp2_common/pico_stdio/stdio.c.obj
                0x100050bc                __wrap_printf
 .text.stdio_init_all
                0x100050d4        0x8 CMakeFiles/main.dir/C_/Users/JoseCarlos/Desktop/Sistema/pico-sdk/src/rp2_common/pico_stdio/stdio.c.obj
                0x100050d4                stdio_init_all
 .text.stdio_uart_out_chars
                0x100050dc       0x74 CMakeFiles/main.dir/C_/Users/JoseCarlos/Desktop/Sistema/pico-sdk/src/rp2_common/pico_stdio_uart/stdio_uart.c.obj
 .text.stdio_uart_in_chars
                0x10005150       0x58 CMakeFiles/main.dir/C_/Users/JoseCarlos/Desktop/Sistema/pico-sdk/src/rp2_common/pico_stdio_uart/stdio_uart.c.obj
                0x10005150                stdio_uart_in_chars
 .text.stdio_uart_init_full
                0x100051a8       0x3c CMakeFiles/main.dir/C_/Users/JoseCarlos/Desktop/Sistema/pico-sdk/src/rp2_common/pico_stdio_uart/stdio_uart.c.obj
                0x100051a8                stdio_uart_init_full
 .text.stdio_uart_init
                0x100051e4       0x28 CMakeFiles/main.dir/C_/Users/JoseCarlos/Desktop/Sistema/pico-sdk/src/rp2_common/pico_stdio_uart/stdio_uart.c.obj
                0x100051e4                stdio_uart_init
 .text.i2c_write_blocking_internal
                0x1000520c       0xfa CMakeFiles/main.dir/C_/Users/JoseCarlos/Desktop/Sistema/pico-sdk/src/rp2_common/hardware_i2c/i2c.c.obj
 .text.i2c_read_blocking_internal
                0x10005306       0xe6 CMakeFiles/main.dir/C_/Users/JoseCarlos/Desktop/Sistema/pico-sdk/src/rp2_common/hardware_i2c/i2c.c.obj
 .text.i2c_set_baudrate
                0x100053ec       0x68 CMakeFiles/main.dir/C_/Users/JoseCarlos/Desktop/Sistema/pico-sdk/src/rp2_common/hardware_i2c/i2c.c.obj
                0x100053ec                i2c_set_baudrate
 .text.i2c_init
                0x10005454       0x54 CMakeFiles/main.dir/C_/Users/JoseCarlos/Desktop/Sistema/pico-sdk/src/rp2_common/hardware_i2c/i2c.c.obj
                0x10005454                i2c_init
 .text.i2c_write_blocking
                0x100054a8       0x18 CMakeFiles/main.dir/C_/Users/JoseCarlos/Desktop/Sistema/pico-sdk/src/rp2_common/hardware_i2c/i2c.c.obj
                0x100054a8                i2c_write_blocking
 .text.i2c_read_blocking_until
                0x100054c0       0x3e CMakeFiles/main.dir/C_/Users/JoseCarlos/Desktop/Sistema/pico-sdk/src/rp2_common/hardware_i2c/i2c.c.obj
                0x100054c0                i2c_read_blocking_until
 *fill*         0x100054fe        0x2 
 .text.dma_claim_unused_channel
                0x10005500       0x20 CMakeFiles/main.dir/C_/Users/JoseCarlos/Desktop/Sistema/pico-sdk/src/rp2_common/hardware_dma/dma.c.obj
                0x10005500                dma_claim_unused_channel
 .text.adc_init
                0x10005520       0x34 CMakeFiles/main.dir/C_/Users/JoseCarlos/Desktop/Sistema/pico-sdk/src/rp2_common/hardware_adc/adc.c.obj
                0x10005520                adc_init
 .text.spi_set_baudrate
                0x10005554       0x92 CMakeFiles/main.dir/C_/Users/JoseCarlos/Desktop/Sistema/pico-sdk/src/rp2_common/hardware_spi/spi.c.obj
                0x10005554                spi_set_baudrate
 *fill*         0x100055e6        0x2 
 .text.spi_init
                0x100055e8       0x6c CMakeFiles/main.dir/C_/Users/JoseCarlos/Desktop/Sistema/pico-sdk/src/rp2_common/hardware_spi/spi.c.obj
                0x100055e8                spi_init
 .text          0x10005654      0xb88 libFreeRTOS.a(queue.c.obj)
                0x1000581c                xQueueGenericReset
                0x100058f4                xQueueGenericCreate
                0x10005972                xQueueCreateCountingSemaphore
                0x10005996                xQueueGenericSend
                0x10005ac0                xQueueCreateMutex
                0x10005ad6                xQueueGiveMutexRecursive
                0x10005b04                xQueueGenericSendFromISR
                0x10005bbc                xQueueGiveFromISR
                0x10005c44                xQueueReceive
                0x10005d32                xQueueSemaphoreTake
                0x10005e5a                xQueueTakeMutexRecursive
                0x10005e88                xQueuePeek
                0x10005f76                xQueueReceiveFromISR
                0x10005fe8                xQueuePeekFromISR
                0x10006016                uxQueueMessagesWaiting
                0x10006028                uxQueueSpacesAvailable
                0x1000603e                uxQueueMessagesWaitingFromISR
                0x10006042                xQueueIsQueueEmptyFromISR
                0x10006050                xQueueIsQueueFullFromISR
                0x10006060                vQueueAddToRegistry
                0x100060a4                pcQueueGetName
                0x100060c8                vQueueUnregisterQueue
                0x100060f0                vQueueDelete
                0x10006100                vQueueWaitForMessageRestricted
                0x10006150                xQueueCreateSet
                0x1000615c                xQueueAddToSet
                0x10006186                xQueueRemoveFromSet
                0x100061ae                xQueueSelectFromSet
                0x100061c4                xQueueSelectFromSetFromISR
 .text          0x100061dc     0x1484 libFreeRTOS.a(tasks.c.obj)
                0x1000649c                xTaskCreate
                0x10006504                vTaskDelete
                0x10006588                uxTaskPriorityGet
                0x100065a8                uxTaskPriorityGetFromISR
                0x100065c8                vTaskPrioritySet
                0x100066a4                vTaskResume
                0x10006728                xTaskResumeFromISR
                0x100067c4                vTaskStartScheduler
                0x10006824                vTaskEndScheduler
                0x10006838                vTaskSuspendAll
                0x10006848                xTaskGetTickCount
                0x10006854                xTaskGetTickCountFromISR
                0x10006860                uxTaskGetNumberOfTasks
                0x1000686c                pcTaskGetName
                0x10006880                xTaskIncrementTick
                0x100069a8                xTaskResumeAll
                0x10006ac4                xTaskDelayUntil
                0x10006b24                vTaskDelay
                0x10006b44                xTaskCatchUpTicks
                0x10006b60                vTaskSwitchContext
                0x10006bd8                vTaskSuspend
                0x10006c7c                vTaskPlaceOnEventList
                0x10006c98                vTaskPlaceOnUnorderedEventList
                0x10006cd8                vTaskPlaceOnEventListRestricted
                0x10006d18                xTaskRemoveFromEventList
                0x10006dec                vTaskRemoveFromUnorderedEventList
                0x10006e9c                vTaskSetTimeOutState
                0x10006eb8                vTaskInternalSetTimeOutState
                0x10006ec8                xTaskCheckForTimeOut
                0x10006f20                vTaskMissedYield
                0x10006f2c                vTaskSetThreadLocalStoragePointer
                0x10006f48                pvTaskGetThreadLocalStoragePointer
                0x10006f68                xTaskGetCurrentTaskHandle
                0x10006f74                xTaskGetSchedulerState
                0x10006f94                xTaskPriorityInherit
                0x10007048                xTaskPriorityDisinherit
                0x100070c8                vTaskPriorityDisinheritAfterTimeout
                0x10007154                uxTaskResetEventItemValue
                0x1000716c                pvTaskIncrementMutexHeldCount
                0x10007188                ulTaskGenericNotifyTake
                0x1000721c                xTaskGenericNotifyWait
                0x100072c4                xTaskGenericNotify
                0x100073d4                xTaskGenericNotifyFromISR
                0x1000751c                vTaskGenericNotifyGiveFromISR
                0x100075f8                xTaskGenericNotifyStateClear
                0x10007630                ulTaskGenericNotifyValueClear
 .text          0x10007660      0x478 libFreeRTOS.a(timers.c.obj)
                0x1000796a                xTimerCreateTimerTask
                0x100079a8                xTimerCreate
                0x100079dc                xTimerGenericCommand
                0x10007a34                xTimerGetTimerDaemonTaskHandle
                0x10007a40                xTimerGetPeriod
                0x10007a44                vTimerSetReloadMode
                0x10007a6e                uxTimerGetReloadMode
                0x10007a8c                xTimerGetExpiryTime
                0x10007a90                pcTimerGetName
                0x10007a94                xTimerIsTimerActive
                0x10007ab2                pvTimerGetTimerID
                0x10007ac4                vTimerSetTimerID
 *fill*         0x10007ad8        0x8 
 .text          0x10007ae0      0x18c libFreeRTOS.a(port.c.obj)
                0x10007b24                pxPortInitialiseStack
                0x10007b44                isr_svcall
                0x10007b46                vPortEndScheduler
                0x10007b48                vPortYield
                0x10007b60                vPortEnterCritical
                0x10007b78                vPortExitCritical
                0x10007b8c                ulSetInterruptMaskFromISR
                0x10007b94                vClearInterruptMaskFromISR
                0x10007b9a                isr_pendsv
                0x10007be4                isr_systick
                0x10007c08                vPortSetupTimerInterrupt
                0x10007c30                xPortStartScheduler
 .text          0x10007c6c      0x238 libFreeRTOS.a(heap_4.c.obj)
                0x10007d0c                pvPortMalloc
                0x10007dd8                vPortFree
                0x10007e20                xPortGetFreeHeapSize
                0x10007e2c                xPortGetMinimumEverFreeHeapSize
                0x10007e38                vPortInitialiseBlocks
                0x10007e3a                vPortGetHeapStats
 .text          0x10007ea4       0x86 libFreeRTOS.a(list.c.obj)
                0x10007ea4                vListInitialise
                0x10007eba                vListInitialiseItem
                0x10007ec0                vListInsertEnd
                0x10007ed6                vListInsert
                0x10007f04                uxListRemove
 *fill*         0x10007f2a        0x2 
 .text.atoi     0x10007f2c        0xc c:/progra~2/gnuarm~1/102020~1/bin/../lib/gcc/arm-none-eabi/10.2.1/../../../../arm-none-eabi/lib/thumb/v6-m/nofp\libg.a(lib_a-atoi.o)
                0x10007f2c                atoi
 .text.strcpy   0x10007f38       0x10 c:/progra~2/gnuarm~1/102020~1/bin/../lib/gcc/arm-none-eabi/10.2.1/../../../../arm-none-eabi/lib/thumb/v6-m/nofp\libg.a(lib_a-strcpy.o)
                0x10007f38                strcpy
 .text.strlen   0x10007f48       0x5c c:/progra~2/gnuarm~1/102020~1/bin/../lib/gcc/arm-none-eabi/10.2.1/../../../../arm-none-eabi/lib/thumb/v6-m/nofp\libg.a(lib_a-strlen-stub.o)
                0x10007f48                strlen
 .text.strtok   0x10007fa4       0x14 c:/progra~2/gnuarm~1/102020~1/bin/../lib/gcc/arm-none-eabi/10.2.1/../../../../arm-none-eabi/lib/thumb/v6-m/nofp\libg.a(lib_a-strtok.o)
                0x10007fa4                strtok
 .text.__strtok_r
                0x10007fb8       0x6c c:/progra~2/gnuarm~1/102020~1/bin/../lib/gcc/arm-none-eabi/10.2.1/../../../../arm-none-eabi/lib/thumb/v6-m/nofp\libg.a(lib_a-strtok_r.o)
                0x10007fb8                __strtok_r
 .text._strtol_l.part.0
                0x10008024      0x144 c:/progra~2/gnuarm~1/102020~1/bin/../lib/gcc/arm-none-eabi/10.2.1/../../../../arm-none-eabi/lib/thumb/v6-m/nofp\libg.a(lib_a-strtol.o)
 .text.strtol   0x10008168       0x2c c:/progra~2/gnuarm~1/102020~1/bin/../lib/gcc/arm-none-eabi/10.2.1/../../../../arm-none-eabi/lib/thumb/v6-m/nofp\libg.a(lib_a-strtol.o)
                0x10008168                strtol
 .text.__errno  0x10008194        0xc c:/progra~2/gnuarm~1/102020~1/bin/../lib/gcc/arm-none-eabi/10.2.1/../../../../arm-none-eabi/lib/thumb/v6-m/nofp\libg.a(lib_a-errno.o)
                0x10008194                __errno
 *(.fini)
 .fini          0x100081a0        0x4 c:/progra~2/gnuarm~1/102020~1/bin/../lib/gcc/arm-none-eabi/10.2.1/thumb/v6-m/nofp/crti.o
                0x100081a0                _fini
 *fill*         0x100081a4        0x4 
 .fini.__stub   0x100081a8       0x60 linker stubs
 *crtbegin.o(.ctors)
 *crtbegin?.o(.ctors)
 *(EXCLUDE_FILE(*crtend.o *crtend?.o) .ctors)
 *(SORT_BY_NAME(.ctors.*))
 *(.ctors)
 *crtbegin.o(.dtors)
 *crtbegin?.o(.dtors)
 *(EXCLUDE_FILE(*crtend.o *crtend?.o) .dtors)
 *(SORT_BY_NAME(.dtors.*))
 *(.dtors)
 *(.eh_frame*)
 .eh_frame      0x10008208        0x0 c:/progra~2/gnuarm~1/102020~1/bin/../lib/gcc/arm-none-eabi/10.2.1/thumb/v6-m/nofp/crtbegin.o
                0x10008208                . = ALIGN (0x4)

.glue_7         0x10008208        0x0
 .glue_7        0x10008208        0x0 linker stubs

.glue_7t        0x10008208        0x0
 .glue_7t       0x10008208        0x0 linker stubs

.vfp11_veneer   0x10008208        0x0
 .vfp11_veneer  0x10008208        0x0 linker stubs

.v4_bx          0x10008208        0x0
 .v4_bx         0x10008208        0x0 linker stubs

.iplt           0x10008208        0x0
 .iplt          0x10008208        0x0 c:/progra~2/gnuarm~1/102020~1/bin/../lib/gcc/arm-none-eabi/10.2.1/thumb/v6-m/nofp/crtbegin.o

.rodata         0x10008208     0x10d8
 *(EXCLUDE_FILE(*libm.a: *libc.a:*lib_a-mem*.o *libgcc.a:) .rodata*)
 .rodata.i2c_check_response.str1.4
                0x10008208       0x73 CMakeFiles/main.dir/main.c.obj
 *fill*         0x1000827b        0x1 
 .rodata.transmit_serial.str1.4
                0x1000827c        0xc CMakeFiles/main.dir/main.c.obj
 .rodata.comprobe_connection_task.str1.4
                0x10008288        0x4 CMakeFiles/main.dir/main.c.obj
 .rodata.read_instruct.str1.4
                0x1000828c        0xa CMakeFiles/main.dir/main.c.obj
 *fill*         0x10008296        0x2 
 .rodata.transmit_adc_values.str1.4
                0x10008298        0xa CMakeFiles/main.dir/main.c.obj
                                  0xe (size before relaxing)
 *fill*         0x100082a2        0x2 
 .rodata.app_main_task.str1.4
                0x100082a4        0x2 CMakeFiles/main.dir/main.c.obj
 *fill*         0x100082a6        0x2 
 .rodata.init_dma.str1.4
                0x100082a8       0x80 CMakeFiles/main.dir/main.c.obj
 .rodata.main.str1.4
                0x10008328       0x5a CMakeFiles/main.dir/main.c.obj
 *fill*         0x10008382        0x2 
 .rodata.__func__.3
                0x10008384       0x1c CMakeFiles/main.dir/main.c.obj
 .rodata.__func__.4
                0x100083a0       0x15 CMakeFiles/main.dir/main.c.obj
 *fill*         0x100083b5        0x3 
 .rodata.repeating_timer_callback.str1.4
                0x100083b8       0x5d CMakeFiles/main.dir/C_/Users/JoseCarlos/Desktop/Sistema/pico-sdk/src/common/pico_time/time.c.obj
 *fill*         0x10008415        0x3 
 .rodata.alarm_pool_dump_key.str1.4
                0x10008418       0x33 CMakeFiles/main.dir/C_/Users/JoseCarlos/Desktop/Sistema/pico-sdk/src/common/pico_time/time.c.obj
 *fill*         0x1000844b        0x1 
 .rodata.ph_add_child_node.str1.4
                0x1000844c       0xa6 CMakeFiles/main.dir/C_/Users/JoseCarlos/Desktop/Sistema/pico-sdk/src/common/pico_time/time.c.obj
 *fill*         0x100084f2        0x2 
 .rodata.add_alarm_under_lock.str1.4
                0x100084f4       0x28 CMakeFiles/main.dir/C_/Users/JoseCarlos/Desktop/Sistema/pico-sdk/src/common/pico_time/time.c.obj
                                 0x2b (size before relaxing)
 .rodata.alarm_pool_alarm_callback.str1.4
                0x1000851c       0x82 CMakeFiles/main.dir/C_/Users/JoseCarlos/Desktop/Sistema/pico-sdk/src/common/pico_time/time.c.obj
                                 0xf6 (size before relaxing)
 *fill*         0x1000859e        0x2 
 .rodata.alarm_pool_get_default.str1.4
                0x100085a0       0x21 CMakeFiles/main.dir/C_/Users/JoseCarlos/Desktop/Sistema/pico-sdk/src/common/pico_time/time.c.obj
 *fill*         0x100085c1        0x3 
 .rodata.__func__.0
                0x100085c4       0x19 CMakeFiles/main.dir/C_/Users/JoseCarlos/Desktop/Sistema/pico-sdk/src/common/pico_time/time.c.obj
 *fill*         0x100085dd        0x3 
 .rodata.__func__.10
                0x100085e0       0x15 CMakeFiles/main.dir/C_/Users/JoseCarlos/Desktop/Sistema/pico-sdk/src/common/pico_time/time.c.obj
 *fill*         0x100085f5        0x3 
 .rodata.__func__.11
                0x100085f8       0x1a CMakeFiles/main.dir/C_/Users/JoseCarlos/Desktop/Sistema/pico-sdk/src/common/pico_time/time.c.obj
 *fill*         0x10008612        0x2 
 .rodata.__func__.12
                0x10008614        0xa CMakeFiles/main.dir/C_/Users/JoseCarlos/Desktop/Sistema/pico-sdk/src/common/pico_time/time.c.obj
 *fill*         0x1000861e        0x2 
 .rodata.__func__.3
                0x10008620       0x17 CMakeFiles/main.dir/C_/Users/JoseCarlos/Desktop/Sistema/pico-sdk/src/common/pico_time/time.c.obj
 *fill*         0x10008637        0x1 
 .rodata.__func__.4
                0x10008638       0x12 CMakeFiles/main.dir/C_/Users/JoseCarlos/Desktop/Sistema/pico-sdk/src/common/pico_time/time.c.obj
 *fill*         0x1000864a        0x2 
 .rodata.__func__.5
                0x1000864c        0xd CMakeFiles/main.dir/C_/Users/JoseCarlos/Desktop/Sistema/pico-sdk/src/common/pico_time/time.c.obj
 *fill*         0x10008659        0x3 
 .rodata.__func__.6
                0x1000865c       0x12 CMakeFiles/main.dir/C_/Users/JoseCarlos/Desktop/Sistema/pico-sdk/src/common/pico_time/time.c.obj
 *fill*         0x1000866e        0x2 
 .rodata.__func__.7
                0x10008670        0xf CMakeFiles/main.dir/C_/Users/JoseCarlos/Desktop/Sistema/pico-sdk/src/common/pico_time/time.c.obj
 *fill*         0x1000867f        0x1 
 .rodata.__func__.8
                0x10008680        0xc CMakeFiles/main.dir/C_/Users/JoseCarlos/Desktop/Sistema/pico-sdk/src/common/pico_time/time.c.obj
 .rodata.__func__.9
                0x1000868c       0x15 CMakeFiles/main.dir/C_/Users/JoseCarlos/Desktop/Sistema/pico-sdk/src/common/pico_time/time.c.obj
 *fill*         0x100086a1        0x3 
 .rodata.hardware_alarm_claim.str1.4
                0x100086a4       0x22 CMakeFiles/main.dir/C_/Users/JoseCarlos/Desktop/Sistema/pico-sdk/src/rp2_common/hardware_timer/timer.c.obj
 *fill*         0x100086c6        0x2 
 .rodata.hardware_alarm_set_target.str1.4
                0x100086c8       0x77 CMakeFiles/main.dir/C_/Users/JoseCarlos/Desktop/Sistema/pico-sdk/src/rp2_common/hardware_timer/timer.c.obj
 *fill*         0x1000873f        0x1 
 .rodata.__func__.0
                0x10008740       0x1a CMakeFiles/main.dir/C_/Users/JoseCarlos/Desktop/Sistema/pico-sdk/src/rp2_common/hardware_timer/timer.c.obj
 *fill*         0x1000875a        0x2 
 .rodata.str1.4
                0x1000875c       0x70 CMakeFiles/main.dir/C_/Users/JoseCarlos/Desktop/Sistema/pico-sdk/src/common/pico_sync/mutex.c.obj
                                 0xe4 (size before relaxing)
 .rodata.__func__.0
                0x100087cc        0xb CMakeFiles/main.dir/C_/Users/JoseCarlos/Desktop/Sistema/pico-sdk/src/common/pico_sync/mutex.c.obj
 *fill*         0x100087d7        0x1 
 .rodata.__func__.3
                0x100087d8       0x15 CMakeFiles/main.dir/C_/Users/JoseCarlos/Desktop/Sistema/pico-sdk/src/common/pico_sync/mutex.c.obj
 .rodata.ph_add_child_node.str1.4
                0x100087ed       0xa6 CMakeFiles/main.dir/C_/Users/JoseCarlos/Desktop/Sistema/pico-sdk/src/common/pico_util/pheap.c.obj
 *fill*         0x100087ed        0x3 
 .rodata.ph_remove_any_head.str1.4
                0x100087f0       0xa0 CMakeFiles/main.dir/C_/Users/JoseCarlos/Desktop/Sistema/pico-sdk/src/common/pico_util/pheap.c.obj
 .rodata.ph_remove_and_free_node.str1.4
                0x10008890       0x26 CMakeFiles/main.dir/C_/Users/JoseCarlos/Desktop/Sistema/pico-sdk/src/common/pico_util/pheap.c.obj
 *fill*         0x100088b6        0x2 
 .rodata.__func__.0
                0x100088b8       0x18 CMakeFiles/main.dir/C_/Users/JoseCarlos/Desktop/Sistema/pico-sdk/src/common/pico_util/pheap.c.obj
 .rodata.__func__.1
                0x100088d0       0x13 CMakeFiles/main.dir/C_/Users/JoseCarlos/Desktop/Sistema/pico-sdk/src/common/pico_util/pheap.c.obj
 *fill*         0x100088e3        0x1 
 .rodata.__func__.2
                0x100088e4       0x12 CMakeFiles/main.dir/C_/Users/JoseCarlos/Desktop/Sistema/pico-sdk/src/common/pico_util/pheap.c.obj
 *fill*         0x100088f6        0x2 
 .rodata.__func__.3
                0x100088f8        0xc CMakeFiles/main.dir/C_/Users/JoseCarlos/Desktop/Sistema/pico-sdk/src/common/pico_util/pheap.c.obj
 .rodata.__assert_func.str1.4
                0x10008904       0x3f CMakeFiles/main.dir/C_/Users/JoseCarlos/Desktop/Sistema/pico-sdk/src/rp2_common/pico_runtime/runtime.c.obj
                                 0x43 (size before relaxing)
 *fill*         0x10008943        0x1 
 .rodata.panic.str1.4
                0x10008944       0x12 CMakeFiles/main.dir/C_/Users/JoseCarlos/Desktop/Sistema/pico-sdk/src/rp2_common/pico_runtime/runtime.c.obj
 *fill*         0x10008956        0x2 
 .rodata.clock_configure.str1.4
                0x10008958       0x69 CMakeFiles/main.dir/C_/Users/JoseCarlos/Desktop/Sistema/pico-sdk/src/rp2_common/hardware_clocks/clocks.c.obj
 *fill*         0x100089c1        0x3 
 .rodata.__func__.1
                0x100089c4       0x10 CMakeFiles/main.dir/C_/Users/JoseCarlos/Desktop/Sistema/pico-sdk/src/rp2_common/hardware_clocks/clocks.c.obj
 .rodata.pll_init.str1.4
                0x100089d4       0xeb CMakeFiles/main.dir/C_/Users/JoseCarlos/Desktop/Sistema/pico-sdk/src/rp2_common/hardware_pll/pll.c.obj
 *fill*         0x10008abf        0x1 
 .rodata.__func__.0
                0x10008ac0        0x9 CMakeFiles/main.dir/C_/Users/JoseCarlos/Desktop/Sistema/pico-sdk/src/rp2_common/hardware_pll/pll.c.obj
 *fill*         0x10008ac9        0x3 
 .rodata.make_branch.str1.4
                0x10008acc       0x5f CMakeFiles/main.dir/C_/Users/JoseCarlos/Desktop/Sistema/pico-sdk/src/rp2_common/hardware_irq/irq.c.obj
 *fill*         0x10008b2b        0x1 
 .rodata.irq_set_exclusive_handler.str1.4
                0x10008b2c       0x36 CMakeFiles/main.dir/C_/Users/JoseCarlos/Desktop/Sistema/pico-sdk/src/rp2_common/hardware_irq/irq.c.obj
 *fill*         0x10008b62        0x2 
 .rodata.irq_add_shared_handler.str1.4
                0x10008b64       0xd9 CMakeFiles/main.dir/C_/Users/JoseCarlos/Desktop/Sistema/pico-sdk/src/rp2_common/hardware_irq/irq.c.obj
 *fill*         0x10008c3d        0x3 
 .rodata.irq_remove_handler.str1.4
                0x10008c40       0x2a CMakeFiles/main.dir/C_/Users/JoseCarlos/Desktop/Sistema/pico-sdk/src/rp2_common/hardware_irq/irq.c.obj
 *fill*         0x10008c6a        0x2 
 .rodata.irq_add_tail_to_free_list.str1.4
                0x10008c6c       0x32 CMakeFiles/main.dir/C_/Users/JoseCarlos/Desktop/Sistema/pico-sdk/src/rp2_common/hardware_irq/irq.c.obj
                                 0x3a (size before relaxing)
 *fill*         0x10008c9e        0x2 
 .rodata.__func__.0
                0x10008ca0       0x1a CMakeFiles/main.dir/C_/Users/JoseCarlos/Desktop/Sistema/pico-sdk/src/rp2_common/hardware_irq/irq.c.obj
 *fill*         0x10008cba        0x2 
 .rodata.__func__.1
                0x10008cbc       0x17 CMakeFiles/main.dir/C_/Users/JoseCarlos/Desktop/Sistema/pico-sdk/src/rp2_common/hardware_irq/irq.c.obj
 *fill*         0x10008cd3        0x1 
 .rodata.__func__.2
                0x10008cd4       0x13 CMakeFiles/main.dir/C_/Users/JoseCarlos/Desktop/Sistema/pico-sdk/src/rp2_common/hardware_irq/irq.c.obj
 *fill*         0x10008ce7        0x1 
 .rodata.__func__.3
                0x10008ce8        0xc CMakeFiles/main.dir/C_/Users/JoseCarlos/Desktop/Sistema/pico-sdk/src/rp2_common/hardware_irq/irq.c.obj
 .rodata.__func__.4
                0x10008cf4        0xf CMakeFiles/main.dir/C_/Users/JoseCarlos/Desktop/Sistema/pico-sdk/src/rp2_common/hardware_irq/irq.c.obj
 *fill*         0x10008d03        0x1 
 .rodata.__func__.6
                0x10008d04       0x1a CMakeFiles/main.dir/C_/Users/JoseCarlos/Desktop/Sistema/pico-sdk/src/rp2_common/hardware_irq/irq.c.obj
 *fill*         0x10008d1e        0x2 
 .rodata._ftoa.str1.4
                0x10008d20       0x15 CMakeFiles/main.dir/C_/Users/JoseCarlos/Desktop/Sistema/pico-sdk/src/rp2_common/pico_printf/printf.c.obj
 *fill*         0x10008d35        0x3 
 .rodata._vsnprintf
                0x10008d38      0x1e0 CMakeFiles/main.dir/C_/Users/JoseCarlos/Desktop/Sistema/pico-sdk/src/rp2_common/pico_printf/printf.c.obj
 .rodata.pow10.0
                0x10008f18       0x50 CMakeFiles/main.dir/C_/Users/JoseCarlos/Desktop/Sistema/pico-sdk/src/rp2_common/pico_printf/printf.c.obj
 .rodata.__aeabi_double_init.str1.4
                0x10008f68       0xba CMakeFiles/main.dir/C_/Users/JoseCarlos/Desktop/Sistema/pico-sdk/src/rp2_common/pico_double/double_init_rom.c.obj
 *fill*         0x10009022        0x2 
 .rodata.__func__.0
                0x10009024       0x14 CMakeFiles/main.dir/C_/Users/JoseCarlos/Desktop/Sistema/pico-sdk/src/rp2_common/pico_double/double_init_rom.c.obj
 .rodata.__aeabi_float_init.str1.4
                0x10009038       0x8c CMakeFiles/main.dir/C_/Users/JoseCarlos/Desktop/Sistema/pico-sdk/src/rp2_common/pico_float/float_init_rom.c.obj
                                 0x90 (size before relaxing)
 .rodata.__func__.0
                0x100090c4       0x13 CMakeFiles/main.dir/C_/Users/JoseCarlos/Desktop/Sistema/pico-sdk/src/rp2_common/pico_float/float_init_rom.c.obj
 *fill*         0x100090d7        0x1 
 .rodata.str1.4
                0x100090d8       0x3c CMakeFiles/main.dir/C_/Users/JoseCarlos/Desktop/Sistema/pico-sdk/src/rp2_common/pico_standard_link/binary_info.c.obj
 .rodata.__bi_44
                0x10009114        0xc CMakeFiles/main.dir/C_/Users/JoseCarlos/Desktop/Sistema/pico-sdk/src/rp2_common/pico_standard_link/binary_info.c.obj
 .rodata.__bi_75
                0x10009120        0xc CMakeFiles/main.dir/C_/Users/JoseCarlos/Desktop/Sistema/pico-sdk/src/rp2_common/pico_standard_link/binary_info.c.obj
 .rodata.__bi_81
                0x1000912c        0xc CMakeFiles/main.dir/C_/Users/JoseCarlos/Desktop/Sistema/pico-sdk/src/rp2_common/pico_standard_link/binary_info.c.obj
 .rodata.crlf_str.2
                0x10009138        0x2 CMakeFiles/main.dir/C_/Users/JoseCarlos/Desktop/Sistema/pico-sdk/src/rp2_common/pico_stdio/stdio.c.obj
 *fill*         0x1000913a        0x2 
 .rodata.str1.4
                0x1000913c       0x2c CMakeFiles/main.dir/C_/Users/JoseCarlos/Desktop/Sistema/pico-sdk/src/rp2_common/pico_stdio_uart/stdio_uart.c.obj
 .rodata.__bi_28.4
                0x10009168        0xc CMakeFiles/main.dir/C_/Users/JoseCarlos/Desktop/Sistema/pico-sdk/src/rp2_common/pico_stdio_uart/stdio_uart.c.obj
 .rodata.__bi_29.5
                0x10009174        0x8 CMakeFiles/main.dir/C_/Users/JoseCarlos/Desktop/Sistema/pico-sdk/src/rp2_common/pico_stdio_uart/stdio_uart.c.obj
 .rodata.dma_claim_unused_channel.str1.4
                0x1000917c       0x1e CMakeFiles/main.dir/C_/Users/JoseCarlos/Desktop/Sistema/pico-sdk/src/rp2_common/hardware_dma/dma.c.obj
 *fill*         0x1000919a        0x2 
 .rodata.str1.4
                0x1000919c        0x5 libFreeRTOS.a(tasks.c.obj)
 *fill*         0x100091a1        0x3 
 .rodata        0x100091a4       0x28 libFreeRTOS.a(timers.c.obj)
 .rodata.str1.4
                0x100091cc       0x10 libFreeRTOS.a(timers.c.obj)
 .rodata._ctype_
                0x100091dc      0x101 c:/progra~2/gnuarm~1/102020~1/bin/../lib/gcc/arm-none-eabi/10.2.1/../../../../arm-none-eabi/lib/thumb/v6-m/nofp\libg.a(lib_a-ctype_.o)
                0x100091dc                _ctype_
                0x100092e0                . = ALIGN (0x4)
 *fill*         0x100092dd        0x3 
 *(SORT_BY_ALIGNMENT(SORT_BY_NAME(.flashdata*)))
                0x100092e0                . = ALIGN (0x4)

.rel.dyn        0x100092e0        0x0
 .rel.iplt      0x100092e0        0x0 c:/progra~2/gnuarm~1/102020~1/bin/../lib/gcc/arm-none-eabi/10.2.1/thumb/v6-m/nofp/crtbegin.o

.ARM.extab
 *(.ARM.extab* .gnu.linkonce.armextab.*)
                0x100092e0                __exidx_start = .

.ARM.exidx
 *(.ARM.exidx* .gnu.linkonce.armexidx.*)
                0x100092e0                __exidx_end = .
                0x100092e0                . = ALIGN (0x4)
                0x100092e0                __binary_info_start = .

.binary_info    0x100092e0       0x24
 *(.binary_info.keep.*)
 .binary_info.keep.__bi_ptr22
                0x100092e0        0x4 CMakeFiles/main.dir/C_/Users/JoseCarlos/Desktop/Sistema/pico-sdk/src/rp2_common/pico_standard_link/binary_info.c.obj
 .binary_info.keep.__bi_ptr30
                0x100092e4        0x4 CMakeFiles/main.dir/C_/Users/JoseCarlos/Desktop/Sistema/pico-sdk/src/rp2_common/pico_standard_link/binary_info.c.obj
 .binary_info.keep.__bi_ptr38
                0x100092e8        0x4 CMakeFiles/main.dir/C_/Users/JoseCarlos/Desktop/Sistema/pico-sdk/src/rp2_common/pico_standard_link/binary_info.c.obj
 .binary_info.keep.__bi_ptr44
                0x100092ec        0x4 CMakeFiles/main.dir/C_/Users/JoseCarlos/Desktop/Sistema/pico-sdk/src/rp2_common/pico_standard_link/binary_info.c.obj
 .binary_info.keep.__bi_ptr50
                0x100092f0        0x4 CMakeFiles/main.dir/C_/Users/JoseCarlos/Desktop/Sistema/pico-sdk/src/rp2_common/pico_standard_link/binary_info.c.obj
 .binary_info.keep.__bi_ptr75
                0x100092f4        0x4 CMakeFiles/main.dir/C_/Users/JoseCarlos/Desktop/Sistema/pico-sdk/src/rp2_common/pico_standard_link/binary_info.c.obj
 .binary_info.keep.__bi_ptr81
                0x100092f8        0x4 CMakeFiles/main.dir/C_/Users/JoseCarlos/Desktop/Sistema/pico-sdk/src/rp2_common/pico_standard_link/binary_info.c.obj
 *(.binary_info.*)
 .binary_info.__bi_ptr28
                0x100092fc        0x4 CMakeFiles/main.dir/C_/Users/JoseCarlos/Desktop/Sistema/pico-sdk/src/rp2_common/pico_stdio_uart/stdio_uart.c.obj
 .binary_info.__bi_ptr29
                0x10009300        0x4 CMakeFiles/main.dir/C_/Users/JoseCarlos/Desktop/Sistema/pico-sdk/src/rp2_common/pico_stdio_uart/stdio_uart.c.obj
                0x10009304                __binary_info_end = .
                0x10009304                . = ALIGN (0x4)
                0x10009304                __etext = .

.ram_vector_table
                0x20000000       0xc0
 *(.ram_vector_table)
 .ram_vector_table
                0x20000000       0xc0 CMakeFiles/main.dir/C_/Users/JoseCarlos/Desktop/Sistema/pico-sdk/src/rp2_common/pico_runtime/runtime.c.obj
                0x20000000                ram_vector_table

.data           0x200000c0      0x64c load address 0x10009304
                0x200000c0                __data_start__ = .
 *(vtable)
 *(.time_critical*)
 .time_critical.mutex_enter_blocking
                0x200000c0       0x64 CMakeFiles/main.dir/C_/Users/JoseCarlos/Desktop/Sistema/pico-sdk/src/common/pico_sync/mutex.c.obj
                0x200000c0                mutex_enter_blocking
 .time_critical.mutex_try_enter
                0x20000124       0x46 CMakeFiles/main.dir/C_/Users/JoseCarlos/Desktop/Sistema/pico-sdk/src/common/pico_sync/mutex.c.obj
                0x20000124                mutex_try_enter
 *fill*         0x2000016a        0x2 
 .time_critical.mutex_exit
                0x2000016c       0x4c CMakeFiles/main.dir/C_/Users/JoseCarlos/Desktop/Sistema/pico-sdk/src/common/pico_sync/mutex.c.obj
                0x2000016c                mutex_exit
 .time_critical.spi_write_blocking
                0x200001b8       0x3a CMakeFiles/main.dir/C_/Users/JoseCarlos/Desktop/Sistema/pico-sdk/src/rp2_common/hardware_spi/spi.c.obj
                0x200001b8                spi_write_blocking
 *(.text*)
 *fill*         0x200001f2        0x2 
 .text          0x200001f4        0x4 c:/progra~2/gnuarm~1/102020~1/bin/../lib/gcc/arm-none-eabi/10.2.1/thumb/v6-m/nofp\libgcc.a(_dvmd_tls.o)
                0x200001f4                __aeabi_idiv0
                0x200001f4                __aeabi_ldiv0
 .text.__stub   0x200001f8       0x10 linker stubs
                0x20000208                . = ALIGN (0x4)
 *(.rodata*)
                0x20000208                . = ALIGN (0x4)
 *(.data*)
 .data.striped_spin_lock_num
                0x20000208        0x1 CMakeFiles/main.dir/C_/Users/JoseCarlos/Desktop/Sistema/pico-sdk/src/rp2_common/hardware_sync/sync.c.obj
 *fill*         0x20000209        0x3 
 .data.default_alarm_pool
                0x2000020c       0x18 CMakeFiles/main.dir/C_/Users/JoseCarlos/Desktop/Sistema/pico-sdk/src/common/pico_time/time.c.obj
 .data.default_alarm_pool_heap
                0x20000224       0x10 CMakeFiles/main.dir/C_/Users/JoseCarlos/Desktop/Sistema/pico-sdk/src/common/pico_time/time.c.obj
 .data          0x20000234       0x48 CMakeFiles/main.dir/C_/Users/JoseCarlos/Desktop/Sistema/pico-sdk/src/rp2_common/hardware_irq/irq_handler_chain.S.obj
                0x20000234                irq_handler_chain_slots
                0x20000264                irq_handler_chain_first_slot
                0x2000026e                irq_handler_chain_remove_tail
 *fill*         0x2000027c        0x4 
 .data.aeabi_bits_funcs
                0x20000280       0x10 CMakeFiles/main.dir/C_/Users/JoseCarlos/Desktop/Sistema/pico-sdk/src/rp2_common/pico_bit_ops/bit_ops_aeabi.S.obj
                0x20000280                aeabi_bits_funcs
                0x20000290                aeabi_bits_funcs_end
 .data.aeabi_mem_funcs
                0x20000290       0x10 CMakeFiles/main.dir/C_/Users/JoseCarlos/Desktop/Sistema/pico-sdk/src/rp2_common/pico_mem_ops/mem_ops_aeabi.S.obj
                0x20000290                aeabi_mem_funcs
                0x200002a0                aeabi_mem_funcs_end
 .data.stdio_uart
                0x200002a0       0x14 CMakeFiles/main.dir/C_/Users/JoseCarlos/Desktop/Sistema/pico-sdk/src/rp2_common/pico_stdio_uart/stdio_uart.c.obj
                0x200002a0                stdio_uart
 .data.i2c0_inst
                0x200002b4        0x8 CMakeFiles/main.dir/C_/Users/JoseCarlos/Desktop/Sistema/pico-sdk/src/rp2_common/hardware_i2c/i2c.c.obj
                0x200002b4                i2c0_inst
 .data          0x200002bc        0x4 libFreeRTOS.a(tasks.c.obj)
                0x200002bc                uxTopUsedPriority
 .data          0x200002c0        0x4 libFreeRTOS.a(port.c.obj)
 .data._impure_ptr
                0x200002c4        0x4 c:/progra~2/gnuarm~1/102020~1/bin/../lib/gcc/arm-none-eabi/10.2.1/../../../../arm-none-eabi/lib/thumb/v6-m/nofp\libg.a(lib_a-impure.o)
                0x200002c4                _impure_ptr
 .data.impure_data
                0x200002c8      0x428 c:/progra~2/gnuarm~1/102020~1/bin/../lib/gcc/arm-none-eabi/10.2.1/../../../../arm-none-eabi/lib/thumb/v6-m/nofp\libg.a(lib_a-impure.o)
                0x200006f0                . = ALIGN (0x4)
 *(.after_data.*)
                0x200006f0                . = ALIGN (0x4)
                0x200006f0                PROVIDE (__mutex_array_start = .)
 *(SORT_BY_NAME(.mutex_array.*))
 *(.mutex_array)
 .mutex_array   0x200006f0        0x8 CMakeFiles/main.dir/C_/Users/JoseCarlos/Desktop/Sistema/pico-sdk/src/rp2_common/pico_stdio/stdio.c.obj
                0x200006f8                PROVIDE (__mutex_array_end = .)
                0x200006f8                . = ALIGN (0x4)
                0x200006f8                PROVIDE (__preinit_array_start = .)
 *(SORT_BY_NAME(.preinit_array.*))
 .preinit_array.00001
                0x200006f8        0x4 CMakeFiles/main.dir/C_/Users/JoseCarlos/Desktop/Sistema/pico-sdk/src/rp2_common/pico_mem_ops/mem_ops_aeabi.S.obj
 .preinit_array.00010
                0x200006fc        0x4 CMakeFiles/main.dir/C_/Users/JoseCarlos/Desktop/Sistema/pico-sdk/src/rp2_common/pico_bit_ops/bit_ops_aeabi.S.obj
 .preinit_array.00020
                0x20000700        0x4 CMakeFiles/main.dir/C_/Users/JoseCarlos/Desktop/Sistema/pico-sdk/src/rp2_common/pico_double/double_aeabi.S.obj
 .preinit_array.00020
                0x20000704        0x4 CMakeFiles/main.dir/C_/Users/JoseCarlos/Desktop/Sistema/pico-sdk/src/rp2_common/pico_float/float_aeabi.S.obj
 *(.preinit_array)
                0x20000708                PROVIDE (__preinit_array_end = .)
                0x20000708                . = ALIGN (0x4)
                0x20000708                PROVIDE (__init_array_start = .)
 *(SORT_BY_NAME(.init_array.*))
 *(.init_array)
 .init_array    0x20000708        0x4 c:/progra~2/gnuarm~1/102020~1/bin/../lib/gcc/arm-none-eabi/10.2.1/thumb/v6-m/nofp/crtbegin.o
                0x2000070c                PROVIDE (__init_array_end = .)
                0x2000070c                . = ALIGN (0x4)
                [!provide]                PROVIDE (__fini_array_start = .)
 *(SORT_BY_NAME(.fini_array.*))
 *(.fini_array)
                [!provide]                PROVIDE (__fini_array_end = .)
 *(.jcr)
                0x2000070c                . = ALIGN (0x4)
                0x2000070c                __data_end__ = .

.igot.plt       0x2000070c        0x0 load address 0x10009950
 .igot.plt      0x2000070c        0x0 c:/progra~2/gnuarm~1/102020~1/bin/../lib/gcc/arm-none-eabi/10.2.1/thumb/v6-m/nofp/crtbegin.o

.uninitialized_data
                0x2000070c        0x0 load address 0x10009950
                0x2000070c                . = ALIGN (0x4)
 *(.uninitialized_data*)

.scratch_x      0x20040000        0x0 load address 0x10009950
                0x20040000                __scratch_x_start__ = .
 *(.scratch_x.*)
                0x20040000                . = ALIGN (0x4)
                0x20040000                __scratch_x_end__ = .
                0x10009950                __scratch_x_source__ = LOADADDR (.scratch_x)

.scratch_y      0x20041000        0x0 load address 0x10009950
                0x20041000                __scratch_y_start__ = .
 *(.scratch_y.*)
                0x20041000                . = ALIGN (0x4)
                0x20041000                __scratch_y_end__ = .
                0x10009950                __scratch_y_source__ = LOADADDR (.scratch_y)

.bss            0x20000710    0x22314
                0x20000710                . = ALIGN (0x4)
                0x20000710                __bss_start__ = .
 *(SORT_BY_ALIGNMENT(SORT_BY_NAME(.bss*)))
 .bss.default_alarm_pool_entries
                0x20000710      0x100 CMakeFiles/main.dir/C_/Users/JoseCarlos/Desktop/Sistema/pico-sdk/src/common/pico_time/time.c.obj
 .bss.timer     0x20000810       0x18 CMakeFiles/main.dir/main.c.obj
                0x20000810                timer
 .bss           0x20000828       0x1c c:/progra~2/gnuarm~1/102020~1/bin/../lib/gcc/arm-none-eabi/10.2.1/thumb/v6-m/nofp/crtbegin.o
 .bss           0x20000844       0x50 libFreeRTOS.a(queue.c.obj)
                0x20000844                xQueueRegistry
 .bss           0x20000894       0xf0 libFreeRTOS.a(tasks.c.obj)
                0x20000958                pxCurrentTCB
 .bss           0x20000984       0x3c libFreeRTOS.a(timers.c.obj)
 .bss           0x200009c0    0x186c0 libFreeRTOS.a(heap_4.c.obj)
 .bss.adc       0x20019080     0x9538 CMakeFiles/main.dir/main.c.obj
                0x20019080                adc
 .bss.alarm_callbacks
                0x200225b8       0x10 CMakeFiles/main.dir/C_/Users/JoseCarlos/Desktop/Sistema/pico-sdk/src/rp2_common/hardware_timer/timer.c.obj
 .bss.amp_ch1   0x200225c8        0x4 CMakeFiles/main.dir/main.c.obj
                0x200225c8                amp_ch1
 .bss.app_instruction_queue
                0x200225cc        0x4 CMakeFiles/main.dir/main.c.obj
                0x200225cc                app_instruction_queue
 .bss.configured_freq
                0x200225d0       0x28 CMakeFiles/main.dir/C_/Users/JoseCarlos/Desktop/Sistema/pico-sdk/src/rp2_common/hardware_clocks/clocks.c.obj
 .bss.dac_values
                0x200225f8      0x192 CMakeFiles/main.dir/main.c.obj
                0x200225f8                dac_values
 *fill*         0x2002278a        0x2 
 .bss.default_alarm_pool_entry_ids_high
                0x2002278c       0x10 CMakeFiles/main.dir/C_/Users/JoseCarlos/Desktop/Sistema/pico-sdk/src/common/pico_time/time.c.obj
 .bss.default_alarm_pool_heap_nodes
                0x2002279c       0x30 CMakeFiles/main.dir/C_/Users/JoseCarlos/Desktop/Sistema/pico-sdk/src/common/pico_time/time.c.obj
 .bss.dma_ch    0x200227cc        0x4 CMakeFiles/main.dir/main.c.obj
                0x200227cc                dma_ch
 .bss.dma_config
                0x200227d0        0x4 CMakeFiles/main.dir/main.c.obj
                0x200227d0                dma_config
 .bss.drivers   0x200227d4        0x4 CMakeFiles/main.dir/C_/Users/JoseCarlos/Desktop/Sistema/pico-sdk/src/rp2_common/pico_stdio/stdio.c.obj
 .bss.end_probe_semphr
                0x200227d8        0x4 CMakeFiles/main.dir/main.c.obj
                0x200227d8                end_probe_semphr
 .bss.filter    0x200227dc        0x4 CMakeFiles/main.dir/C_/Users/JoseCarlos/Desktop/Sistema/pico-sdk/src/rp2_common/pico_stdio/stdio.c.obj
 .bss.pools     0x200227e0       0x10 CMakeFiles/main.dir/C_/Users/JoseCarlos/Desktop/Sistema/pico-sdk/src/common/pico_time/time.c.obj
 .bss.qt_comprobe_con
                0x200227f0        0x4 CMakeFiles/main.dir/main.c.obj
                0x200227f0                qt_comprobe_con
 .bss.sd_table  0x200227f4      0x100 CMakeFiles/main.dir/C_/Users/JoseCarlos/Desktop/Sistema/pico-sdk/src/rp2_common/pico_double/double_init_rom.c.obj
                0x200227f4                sd_table
 .bss.serial_mutex
                0x200228f4        0x4 CMakeFiles/main.dir/main.c.obj
                0x200228f4                serial_mutex
 .bss.sf_clz_func
                0x200228f8        0x4 CMakeFiles/main.dir/C_/Users/JoseCarlos/Desktop/Sistema/pico-sdk/src/rp2_common/pico_float/float_init_rom.c.obj
                0x200228f8                sf_clz_func
 .bss.sf_table  0x200228fc      0x100 CMakeFiles/main.dir/C_/Users/JoseCarlos/Desktop/Sistema/pico-sdk/src/rp2_common/pico_float/float_init_rom.c.obj
                0x200228fc                sf_table
 .bss.status_queue
                0x200229fc        0x4 CMakeFiles/main.dir/main.c.obj
                0x200229fc                status_queue
 .bss.target_hi
                0x20022a00       0x10 CMakeFiles/main.dir/C_/Users/JoseCarlos/Desktop/Sistema/pico-sdk/src/rp2_common/hardware_timer/timer.c.obj
 .bss.uart_char_to_line_feed
                0x20022a10        0x4 CMakeFiles/main.dir/C_/Users/JoseCarlos/Desktop/Sistema/pico-sdk/src/rp2_common/hardware_uart/uart.c.obj
                0x20022a10                uart_char_to_line_feed
 .bss.uart_instance
                0x20022a14        0x4 CMakeFiles/main.dir/C_/Users/JoseCarlos/Desktop/Sistema/pico-sdk/src/rp2_common/pico_stdio_uart/stdio_uart.c.obj
 .bss._claimed  0x20022a18        0x2 CMakeFiles/main.dir/C_/Users/JoseCarlos/Desktop/Sistema/pico-sdk/src/rp2_common/hardware_dma/dma.c.obj
 .bss.index_dac
                0x20022a1a        0x2 CMakeFiles/main.dir/main.c.obj
                0x20022a1a                index_dac
 .bss.claimed   0x20022a1c        0x1 CMakeFiles/main.dir/C_/Users/JoseCarlos/Desktop/Sistema/pico-sdk/src/rp2_common/hardware_timer/timer.c.obj
 .bss.irq_hander_chain_free_slot_head
                0x20022a1d        0x1 CMakeFiles/main.dir/C_/Users/JoseCarlos/Desktop/Sistema/pico-sdk/src/rp2_common/hardware_irq/irq.c.obj
 .bss.n_samples
                0x20022a1e        0x1 CMakeFiles/main.dir/main.c.obj
                0x20022a1e                n_samples
 .bss.resistor_value
                0x20022a1f        0x1 CMakeFiles/main.dir/main.c.obj
                0x20022a1f                resistor_value
 .bss.timer_callbacks_pending
                0x20022a20        0x1 CMakeFiles/main.dir/C_/Users/JoseCarlos/Desktop/Sistema/pico-sdk/src/rp2_common/hardware_timer/timer.c.obj
 .bss.type      0x20022a21        0x1 CMakeFiles/main.dir/main.c.obj
                0x20022a21                type
 *(COMMON)
                0x20022a24                . = ALIGN (0x4)
 *fill*         0x20022a22        0x2 
                0x20022a24                __bss_end__ = .

.heap           0x20022a24      0x800
                0x20022a24                __end__ = .
                0x20022a24                end = __end__
 *(.heap*)
 .heap          0x20022a24      0x800 CMakeFiles/main.dir/C_/Users/JoseCarlos/Desktop/Sistema/pico-sdk/src/rp2_common/pico_standard_link/crt0.S.obj
                0x20023224                __HeapLimit = .

.stack1_dummy   0x20040000        0x0
 *(.stack1*)

.stack_dummy    0x20041000      0x800
 *(.stack*)
 .stack         0x20041000      0x800 CMakeFiles/main.dir/C_/Users/JoseCarlos/Desktop/Sistema/pico-sdk/src/rp2_common/pico_standard_link/crt0.S.obj

.flash_end      0x10009950        0x0
                0x10009950                __flash_binary_end = .
                0x20040000                __StackLimit = (ORIGIN (RAM) + LENGTH (RAM))
                0x20041000                __StackOneTop = (ORIGIN (SCRATCH_X) + LENGTH (SCRATCH_X))
                0x20042000                __StackTop = (ORIGIN (SCRATCH_Y) + LENGTH (SCRATCH_Y))
                0x20041000                __StackOneBottom = (__StackOneTop - SIZEOF (.stack1_dummy))
                0x20041800                __StackBottom = (__StackTop - SIZEOF (.stack_dummy))
                0x20042000                PROVIDE (__stack = __StackTop)
                0x00000001                ASSERT ((__StackLimit >= __HeapLimit), region RAM overflowed)
                0x00000001                ASSERT (((__binary_info_header_end - __logical_binary_start) <= 0x100), Binary info must be in first 256 bytes of the binary)
LOAD CMakeFiles/main.dir/main.c.obj
LOAD CMakeFiles/main.dir/C_/Users/JoseCarlos/Desktop/Sistema/pico-sdk/src/rp2_common/pico_stdlib/stdlib.c.obj
LOAD CMakeFiles/main.dir/C_/Users/JoseCarlos/Desktop/Sistema/pico-sdk/src/rp2_common/hardware_gpio/gpio.c.obj
LOAD CMakeFiles/main.dir/C_/Users/JoseCarlos/Desktop/Sistema/pico-sdk/src/rp2_common/hardware_claim/claim.c.obj
LOAD CMakeFiles/main.dir/C_/Users/JoseCarlos/Desktop/Sistema/pico-sdk/src/rp2_common/hardware_sync/sync.c.obj
LOAD CMakeFiles/main.dir/C_/Users/JoseCarlos/Desktop/Sistema/pico-sdk/src/rp2_common/pico_platform/platform.c.obj
LOAD CMakeFiles/main.dir/C_/Users/JoseCarlos/Desktop/Sistema/pico-sdk/src/rp2_common/hardware_uart/uart.c.obj
LOAD CMakeFiles/main.dir/C_/Users/JoseCarlos/Desktop/Sistema/pico-sdk/src/rp2_common/hardware_divider/divider.S.obj
LOAD CMakeFiles/main.dir/C_/Users/JoseCarlos/Desktop/Sistema/pico-sdk/src/common/pico_time/time.c.obj
LOAD CMakeFiles/main.dir/C_/Users/JoseCarlos/Desktop/Sistema/pico-sdk/src/common/pico_time/timeout_helper.c.obj
LOAD CMakeFiles/main.dir/C_/Users/JoseCarlos/Desktop/Sistema/pico-sdk/src/rp2_common/hardware_timer/timer.c.obj
LOAD CMakeFiles/main.dir/C_/Users/JoseCarlos/Desktop/Sistema/pico-sdk/src/common/pico_sync/sem.c.obj
LOAD CMakeFiles/main.dir/C_/Users/JoseCarlos/Desktop/Sistema/pico-sdk/src/common/pico_sync/lock_core.c.obj
LOAD CMakeFiles/main.dir/C_/Users/JoseCarlos/Desktop/Sistema/pico-sdk/src/common/pico_sync/mutex.c.obj
LOAD CMakeFiles/main.dir/C_/Users/JoseCarlos/Desktop/Sistema/pico-sdk/src/common/pico_sync/critical_section.c.obj
LOAD CMakeFiles/main.dir/C_/Users/JoseCarlos/Desktop/Sistema/pico-sdk/src/common/pico_util/datetime.c.obj
LOAD CMakeFiles/main.dir/C_/Users/JoseCarlos/Desktop/Sistema/pico-sdk/src/common/pico_util/pheap.c.obj
LOAD CMakeFiles/main.dir/C_/Users/JoseCarlos/Desktop/Sistema/pico-sdk/src/common/pico_util/queue.c.obj
LOAD CMakeFiles/main.dir/C_/Users/JoseCarlos/Desktop/Sistema/pico-sdk/src/rp2_common/pico_runtime/runtime.c.obj
LOAD CMakeFiles/main.dir/C_/Users/JoseCarlos/Desktop/Sistema/pico-sdk/src/rp2_common/hardware_clocks/clocks.c.obj
LOAD CMakeFiles/main.dir/C_/Users/JoseCarlos/Desktop/Sistema/pico-sdk/src/rp2_common/hardware_watchdog/watchdog.c.obj
LOAD CMakeFiles/main.dir/C_/Users/JoseCarlos/Desktop/Sistema/pico-sdk/src/rp2_common/hardware_xosc/xosc.c.obj
LOAD CMakeFiles/main.dir/C_/Users/JoseCarlos/Desktop/Sistema/pico-sdk/src/rp2_common/hardware_pll/pll.c.obj
LOAD CMakeFiles/main.dir/C_/Users/JoseCarlos/Desktop/Sistema/pico-sdk/src/rp2_common/hardware_vreg/vreg.c.obj
LOAD CMakeFiles/main.dir/C_/Users/JoseCarlos/Desktop/Sistema/pico-sdk/src/rp2_common/hardware_irq/irq.c.obj
LOAD CMakeFiles/main.dir/C_/Users/JoseCarlos/Desktop/Sistema/pico-sdk/src/rp2_common/hardware_irq/irq_handler_chain.S.obj
LOAD CMakeFiles/main.dir/C_/Users/JoseCarlos/Desktop/Sistema/pico-sdk/src/rp2_common/pico_printf/printf.c.obj
LOAD CMakeFiles/main.dir/C_/Users/JoseCarlos/Desktop/Sistema/pico-sdk/src/rp2_common/pico_bit_ops/bit_ops_aeabi.S.obj
LOAD CMakeFiles/main.dir/C_/Users/JoseCarlos/Desktop/Sistema/pico-sdk/src/rp2_common/pico_bootrom/bootrom.c.obj
LOAD CMakeFiles/main.dir/C_/Users/JoseCarlos/Desktop/Sistema/pico-sdk/src/rp2_common/pico_divider/divider.S.obj
LOAD CMakeFiles/main.dir/C_/Users/JoseCarlos/Desktop/Sistema/pico-sdk/src/rp2_common/pico_double/double_aeabi.S.obj
LOAD CMakeFiles/main.dir/C_/Users/JoseCarlos/Desktop/Sistema/pico-sdk/src/rp2_common/pico_double/double_init_rom.c.obj
LOAD CMakeFiles/main.dir/C_/Users/JoseCarlos/Desktop/Sistema/pico-sdk/src/rp2_common/pico_double/double_math.c.obj
LOAD CMakeFiles/main.dir/C_/Users/JoseCarlos/Desktop/Sistema/pico-sdk/src/rp2_common/pico_double/double_v1_rom_shim.S.obj
LOAD CMakeFiles/main.dir/C_/Users/JoseCarlos/Desktop/Sistema/pico-sdk/src/rp2_common/pico_int64_ops/pico_int64_ops_aeabi.S.obj
LOAD CMakeFiles/main.dir/C_/Users/JoseCarlos/Desktop/Sistema/pico-sdk/src/rp2_common/pico_float/float_aeabi.S.obj
LOAD CMakeFiles/main.dir/C_/Users/JoseCarlos/Desktop/Sistema/pico-sdk/src/rp2_common/pico_float/float_init_rom.c.obj
LOAD CMakeFiles/main.dir/C_/Users/JoseCarlos/Desktop/Sistema/pico-sdk/src/rp2_common/pico_float/float_math.c.obj
LOAD CMakeFiles/main.dir/C_/Users/JoseCarlos/Desktop/Sistema/pico-sdk/src/rp2_common/pico_float/float_v1_rom_shim.S.obj
LOAD CMakeFiles/main.dir/C_/Users/JoseCarlos/Desktop/Sistema/pico-sdk/src/rp2_common/pico_malloc/pico_malloc.c.obj
LOAD CMakeFiles/main.dir/C_/Users/JoseCarlos/Desktop/Sistema/pico-sdk/src/rp2_common/pico_mem_ops/mem_ops_aeabi.S.obj
LOAD CMakeFiles/main.dir/C_/Users/JoseCarlos/Desktop/Sistema/pico-sdk/src/rp2_common/pico_standard_link/crt0.S.obj
LOAD CMakeFiles/main.dir/C_/Users/JoseCarlos/Desktop/Sistema/pico-sdk/src/rp2_common/pico_standard_link/new_delete.cpp.obj
LOAD CMakeFiles/main.dir/C_/Users/JoseCarlos/Desktop/Sistema/pico-sdk/src/rp2_common/pico_standard_link/binary_info.c.obj
LOAD CMakeFiles/main.dir/C_/Users/JoseCarlos/Desktop/Sistema/pico-sdk/src/rp2_common/pico_stdio/stdio.c.obj
LOAD CMakeFiles/main.dir/C_/Users/JoseCarlos/Desktop/Sistema/pico-sdk/src/rp2_common/pico_stdio_uart/stdio_uart.c.obj
LOAD CMakeFiles/main.dir/C_/Users/JoseCarlos/Desktop/Sistema/pico-sdk/src/rp2_common/hardware_i2c/i2c.c.obj
LOAD CMakeFiles/main.dir/C_/Users/JoseCarlos/Desktop/Sistema/pico-sdk/src/rp2_common/hardware_dma/dma.c.obj
LOAD CMakeFiles/main.dir/C_/Users/JoseCarlos/Desktop/Sistema/pico-sdk/src/rp2_common/hardware_adc/adc.c.obj
LOAD CMakeFiles/main.dir/C_/Users/JoseCarlos/Desktop/Sistema/pico-sdk/src/rp2_common/hardware_spi/spi.c.obj
LOAD libFreeRTOS.a
LOAD C:\Users\JOSECA~1\AppData\Local\Temp\ccDoNcbk.o
LOAD c:/progra~2/gnuarm~1/102020~1/bin/../lib/gcc/arm-none-eabi/10.2.1/../../../../arm-none-eabi/lib/thumb/v6-m/nofp\libstdc++.a
LOAD c:/progra~2/gnuarm~1/102020~1/bin/../lib/gcc/arm-none-eabi/10.2.1/../../../../arm-none-eabi/lib/thumb/v6-m/nofp\libm.a
START GROUP
LOAD c:/progra~2/gnuarm~1/102020~1/bin/../lib/gcc/arm-none-eabi/10.2.1/thumb/v6-m/nofp\libgcc.a
LOAD c:/progra~2/gnuarm~1/102020~1/bin/../lib/gcc/arm-none-eabi/10.2.1/../../../../arm-none-eabi/lib/thumb/v6-m/nofp\libg.a
LOAD c:/progra~2/gnuarm~1/102020~1/bin/../lib/gcc/arm-none-eabi/10.2.1/../../../../arm-none-eabi/lib/thumb/v6-m/nofp\libc.a
END GROUP
START GROUP
LOAD c:/progra~2/gnuarm~1/102020~1/bin/../lib/gcc/arm-none-eabi/10.2.1/thumb/v6-m/nofp\libgcc.a
LOAD c:/progra~2/gnuarm~1/102020~1/bin/../lib/gcc/arm-none-eabi/10.2.1/../../../../arm-none-eabi/lib/thumb/v6-m/nofp\libc.a
LOAD c:/progra~2/gnuarm~1/102020~1/bin/../lib/gcc/arm-none-eabi/10.2.1/../../../../arm-none-eabi/lib/thumb/v6-m/nofp\libnosys.a
END GROUP
LOAD c:/progra~2/gnuarm~1/102020~1/bin/../lib/gcc/arm-none-eabi/10.2.1/thumb/v6-m/nofp/crtend.o
LOAD c:/progra~2/gnuarm~1/102020~1/bin/../lib/gcc/arm-none-eabi/10.2.1/thumb/v6-m/nofp/crtn.o
OUTPUT(main.elf elf32-littlearm)
LOAD linker stubs

.ARM.attributes
                0x00000000       0x28
 .ARM.attributes
                0x00000000       0x1e c:/progra~2/gnuarm~1/102020~1/bin/../lib/gcc/arm-none-eabi/10.2.1/thumb/v6-m/nofp/crti.o
 .ARM.attributes
                0x0000001e       0x2c c:/progra~2/gnuarm~1/102020~1/bin/../lib/gcc/arm-none-eabi/10.2.1/thumb/v6-m/nofp/crtbegin.o
 .ARM.attributes
                0x0000004a       0x2c CMakeFiles/main.dir/main.c.obj
 .ARM.attributes
                0x00000076       0x2c CMakeFiles/main.dir/C_/Users/JoseCarlos/Desktop/Sistema/pico-sdk/src/rp2_common/pico_stdlib/stdlib.c.obj
 .ARM.attributes
                0x000000a2       0x2c CMakeFiles/main.dir/C_/Users/JoseCarlos/Desktop/Sistema/pico-sdk/src/rp2_common/hardware_gpio/gpio.c.obj
 .ARM.attributes
                0x000000ce       0x2c CMakeFiles/main.dir/C_/Users/JoseCarlos/Desktop/Sistema/pico-sdk/src/rp2_common/hardware_claim/claim.c.obj
 .ARM.attributes
                0x000000fa       0x2c CMakeFiles/main.dir/C_/Users/JoseCarlos/Desktop/Sistema/pico-sdk/src/rp2_common/hardware_sync/sync.c.obj
 .ARM.attributes
                0x00000126       0x2c CMakeFiles/main.dir/C_/Users/JoseCarlos/Desktop/Sistema/pico-sdk/src/rp2_common/pico_platform/platform.c.obj
 .ARM.attributes
                0x00000152       0x2c CMakeFiles/main.dir/C_/Users/JoseCarlos/Desktop/Sistema/pico-sdk/src/rp2_common/hardware_uart/uart.c.obj
 .ARM.attributes
                0x0000017e       0x2c CMakeFiles/main.dir/C_/Users/JoseCarlos/Desktop/Sistema/pico-sdk/src/common/pico_time/time.c.obj
 .ARM.attributes
                0x000001aa       0x2c CMakeFiles/main.dir/C_/Users/JoseCarlos/Desktop/Sistema/pico-sdk/src/common/pico_time/timeout_helper.c.obj
 .ARM.attributes
                0x000001d6       0x2c CMakeFiles/main.dir/C_/Users/JoseCarlos/Desktop/Sistema/pico-sdk/src/rp2_common/hardware_timer/timer.c.obj
 .ARM.attributes
                0x00000202       0x2c CMakeFiles/main.dir/C_/Users/JoseCarlos/Desktop/Sistema/pico-sdk/src/common/pico_sync/lock_core.c.obj
 .ARM.attributes
                0x0000022e       0x2c CMakeFiles/main.dir/C_/Users/JoseCarlos/Desktop/Sistema/pico-sdk/src/common/pico_sync/mutex.c.obj
 .ARM.attributes
                0x0000025a       0x2c CMakeFiles/main.dir/C_/Users/JoseCarlos/Desktop/Sistema/pico-sdk/src/common/pico_util/pheap.c.obj
 .ARM.attributes
                0x00000286       0x2c CMakeFiles/main.dir/C_/Users/JoseCarlos/Desktop/Sistema/pico-sdk/src/rp2_common/pico_runtime/runtime.c.obj
 .ARM.attributes
                0x000002b2       0x2c CMakeFiles/main.dir/C_/Users/JoseCarlos/Desktop/Sistema/pico-sdk/src/rp2_common/hardware_clocks/clocks.c.obj
 .ARM.attributes
                0x000002de       0x2c CMakeFiles/main.dir/C_/Users/JoseCarlos/Desktop/Sistema/pico-sdk/src/rp2_common/hardware_watchdog/watchdog.c.obj
 .ARM.attributes
                0x0000030a       0x2c CMakeFiles/main.dir/C_/Users/JoseCarlos/Desktop/Sistema/pico-sdk/src/rp2_common/hardware_xosc/xosc.c.obj
 .ARM.attributes
                0x00000336       0x2c CMakeFiles/main.dir/C_/Users/JoseCarlos/Desktop/Sistema/pico-sdk/src/rp2_common/hardware_pll/pll.c.obj
 .ARM.attributes
                0x00000362       0x2c CMakeFiles/main.dir/C_/Users/JoseCarlos/Desktop/Sistema/pico-sdk/src/rp2_common/hardware_irq/irq.c.obj
 .ARM.attributes
                0x0000038e       0x22 CMakeFiles/main.dir/C_/Users/JoseCarlos/Desktop/Sistema/pico-sdk/src/rp2_common/hardware_irq/irq_handler_chain.S.obj
 .ARM.attributes
                0x000003b0       0x2c CMakeFiles/main.dir/C_/Users/JoseCarlos/Desktop/Sistema/pico-sdk/src/rp2_common/pico_printf/printf.c.obj
 .ARM.attributes